Archive member included to satisfy reference by file (symbol)

/home/sjf/Desktop/inav7/inav7.1.2/tools/gcc-arm-none-eabi-10.3-2021.10/bin/../lib/gcc/arm-none-eabi/10.3.1/../../../../arm-none-eabi/lib/thumb/v7e-m+fp/hard/libm.a(lib_a-sf_lrint.o)
                              CMakeFiles/KoT_V1_0_bl.elf.dir/__/__/drivers/timer_impl_stdperiph.c.obj (symbol from plugin) (lrintf)
/home/sjf/Desktop/inav7/inav7.1.2/tools/gcc-arm-none-eabi-10.3-2021.10/bin/../lib/gcc/arm-none-eabi/10.3.1/../../../../arm-none-eabi/lib/thumb/v7e-m+fp/hard/libc_nano.a(lib_a-memset.o)
                              /tmp/KoT_V1_0_bl.elf.4EbCYc.ltrans0.ltrans.o (memset)
/home/sjf/Desktop/inav7/inav7.1.2/tools/gcc-arm-none-eabi-10.3-2021.10/bin/../lib/gcc/arm-none-eabi/10.3.1/thumb/v7e-m+fp/hard/libgcc.a(_popcountsi2.o)
                              /tmp/KoT_V1_0_bl.elf.4EbCYc.ltrans0.ltrans.o (__popcountsi2)

Discarded input sections

 .text          0x0000000000000000       0x14 CMakeFiles/KoT_V1_0_bl.elf.dir/__/__/startup/startup_stm32f40xx.s.obj
 .data          0x0000000000000000        0x0 CMakeFiles/KoT_V1_0_bl.elf.dir/__/__/startup/startup_stm32f40xx.s.obj
 .bss           0x0000000000000000        0x0 CMakeFiles/KoT_V1_0_bl.elf.dir/__/__/startup/startup_stm32f40xx.s.obj
 .group         0x0000000000000000        0xc /tmp/ccPBYNB8.debug.temp.o
 .group         0x0000000000000000        0xc /tmp/ccPBYNB8.debug.temp.o
 .group         0x0000000000000000        0xc /tmp/ccPBYNB8.debug.temp.o
 .group         0x0000000000000000        0xc /tmp/ccPBYNB8.debug.temp.o
 .group         0x0000000000000000        0xc /tmp/ccPBYNB8.debug.temp.o
 .group         0x0000000000000000        0xc /tmp/ccPBYNB8.debug.temp.o
 .group         0x0000000000000000        0xc /tmp/ccPBYNB8.debug.temp.o
 .group         0x0000000000000000        0xc /tmp/ccPBYNB8.debug.temp.o
 .group         0x0000000000000000        0xc /tmp/ccPBYNB8.debug.temp.o
 .group         0x0000000000000000        0xc /tmp/ccPBYNB8.debug.temp.o
 .group         0x0000000000000000        0xc /tmp/ccPBYNB8.debug.temp.o
 .group         0x0000000000000000        0xc /tmp/ccPBYNB8.debug.temp.o
 .group         0x0000000000000000        0xc /tmp/ccPBYNB8.debug.temp.o
 .group         0x0000000000000000        0xc /tmp/ccPBYNB8.debug.temp.o
 .group         0x0000000000000000        0xc /tmp/ccPBYNB8.debug.temp.o
 .group         0x0000000000000000        0xc /tmp/ccPBYNB8.debug.temp.o
 .group         0x0000000000000000        0xc /tmp/ccPBYNB8.debug.temp.o
 .group         0x0000000000000000        0xc /tmp/ccPBYNB8.debug.temp.o
 .group         0x0000000000000000        0xc /tmp/ccPBYNB8.debug.temp.o
 .group         0x0000000000000000        0xc /tmp/ccPBYNB8.debug.temp.o
 .group         0x0000000000000000        0xc /tmp/ccPBYNB8.debug.temp.o
 .group         0x0000000000000000        0xc /tmp/ccPBYNB8.debug.temp.o
 .group         0x0000000000000000        0xc /tmp/ccPBYNB8.debug.temp.o
 .group         0x0000000000000000        0xc /tmp/ccPBYNB8.debug.temp.o
 .group         0x0000000000000000        0xc /tmp/ccPBYNB8.debug.temp.o
 .group         0x0000000000000000        0xc /tmp/ccPBYNB8.debug.temp.o
 .group         0x0000000000000000        0xc /tmp/ccPBYNB8.debug.temp.o
 .group         0x0000000000000000        0xc /tmp/ccPBYNB8.debug.temp.o
 .group         0x0000000000000000        0xc /tmp/ccPBYNB8.debug.temp.o
 .group         0x0000000000000000        0xc /tmp/ccPBYNB8.debug.temp.o
 .group         0x0000000000000000        0xc /tmp/ccPBYNB8.debug.temp.o
 .group         0x0000000000000000        0xc /tmp/ccPBYNB8.debug.temp.o
 .group         0x0000000000000000        0xc /tmp/ccPBYNB8.debug.temp.o
 .group         0x0000000000000000        0xc /tmp/ccPBYNB8.debug.temp.o
 .group         0x0000000000000000        0xc /tmp/ccPBYNB8.debug.temp.o
 .group         0x0000000000000000        0xc /tmp/ccPBYNB8.debug.temp.o
 .group         0x0000000000000000        0xc /tmp/ccPBYNB8.debug.temp.o
 .group         0x0000000000000000        0xc /tmp/ccPBYNB8.debug.temp.o
 .group         0x0000000000000000        0xc /tmp/ccPBYNB8.debug.temp.o
 .group         0x0000000000000000        0xc /tmp/ccPBYNB8.debug.temp.o
 .group         0x0000000000000000        0xc /tmp/ccPBYNB8.debug.temp.o
 .group         0x0000000000000000        0xc /tmp/ccPBYNB8.debug.temp.o
 .group         0x0000000000000000        0xc /tmp/ccPBYNB8.debug.temp.o
 .group         0x0000000000000000        0xc /tmp/ccPBYNB8.debug.temp.o
 .group         0x0000000000000000        0xc /tmp/ccPBYNB8.debug.temp.o
 .group         0x0000000000000000        0xc /tmp/ccPBYNB8.debug.temp.o
 .group         0x0000000000000000        0xc /tmp/ccPBYNB8.debug.temp.o
 .group         0x0000000000000000        0xc /tmp/ccPBYNB8.debug.temp.o
 .group         0x0000000000000000        0xc /tmp/ccPBYNB8.debug.temp.o
 .group         0x0000000000000000        0xc /tmp/ccPBYNB8.debug.temp.o
 .group         0x0000000000000000        0xc /tmp/ccPBYNB8.debug.temp.o
[...]
Memory Configuration

Name             Origin             Length             Attributes
FLASH            0x0000000008000000 0x0000000000008000 xr
FIRMWARE         0x0000000008008000 0x00000000000d8000 xr
FLASH_CONFIG     0x00000000080e0000 0x0000000000020000 r
RAM              0x0000000020000000 0x0000000000020000 xrw
CCM              0x0000000010000000 0x0000000000010000 xrw
BACKUP_SRAM      0x0000000040024000 0x0000000000001000 xrw
MEMORY_B1        0x0000000060000000 0x0000000000000000 xr
*default*        0x0000000000000000 0xffffffffffffffff

Linker script and memory map

LOAD CMakeFiles/KoT_V1_0_bl.elf.dir/__/__/startup/startup_stm32f40xx.s.obj
LOAD CMakeFiles/KoT_V1_0_bl.elf.dir/__/__/drivers/bus_spi.c.obj
LOAD /tmp/KoT_V1_0_bl.elf.4EbCYc.ltrans0.ltrans.o
LOAD /tmp/ccPBYNB8.debug.temp.o
LOAD /tmp/ccmoe8w6.debug.temp.o
LOAD /tmp/ccVYTgt4.debug.temp.o
LOAD /tmp/ccMVqZp2.debug.temp.o
LOAD /tmp/ccVZfpn0.debug.temp.o
LOAD /tmp/ccl0lClY.debug.temp.o
LOAD /tmp/cc7LzJkW.debug.temp.o
LOAD /tmp/ccUQXJkU.debug.temp.o
LOAD /tmp/cccIvzlS.debug.temp.o
LOAD /tmp/ccbJR2mQ.debug.temp.o
LOAD /tmp/ccZxyvpO.debug.temp.o
LOAD /tmp/cc9wdNsM.debug.temp.o
LOAD /tmp/ccpU0UwK.debug.temp.o
LOAD /tmp/ccP7WKBI.debug.temp.o
LOAD /tmp/ccTXPdHG.debug.temp.o
LOAD /tmp/ccHNACNE.debug.temp.o
LOAD /tmp/cclb1HUC.debug.temp.o
LOAD /tmp/ccJF8i2A.debug.temp.o
LOAD /tmp/ccu1Uqaz.debug.temp.o
LOAD /tmp/cc6M03ix.debug.temp.o
LOAD /tmp/ccLW7bsv.debug.temp.o
LOAD /tmp/ccI6fQBt.debug.temp.o
LOAD /tmp/ccEIR0Lr.debug.temp.o
LOAD /tmp/ccEYuOWp.debug.temp.o
LOAD /tmp/cczVfb8n.debug.temp.o
LOAD /tmp/cc8Y4ckm.debug.temp.o
LOAD /tmp/ccMqUPwk.debug.temp.o
LOAD /tmp/ccKGvVJi.debug.temp.o
LOAD /tmp/ccCU2BXg.debug.temp.o
LOAD /tmp/ccaSjKbf.debug.temp.o
LOAD /tmp/cciOZuqd.debug.temp.o
LOAD /tmp/cc9znJFb.debug.temp.o
LOAD /tmp/ccKqQuV9.debug.temp.o
LOAD /tmp/cca0QIb8.debug.temp.o
LOAD /tmp/cccmhrs6.debug.temp.o
LOAD /tmp/ccGKSIJ4.debug.temp.o
LOAD /tmp/ccVWqD12.debug.temp.o
LOAD /tmp/cctNB2j1.debug.temp.o
LOAD /tmp/cceiQVCZ.debug.temp.o
LOAD /tmp/ccUNcoWX.debug.temp.o
LOAD /tmp/ccXwsmgW.debug.temp.o
LOAD /tmp/ccZB02AU.debug.temp.o
LOAD /tmp/ccereoWS.debug.temp.o
LOAD /tmp/ccHOWyiR.debug.temp.o
LOAD /tmp/cccXRgFP.debug.temp.o
LOAD /tmp/cczmTw2N.debug.temp.o
LOAD /tmp/ccieFiqM.debug.temp.o
LOAD /tmp/ccTVTAOK.debug.temp.o
LOAD /tmp/ccqBztdJ.debug.temp.o
LOAD /tmp/cc34lUCH.debug.temp.o
LOAD /tmp/cc3QiX2F.debug.temp.o
LOAD /tmp/ccv1xxtE.debug.temp.o
LOAD /tmp/ccmafJUC.debug.temp.o
LOAD /tmp/ccgAqqmB.debug.temp.o
LOAD /tmp/ccbLCMOz.debug.temp.o
LOAD /tmp/cctTlJhy.debug.temp.o
LOAD /tmp/cc6YNgLw.debug.temp.o
LOAD /tmp/ccKxZnfv.debug.temp.o
LOAD /tmp/cc40CoKt.debug.temp.o
LOAD /tmp/ccKZL5fs.debug.temp.o
LOAD /tmp/ccw68YLq.debug.temp.o
LOAD /tmp/ccNOfuip.debug.temp.o
LOAD /tmp/ccrJ2EPn.debug.temp.o
LOAD /tmp/cc4qYsnm.debug.temp.o
LOAD /tmp/cc1TmYVk.debug.temp.o
LOAD /tmp/ccKDF7uj.debug.temp.o
LOAD /tmp/cc75QS4h.debug.temp.o
LOAD /tmp/ccNiWdFg.debug.temp.o
LOAD /tmp/ccgN47ff.debug.temp.o
LOAD /tmp/ccj7FARd.debug.temp.o
LOAD /tmp/ccjZgCtc.debug.temp.o
LOAD /tmp/cczfaf6a.debug.temp.o
LOAD /tmp/ccM6VnJ9.debug.temp.o
LOAD /tmp/ccwpv5m8.debug.temp.o
LOAD /tmp/ccZ1lm16.debug.temp.o
LOAD /tmp/cc8ankG5.debug.temp.o
LOAD /tmp/ccCVyTl4.debug.temp.o
LOAD /tmp/ccmSq412.debug.temp.o
LOAD CMakeFiles/KoT_V1_0_bl.elf.dir/__/__/drivers/serial_uart.c.obj
LOAD CMakeFiles/KoT_V1_0_bl.elf.dir/__/system_stm32f4xx.c.obj
LOAD CMakeFiles/KoT_V1_0_bl.elf.dir/__/__/config/config_streamer_stm32f4.c.obj
LOAD CMakeFiles/KoT_V1_0_bl.elf.dir/__/__/config/config_streamer_ram.c.obj
LOAD CMakeFiles/KoT_V1_0_bl.elf.dir/__/__/config/config_streamer_extflash.c.obj
LOAD CMakeFiles/KoT_V1_0_bl.elf.dir/__/__/drivers/adc_stm32f4xx.c.obj
LOAD CMakeFiles/KoT_V1_0_bl.elf.dir/__/__/drivers/bus_i2c_stm32f40x.c.obj
LOAD CMakeFiles/KoT_V1_0_bl.elf.dir/__/__/drivers/serial_uart_stm32f4xx.c.obj
LOAD CMakeFiles/KoT_V1_0_bl.elf.dir/__/__/drivers/system_stm32f4xx.c.obj
LOAD CMakeFiles/KoT_V1_0_bl.elf.dir/__/__/drivers/timer.c.obj
LOAD CMakeFiles/KoT_V1_0_bl.elf.dir/__/__/drivers/timer_impl_stdperiph.c.obj
LOAD CMakeFiles/KoT_V1_0_bl.elf.dir/__/__/drivers/timer_stm32f4xx.c.obj
LOAD CMakeFiles/KoT_V1_0_bl.elf.dir/__/__/drivers/uart_inverter.c.obj
LOAD CMakeFiles/KoT_V1_0_bl.elf.dir/__/__/drivers/dma_stm32f4xx.c.obj
LOAD CMakeFiles/KoT_V1_0_bl.elf.dir/__/__/drivers/sdcard/sdmmc_sdio_f4xx.c.obj
LOAD CMakeFiles/KoT_V1_0_bl.elf.dir/__/__/__/__/lib/main/STM32F4/Drivers/STM32F4xx_StdPeriph_Driver/src/misc.c.obj
LOAD CMakeFiles/KoT_V1_0_bl.elf.dir/__/__/__/__/lib/main/STM32F4/Drivers/STM32F4xx_StdPeriph_Driver/src/stm32f4xx_adc.c.obj
LOAD CMakeFiles/KoT_V1_0_bl.elf.dir/__/__/__/__/lib/main/STM32F4/Drivers/STM32F4xx_StdPeriph_Driver/src/stm32f4xx_dac.c.obj
LOAD CMakeFiles/KoT_V1_0_bl.elf.dir/__/__/__/__/lib/main/STM32F4/Drivers/STM32F4xx_StdPeriph_Driver/src/stm32f4xx_dcmi.c.obj
LOAD CMakeFiles/KoT_V1_0_bl.elf.dir/__/__/__/__/lib/main/STM32F4/Drivers/STM32F4xx_StdPeriph_Driver/src/stm32f4xx_dfsdm.c.obj
LOAD CMakeFiles/KoT_V1_0_bl.elf.dir/__/__/__/__/lib/main/STM32F4/Drivers/STM32F4xx_StdPeriph_Driver/src/stm32f4xx_dma.c.obj
LOAD CMakeFiles/KoT_V1_0_bl.elf.dir/__/__/__/__/lib/main/STM32F4/Drivers/STM32F4xx_StdPeriph_Driver/src/stm32f4xx_dma2d.c.obj
LOAD CMakeFiles/KoT_V1_0_bl.elf.dir/__/__/__/__/lib/main/STM32F4/Drivers/STM32F4xx_StdPeriph_Driver/src/stm32f4xx_exti.c.obj
LOAD CMakeFiles/KoT_V1_0_bl.elf.dir/__/__/__/__/lib/main/STM32F4/Drivers/STM32F4xx_StdPeriph_Driver/src/stm32f4xx_flash.c.obj
LOAD CMakeFiles/KoT_V1_0_bl.elf.dir/__/__/__/__/lib/main/STM32F4/Drivers/STM32F4xx_StdPeriph_Driver/src/stm32f4xx_fsmc.c.obj
LOAD CMakeFiles/KoT_V1_0_bl.elf.dir/__/__/__/__/lib/main/STM32F4/Drivers/STM32F4xx_StdPeriph_Driver/src/stm32f4xx_gpio.c.obj
LOAD CMakeFiles/KoT_V1_0_bl.elf.dir/__/__/__/__/lib/main/STM32F4/Drivers/STM32F4xx_StdPeriph_Driver/src/stm32f4xx_i2c.c.obj
LOAD CMakeFiles/KoT_V1_0_bl.elf.dir/__/__/__/__/lib/main/STM32F4/Drivers/STM32F4xx_StdPeriph_Driver/src/stm32f4xx_iwdg.c.obj
LOAD CMakeFiles/KoT_V1_0_bl.elf.dir/__/__/__/__/lib/main/STM32F4/Drivers/STM32F4xx_StdPeriph_Driver/src/stm32f4xx_ltdc.c.obj
LOAD CMakeFiles/KoT_V1_0_bl.elf.dir/__/__/__/__/lib/main/STM32F4/Drivers/STM32F4xx_StdPeriph_Driver/src/stm32f4xx_pwr.c.obj
LOAD CMakeFiles/KoT_V1_0_bl.elf.dir/__/__/__/__/lib/main/STM32F4/Drivers/STM32F4xx_StdPeriph_Driver/src/stm32f4xx_rcc.c.obj
LOAD CMakeFiles/KoT_V1_0_bl.elf.dir/__/__/__/__/lib/main/STM32F4/Drivers/STM32F4xx_StdPeriph_Driver/src/stm32f4xx_rng.c.obj
LOAD CMakeFiles/KoT_V1_0_bl.elf.dir/__/__/__/__/lib/main/STM32F4/Drivers/STM32F4xx_StdPeriph_Driver/src/stm32f4xx_rtc.c.obj
LOAD CMakeFiles/KoT_V1_0_bl.elf.dir/__/__/__/__/lib/main/STM32F4/Drivers/STM32F4xx_StdPeriph_Driver/src/stm32f4xx_sdio.c.obj
LOAD CMakeFiles/KoT_V1_0_bl.elf.dir/__/__/__/__/lib/main/STM32F4/Drivers/STM32F4xx_StdPeriph_Driver/src/stm32f4xx_spi.c.obj
LOAD CMakeFiles/KoT_V1_0_bl.elf.dir/__/__/__/__/lib/main/STM32F4/Drivers/STM32F4xx_StdPeriph_Driver/src/stm32f4xx_syscfg.c.obj
LOAD CMakeFiles/KoT_V1_0_bl.elf.dir/__/__/__/__/lib/main/STM32F4/Drivers/STM32F4xx_StdPeriph_Driver/src/stm32f4xx_tim.c.obj
LOAD CMakeFiles/KoT_V1_0_bl.elf.dir/__/__/__/__/lib/main/STM32F4/Drivers/STM32F4xx_StdPeriph_Driver/src/stm32f4xx_usart.c.obj
LOAD CMakeFiles/KoT_V1_0_bl.elf.dir/__/__/__/__/lib/main/STM32F4/Drivers/STM32F4xx_StdPeriph_Driver/src/stm32f4xx_wwdg.c.obj
LOAD CMakeFiles/KoT_V1_0_bl.elf.dir/target.c.obj
LOAD CMakeFiles/KoT_V1_0_bl.elf.dir/__/__/drivers/serial_usb_vcp.c.obj
LOAD CMakeFiles/KoT_V1_0_bl.elf.dir/__/__/drivers/usb_io.c.obj
LOAD CMakeFiles/KoT_V1_0_bl.elf.dir/__/__/__/__/lib/main/STM32_USB_OTG_Driver/src/usb_core.c.obj
LOAD CMakeFiles/KoT_V1_0_bl.elf.dir/__/__/__/__/lib/main/STM32_USB_OTG_Driver/src/usb_dcd.c.obj
LOAD CMakeFiles/KoT_V1_0_bl.elf.dir/__/__/__/__/lib/main/STM32_USB_OTG_Driver/src/usb_dcd_int.c.obj
LOAD CMakeFiles/KoT_V1_0_bl.elf.dir/__/__/__/__/lib/main/STM32_USB_Device_Library/Core/src/usbd_core.c.obj
LOAD CMakeFiles/KoT_V1_0_bl.elf.dir/__/__/__/__/lib/main/STM32_USB_Device_Library/Core/src/usbd_ioreq.c.obj
LOAD CMakeFiles/KoT_V1_0_bl.elf.dir/__/__/__/__/lib/main/STM32_USB_Device_Library/Core/src/usbd_req.c.obj
LOAD CMakeFiles/KoT_V1_0_bl.elf.dir/__/__/__/__/lib/main/STM32_USB_Device_Library/Class/cdc/src/usbd_cdc_core.c.obj
LOAD CMakeFiles/KoT_V1_0_bl.elf.dir/__/__/__/__/lib/main/STM32_USB_Device_Library/Class/hid/src/usbd_hid_core.c.obj
LOAD CMakeFiles/KoT_V1_0_bl.elf.dir/__/__/__/__/lib/main/STM32_USB_Device_Library/Class/hid_cdc_wrapper/src/usbd_hid_cdc_wrapper.c.obj
LOAD CMakeFiles/KoT_V1_0_bl.elf.dir/__/__/vcpf4/stm32f4xx_it.c.obj
LOAD CMakeFiles/KoT_V1_0_bl.elf.dir/__/__/vcpf4/usb_bsp.c.obj
LOAD CMakeFiles/KoT_V1_0_bl.elf.dir/__/__/vcpf4/usbd_desc.c.obj
LOAD CMakeFiles/KoT_V1_0_bl.elf.dir/__/__/vcpf4/usbd_usr.c.obj
LOAD CMakeFiles/KoT_V1_0_bl.elf.dir/__/__/vcpf4/usbd_cdc_vcp.c.obj
LOAD CMakeFiles/KoT_V1_0_bl.elf.dir/__/__/common/log.c.obj
LOAD CMakeFiles/KoT_V1_0_bl.elf.dir/__/__/common/printf.c.obj
LOAD CMakeFiles/KoT_V1_0_bl.elf.dir/__/__/common/string_light.c.obj
LOAD CMakeFiles/KoT_V1_0_bl.elf.dir/__/__/common/typeconversion.c.obj
LOAD CMakeFiles/KoT_V1_0_bl.elf.dir/__/__/drivers/bus.c.obj
LOAD CMakeFiles/KoT_V1_0_bl.elf.dir/__/__/drivers/bus_busdev_i2c.c.obj
LOAD CMakeFiles/KoT_V1_0_bl.elf.dir/__/__/drivers/bus_busdev_spi.c.obj
LOAD CMakeFiles/KoT_V1_0_bl.elf.dir/__/__/drivers/bus_i2c_soft.c.obj
LOAD CMakeFiles/KoT_V1_0_bl.elf.dir/__/__/drivers/io.c.obj
LOAD CMakeFiles/KoT_V1_0_bl.elf.dir/__/__/drivers/light_led.c.obj
LOAD CMakeFiles/KoT_V1_0_bl.elf.dir/__/__/drivers/persistent.c.obj
LOAD CMakeFiles/KoT_V1_0_bl.elf.dir/__/__/drivers/rcc.c.obj
LOAD CMakeFiles/KoT_V1_0_bl.elf.dir/__/__/drivers/serial.c.obj
LOAD CMakeFiles/KoT_V1_0_bl.elf.dir/__/__/drivers/system.c.obj
LOAD CMakeFiles/KoT_V1_0_bl.elf.dir/__/__/drivers/time.c.obj
LOAD CMakeFiles/KoT_V1_0_bl.elf.dir/__/__/drivers/flash_m25p16.c.obj
LOAD CMakeFiles/KoT_V1_0_bl.elf.dir/__/__/drivers/flash_w25n01g.c.obj
LOAD CMakeFiles/KoT_V1_0_bl.elf.dir/__/__/drivers/flash.c.obj
LOAD CMakeFiles/KoT_V1_0_bl.elf.dir/__/__/fc/firmware_update_common.c.obj
LOAD CMakeFiles/KoT_V1_0_bl.elf.dir/__/common_hardware.c.obj
LOAD CMakeFiles/KoT_V1_0_bl.elf.dir/__/__/__/bl/bl_main.c.obj
LOAD /home/sjf/Desktop/inav7/inav7.1.2/tools/gcc-arm-none-eabi-10.3-2021.10/bin/../lib/gcc/arm-none-eabi/10.3.1/../../../../arm-none-eabi/lib/thumb/v7e-m+fp/hard/libm.a
LOAD /home/sjf/Desktop/inav7/inav7.1.2/tools/gcc-arm-none-eabi-10.3-2021.10/bin/../lib/gcc/arm-none-eabi/10.3.1/../../../../arm-none-eabi/lib/thumb/v7e-m+fp/hard/libc_nano.a
LOAD /home/sjf/Desktop/inav7/inav7.1.2/tools/gcc-arm-none-eabi-10.3-2021.10/bin/../lib/gcc/arm-none-eabi/10.3.1/../../../../arm-none-eabi/lib/thumb/v7e-m+fp/hard/libnosys.a
START GROUP
LOAD /home/sjf/Desktop/inav7/inav7.1.2/tools/gcc-arm-none-eabi-10.3-2021.10/bin/../lib/gcc/arm-none-eabi/10.3.1/thumb/v7e-m+fp/hard/libgcc.a
LOAD /home/sjf/Desktop/inav7/inav7.1.2/tools/gcc-arm-none-eabi-10.3-2021.10/bin/../lib/gcc/arm-none-eabi/10.3.1/../../../../arm-none-eabi/lib/thumb/v7e-m+fp/hard/libg_nano.a
LOAD /home/sjf/Desktop/inav7/inav7.1.2/tools/gcc-arm-none-eabi-10.3-2021.10/bin/../lib/gcc/arm-none-eabi/10.3.1/../../../../arm-none-eabi/lib/thumb/v7e-m+fp/hard/libc_nano.a
END GROUP
START GROUP
LOAD /home/sjf/Desktop/inav7/inav7.1.2/tools/gcc-arm-none-eabi-10.3-2021.10/bin/../lib/gcc/arm-none-eabi/10.3.1/thumb/v7e-m+fp/hard/libgcc.a
LOAD /home/sjf/Desktop/inav7/inav7.1.2/tools/gcc-arm-none-eabi-10.3-2021.10/bin/../lib/gcc/arm-none-eabi/10.3.1/../../../../arm-none-eabi/lib/thumb/v7e-m+fp/hard/libc_nano.a
END GROUP
                0x0000000000000000                _Min_Heap_Size = 0x0
                0x0000000000001800                _Min_Stack_Size = 0x1800
                0x0000000008008000                __firmware_start = ORIGIN (FIRMWARE)
                0x0000000010010000                _estack = (ORIGIN (STACKRAM) + LENGTH (STACKRAM))
                0x00000000080e0000                __config_start = ORIGIN (FLASH_CONFIG)
                0x0000000008100000                __config_end = (ORIGIN (FLASH_CONFIG) + LENGTH (FLASH_CONFIG))

.isr_vector     0x0000000008000000      0x188
                0x0000000008000000                . = ALIGN (0x4)
                0x0000000008000000                PROVIDE (isr_vector_table_base = .)
 *(.isr_vector)
 .isr_vector    0x0000000008000000      0x188 CMakeFiles/KoT_V1_0_bl.elf.dir/__/__/startup/startup_stm32f40xx.s.obj
                0x0000000008000000                g_pfnVectors
                0x0000000008000188                . = ALIGN (0x4)

.text           0x0000000008000188     0x2fd8
                0x0000000008000188                . = ALIGN (0x4)
 *(.text)
 .text          0x0000000008000188     0x29b8 /tmp/KoT_V1_0_bl.elf.4EbCYc.ltrans0.ltrans.o
                0x000000000800201c                SystemInit
                0x0000000008002070                NMI_Handler
                0x0000000008002074                USART1_IRQHandler
                0x0000000008002080                USART2_IRQHandler
                0x000000000800208c                USART3_IRQHandler
                0x0000000008002098                UART4_IRQHandler
                0x00000000080020a4                UART5_IRQHandler
                0x00000000080020b0                TIM1_CC_IRQHandler
                0x00000000080020bc                TIM1_BRK_TIM9_IRQHandler
                0x00000000080020dc                TIM1_UP_TIM10_IRQHandler
                0x00000000080020fc                TIM1_TRG_COM_TIM11_IRQHandler
                0x000000000800211c                TIM2_IRQHandler
                0x0000000008002128                TIM3_IRQHandler
                0x0000000008002134                TIM4_IRQHandler
                0x0000000008002140                TIM5_IRQHandler
                0x000000000800214c                TIM8_CC_IRQHandler
                0x0000000008002158                TIM8_BRK_TIM12_IRQHandler
                0x0000000008002178                TIM8_UP_TIM13_IRQHandler
                0x0000000008002198                TIM8_TRG_COM_TIM14_IRQHandler
                0x00000000080021b8                DMA1_Stream0_IRQHandler
                0x00000000080021cc                DMA1_Stream1_IRQHandler
                0x00000000080021e0                DMA1_Stream2_IRQHandler
                0x00000000080021f4                DMA1_Stream3_IRQHandler
                0x0000000008002208                DMA1_Stream4_IRQHandler
                0x000000000800221c                DMA1_Stream5_IRQHandler
                0x0000000008002230                DMA1_Stream6_IRQHandler
                0x0000000008002244                DMA1_Stream7_IRQHandler
                0x0000000008002258                DMA2_Stream0_IRQHandler
                0x000000000800226c                DMA2_Stream1_IRQHandler
                0x0000000008002280                DMA2_Stream2_IRQHandler
                0x0000000008002294                DMA2_Stream3_IRQHandler
                0x00000000080022a8                DMA2_Stream4_IRQHandler
                0x00000000080022bc                DMA2_Stream5_IRQHandler
                0x00000000080022d0                DMA2_Stream6_IRQHandler
                0x00000000080022e4                DMA2_Stream7_IRQHandler
                0x00000000080022f8                SVC_Handler
                0x00000000080022fc                DebugMon_Handler
                0x0000000008002300                PendSV_Handler
                0x0000000008002304                OTG_FS_WKUP_IRQHandler
                0x0000000008002358                OTG_FS_IRQHandler
                0x0000000008002a44                persistentObjectInit
                0x0000000008002ac8                checkForBootLoaderRequest
                0x0000000008002b0c                SysTick_Handler
 .text          0x0000000008002b40       0x28 /home/sjf/Desktop/inav7/inav7.1.2/tools/gcc-arm-none-eabi-10.3-2021.10/bin/../lib/gcc/arm-none-eabi/10.3.1/thumb/v7e-m+fp/hard/libgcc.a(_popcountsi2.o)
                0x0000000008002b40                __popcountsi2
 *(.text*)
 .text.Reset_Handler
                0x0000000008002b68       0xa0 CMakeFiles/KoT_V1_0_bl.elf.dir/__/__/startup/startup_stm32f40xx.s.obj
                0x0000000008002b68                Reset_Handler
 .text.Default_Handler
                0x0000000008002c08        0x2 CMakeFiles/KoT_V1_0_bl.elf.dir/__/__/startup/startup_stm32f40xx.s.obj
                0x0000000008002c08                RTC_Alarm_IRQHandler
                0x0000000008002c08                HASH_RNG_IRQHandler
                0x0000000008002c08                EXTI2_IRQHandler
                0x0000000008002c08                HardFault_Handler
                0x0000000008002c08                PVD_IRQHandler
                0x0000000008002c08                SDIO_IRQHandler
                0x0000000008002c08                TAMP_STAMP_IRQHandler
                0x0000000008002c08                CAN2_RX1_IRQHandler
                0x0000000008002c08                EXTI3_IRQHandler
                0x0000000008002c08                I2C3_ER_IRQHandler
                0x0000000008002c08                EXTI0_IRQHandler
                0x0000000008002c08                I2C2_EV_IRQHandler
                0x0000000008002c08                CAN1_RX0_IRQHandler
                0x0000000008002c08                FPU_IRQHandler
                0x0000000008002c08                OTG_HS_WKUP_IRQHandler
                0x0000000008002c08                UsageFault_Handler
                0x0000000008002c08                CAN2_SCE_IRQHandler
                0x0000000008002c08                SPI1_IRQHandler
                0x0000000008002c08                TIM6_DAC_IRQHandler
                0x0000000008002c08                DCMI_IRQHandler
                0x0000000008002c08                CAN2_RX0_IRQHandler
                0x0000000008002c08                USART6_IRQHandler
                0x0000000008002c08                CRYP_IRQHandler
                0x0000000008002c08                CAN1_RX1_IRQHandler
                0x0000000008002c08                I2C1_EV_IRQHandler
                0x0000000008002c08                RCC_IRQHandler
                0x0000000008002c08                Default_Handler
                0x0000000008002c08                EXTI15_10_IRQHandler
                0x0000000008002c08                ADC_IRQHandler
                0x0000000008002c08                TIM7_IRQHandler
                0x0000000008002c08                CAN2_TX_IRQHandler
                0x0000000008002c08                I2C3_EV_IRQHandler
                0x0000000008002c08                EXTI9_5_IRQHandler
                0x0000000008002c08                RTC_WKUP_IRQHandler
                0x0000000008002c08                ETH_WKUP_IRQHandler
                0x0000000008002c08                SPI2_IRQHandler
                0x0000000008002c08                OTG_HS_EP1_IN_IRQHandler
                0x0000000008002c08                MemManage_Handler
                0x0000000008002c08                CAN1_TX_IRQHandler
                0x0000000008002c08                EXTI4_IRQHandler
                0x0000000008002c08                FSMC_IRQHandler
                0x0000000008002c08                ETH_IRQHandler
                0x0000000008002c08                OTG_HS_EP1_OUT_IRQHandler
                0x0000000008002c08                WWDG_IRQHandler
                0x0000000008002c08                OTG_HS_IRQHandler
                0x0000000008002c08                EXTI1_IRQHandler
                0x0000000008002c08                I2C2_ER_IRQHandler
                0x0000000008002c08                CAN1_SCE_IRQHandler
                0x0000000008002c08                FLASH_IRQHandler
                0x0000000008002c08                BusFault_Handler
                0x0000000008002c08                SPI3_IRQHandler
                0x0000000008002c08                I2C1_ER_IRQHandler
 *fill*         0x0000000008002c0a        0x2 
 .text.startup  0x0000000008002c0c      0x448 /tmp/KoT_V1_0_bl.elf.4EbCYc.ltrans0.ltrans.o
                0x0000000008002c0c                main
 .text.memset   0x0000000008003054       0x10 /home/sjf/Desktop/inav7/inav7.1.2/tools/gcc-arm-none-eabi-10.3-2021.10/bin/../lib/gcc/arm-none-eabi/10.3.1/../../../../arm-none-eabi/lib/thumb/v7e-m+fp/hard/libc_nano.a(lib_a-memset.o)
                0x0000000008003054                memset
 *(.rodata)
 .rodata        0x0000000008003064       0xfc /tmp/KoT_V1_0_bl.elf.4EbCYc.ltrans0.ltrans.o
 *(.rodata*)
 *(.glue_7)
 .glue_7        0x0000000008003160        0x0 linker stubs
 *(.glue_7t)
 .glue_7t       0x0000000008003160        0x0 linker stubs
 *(.eh_frame)
 *(.init)
 *(.fini)
                0x0000000008003160                . = ALIGN (0x4)
                0x0000000008003160                _etext = .

.vfp11_veneer   0x0000000008003160        0x0
 .vfp11_veneer  0x0000000008003160        0x0 linker stubs

.v4_bx          0x0000000008003160        0x0
 .v4_bx         0x0000000008003160        0x0 linker stubs

.iplt           0x0000000008003160        0x0
 .iplt          0x0000000008003160        0x0 CMakeFiles/KoT_V1_0_bl.elf.dir/__/__/startup/startup_stm32f40xx.s.obj

.ARM.extab
 *(.ARM.extab* .gnu.linkonce.armextab.*)

.ARM            0x0000000008003160        0x0
                0x0000000008003160                __exidx_start = .
 *(.ARM.exidx*)
                0x0000000008003160                __exidx_end = .

.preinit_array  0x0000000008003160        0x0
                [!provide]                        PROVIDE (__preinit_array_start = .)
 *(.preinit_array*)
                [!provide]                        PROVIDE (__preinit_array_end = .)

.init_array     0x0000000008003160        0x0
                [!provide]                        PROVIDE (__init_array_start = .)
 *(SORT_BY_NAME(.init_array.*))
 *(.init_array*)
                [!provide]                        PROVIDE (__init_array_end = .)

.fini_array     0x0000000008003160        0x0
                [!provide]                        PROVIDE (__fini_array_start = .)
 *(.fini_array*)
 *(SORT_BY_NAME(.fini_array.*))
                [!provide]                        PROVIDE (__fini_array_end = .)

.pg_registry    0x0000000008003160       0x14
                [!provide]                        PROVIDE (__pg_registry_start = .)
 *(.pg_registry)
 .pg_registry   0x0000000008003160       0x14 /tmp/KoT_V1_0_bl.elf.4EbCYc.ltrans0.ltrans.o
                0x0000000008003160                logConfig_Registry
 *(SORT_BY_NAME(.pg_registry.*))
                [!provide]                        PROVIDE (__pg_registry_end = .)

.pg_resetdata   0x0000000008003174        0x8
                [!provide]                        PROVIDE (__pg_resetdata_start = .)
 *(.pg_resetdata)
 .pg_resetdata  0x0000000008003174        0x8 /tmp/KoT_V1_0_bl.elf.4EbCYc.ltrans0.ltrans.o
                0x0000000008003174                pgResetTemplate_logConfig
                [!provide]                        PROVIDE (__pg_resetdata_end = .)

.busdev_registry
                0x000000000800317c       0x54
                0x000000000800317c                PROVIDE (__busdev_registry_start = .)
 *(.busdev_registry)
 .busdev_registry
                0x000000000800317c       0x54 /tmp/KoT_V1_0_bl.elf.4EbCYc.ltrans0.ltrans.o
                0x000000000800317c                busdev_mpu6500_registry
                0x0000000008003188                busdev_bmp280_registry
                0x0000000008003194                busdev_qmc5883_registry
                0x00000000080031a0                busdev_max7456_registry
                0x00000000080031ac                busdev_m25p16_registry
                0x00000000080031b8                busdev_ug2864_registry
                0x00000000080031c4                busdev_pcf8574_registry
 *(SORT_BY_NAME(.busdev_registry.*))
                0x00000000080031d0                PROVIDE (__busdev_registry_end = .)
                0x00000000080031d0                _sidata = .

.rel.dyn        0x00000000080031d0        0x0
 .rel.iplt      0x00000000080031d0        0x0 CMakeFiles/KoT_V1_0_bl.elf.dir/__/__/startup/startup_stm32f40xx.s.obj

.data           0x0000000020000000      0xe60 load address 0x00000000080031d0
                0x0000000020000000                . = ALIGN (0x4)
                0x0000000020000000                _sdata = .
 *(.data)
 .data          0x0000000020000000      0xe60 /tmp/KoT_V1_0_bl.elf.4EbCYc.ltrans0.ltrans.o
 *(.data*)
                0x0000000020000e60                . = ALIGN (0x4)
                0x0000000020000e60                _edata = .

.igot.plt       0x0000000020000e60        0x0 load address 0x0000000008004030
 .igot.plt      0x0000000020000e60        0x0 CMakeFiles/KoT_V1_0_bl.elf.dir/__/__/startup/startup_stm32f40xx.s.obj
                0x0000000020000e60                . = ALIGN (0x4)

.bss            0x0000000020000e60      0xa7c load address 0x0000000008004030
                0x0000000020000e60                _sbss = .
                0x0000000020000e60                __bss_start__ = _sbss
 *(.bss)
 .bss           0x0000000020000e60      0xa7c /tmp/KoT_V1_0_bl.elf.4EbCYc.ltrans0.ltrans.o
 *(SORT_BY_ALIGNMENT(.bss*))
 *(COMMON)
                0x00000000200018dc                . = ALIGN (0x4)
                0x00000000200018dc                _ebss = .
                0x00000000200018dc                __bss_end__ = _ebss

.fastram_bss    0x0000000010000000        0x0
                0x0000000010000000                __fastram_bss_start__ = .
 *(.fastram_bss)
 *(SORT_BY_ALIGNMENT(.fastram_bss*))
                0x0000000010000000                . = ALIGN (0x4)
                0x0000000010000000                __fastram_bss_end__ = .
                0x000000001000fff8                _heap_stack_end = ((ORIGIN (STACKRAM) + LENGTH (STACKRAM)) - 0x8)
                0x000000001000e7f8                _heap_stack_begin = ((_heap_stack_end - _Min_Stack_Size) - _Min_Heap_Size)
                0x000000001000e7f8                . = _heap_stack_begin

._user_heap_stack
                0x0000000010000000     0x1800
                0x0000000010000000                . = ALIGN (0x4)
                [!provide]                        PROVIDE (end = .)
                [!provide]                        PROVIDE (_end = .)
                0x0000000010000000                . = (. + _Min_Heap_Size)
                0x0000000010001800                . = (. + _Min_Stack_Size)
 *fill*         0x0000000010000000     0x1800 a5
                0x0000000010001800                . = ALIGN (0x4)

.memory_b1_text
 *(.mb1text)
 *(.mb1text*)
 *(.mb1rodata)
 *(.mb1rodata*)

/DISCARD/
 libc.a(*)
 libm.a(*)
 libgcc.a(*)

.ARM.attributes
                0x0000000000000000       0x35
 *(.ARM.attributes)
 .ARM.attributes
                0x0000000000000000       0x21 CMakeFiles/KoT_V1_0_bl.elf.dir/__/__/startup/startup_stm32f40xx.s.obj
 .ARM.attributes
                0x0000000000000021       0x32 /tmp/KoT_V1_0_bl.elf.4EbCYc.ltrans0.ltrans.o
 .ARM.attributes
                0x0000000000000053       0x34 /home/sjf/Desktop/inav7/inav7.1.2/tools/gcc-arm-none-eabi-10.3-2021.10/bin/../lib/gcc/arm-none-eabi/10.3.1/../../../../arm-none-eabi/lib/thumb/v7e-m+fp/hard/libc_nano.a(lib_a-memset.o)
 .ARM.attributes
                0x0000000000000087       0x34 /home/sjf/Desktop/inav7/inav7.1.2/tools/gcc-arm-none-eabi-10.3-2021.10/bin/../lib/gcc/arm-none-eabi/10.3.1/thumb/v7e-m+fp/hard/libgcc.a(_popcountsi2.o)
OUTPUT(../../../../bin/KoT_V1_0_bl.elf elf32-littlearm)
LOAD linker stubs
LOAD /home/sjf/Desktop/inav7/inav7.1.2/tools/gcc-arm-none-eabi-10.3-2021.10/bin/../lib/gcc/arm-none-eabi/10.3.1/../../../../arm-none-eabi/lib/thumb/v7e-m+fp/hard/libc.a
LOAD /home/sjf/Desktop/inav7/inav7.1.2/tools/gcc-arm-none-eabi-10.3-2021.10/bin/../lib/gcc/arm-none-eabi/10.3.1/../../../../arm-none-eabi/lib/thumb/v7e-m+fp/hard/libm.a
LOAD /home/sjf/Desktop/inav7/inav7.1.2/tools/gcc-arm-none-eabi-10.3-2021.10/bin/../lib/gcc/arm-none-eabi/10.3.1/thumb/v7e-m+fp/hard/libgcc.a

.debug_line     0x0000000000000000    0x189f5
 .debug_line    0x0000000000000000       0xc6 CMakeFiles/KoT_V1_0_bl.elf.dir/__/__/startup/startup_stm32f40xx.s.obj
 .debug_line    0x00000000000000c6     0x56bd /tmp/KoT_V1_0_bl.elf.4EbCYc.ltrans0.ltrans.o
 .debug_line    0x0000000000005783      0x7a2 /tmp/ccPBYNB8.debug.temp.o
 .debug_line    0x0000000000005f25      0x627 /tmp/ccVYTgt4.debug.temp.o
 .debug_line    0x000000000000654c      0x8e7 /tmp/ccUQXJkU.debug.temp.o
 .debug_line    0x0000000000006e33      0x85e /tmp/cccIvzlS.debug.temp.o
 .debug_line    0x0000000000007691      0x887 /tmp/ccbJR2mQ.debug.temp.o
 .debug_line    0x0000000000007f18      0x8fe /tmp/cc9wdNsM.debug.temp.o
 .debug_line    0x0000000000008816      0x87d /tmp/ccpU0UwK.debug.temp.o
 .debug_line    0x0000000000009093      0x88e /tmp/ccTXPdHG.debug.temp.o
 .debug_line    0x0000000000009921      0x61d /tmp/cclb1HUC.debug.temp.o
 .debug_line    0x0000000000009f3e      0x627 /tmp/ccEYuOWp.debug.temp.o
 .debug_line    0x000000000000a565      0x628 /tmp/cczVfb8n.debug.temp.o
 .debug_line    0x000000000000ab8d      0x64e /tmp/ccMqUPwk.debug.temp.o
 .debug_line    0x000000000000b1db      0x639 /tmp/cciOZuqd.debug.temp.o
 .debug_line    0x000000000000b814      0x639 /tmp/cc9znJFb.debug.temp.o
 .debug_line    0x000000000000be4d      0x626 /tmp/cca0QIb8.debug.temp.o
 .debug_line    0x000000000000c473      0x639 /tmp/ccGKSIJ4.debug.temp.o
 .debug_line    0x000000000000caac      0x63b /tmp/cceiQVCZ.debug.temp.o
 .debug_line    0x000000000000d0e7      0x6c8 /tmp/ccHOWyiR.debug.temp.o
 .debug_line    0x000000000000d7af      0x6d4 /tmp/cccXRgFP.debug.temp.o
 .debug_line    0x000000000000de83      0x6dc /tmp/cczmTw2N.debug.temp.o
 .debug_line    0x000000000000e55f      0x787 /tmp/ccieFiqM.debug.temp.o
 .debug_line    0x000000000000ece6      0x75c /tmp/ccTVTAOK.debug.temp.o
 .debug_line    0x000000000000f442      0x777 /tmp/ccqBztdJ.debug.temp.o
 .debug_line    0x000000000000fbb9      0x7e6 /tmp/cc34lUCH.debug.temp.o
 .debug_line    0x000000000001039f      0x788 /tmp/ccmafJUC.debug.temp.o
 .debug_line    0x0000000000010b27      0x964 /tmp/cc6YNgLw.debug.temp.o
 .debug_line    0x000000000001148b      0xa55 /tmp/ccKxZnfv.debug.temp.o
 .debug_line    0x0000000000011ee0      0x8e3 /tmp/ccNOfuip.debug.temp.o
 .debug_line    0x00000000000127c3      0x8c8 /tmp/cc4qYsnm.debug.temp.o
 .debug_line    0x000000000001308b      0x7ba /tmp/ccKDF7uj.debug.temp.o
 .debug_line    0x0000000000013845      0x801 /tmp/cc75QS4h.debug.temp.o
 .debug_line    0x0000000000014046      0x6d4 /tmp/ccNiWdFg.debug.temp.o
 .debug_line    0x000000000001471a      0x7bf /tmp/ccgN47ff.debug.temp.o
 .debug_line    0x0000000000014ed9      0x874 /tmp/ccjZgCtc.debug.temp.o
 .debug_line    0x000000000001574d      0x798 /tmp/cczfaf6a.debug.temp.o
 .debug_line    0x0000000000015ee5      0x83f /tmp/ccM6VnJ9.debug.temp.o
 .debug_line    0x0000000000016724      0x8d9 /tmp/ccZ1lm16.debug.temp.o
 .debug_line    0x0000000000016ffd      0x85a /tmp/cc8ankG5.debug.temp.o
 .debug_line    0x0000000000017857      0x793 /tmp/ccCVyTl4.debug.temp.o
 .debug_line    0x0000000000017fea      0xa0b /tmp/ccmSq412.debug.temp.o

.debug_info     0x0000000000000000    0x233be
 .debug_info    0x0000000000000000       0x22 CMakeFiles/KoT_V1_0_bl.elf.dir/__/__/startup/startup_stm32f40xx.s.obj
 .debug_info    0x0000000000000022     0x7236 /tmp/KoT_V1_0_bl.elf.4EbCYc.ltrans0.ltrans.o
 .debug_info    0x0000000000007258      0x8a5 /tmp/ccPBYNB8.debug.temp.o
                0x0000000000007258                bus_spi.c.cefa4075
 .debug_info    0x0000000000007afd      0x61c /tmp/ccVYTgt4.debug.temp.o
                0x0000000000007afd                system_stm32f4xx.c.f7e87f05
 .debug_info    0x0000000000008119      0xbb1 /tmp/ccUQXJkU.debug.temp.o
                0x0000000000008119                bus_i2c_stm32f40x.c.c931074c
 .debug_info    0x0000000000008cca     0x119e /tmp/cccIvzlS.debug.temp.o
                0x0000000000008cca                serial_uart_stm32f4xx.c.bb7026a3
 .debug_info    0x0000000000009e68      0xb02 /tmp/ccbJR2mQ.debug.temp.o
                0x0000000000009e68                system_stm32f4xx.c.d6460732
 .debug_info    0x000000000000a96a     0x1524 /tmp/cc9wdNsM.debug.temp.o
                0x000000000000a96a                timer_impl_stdperiph.c.0dd8b117
 .debug_info    0x000000000000be8e      0xbf9 /tmp/ccpU0UwK.debug.temp.o
                0x000000000000be8e                timer_stm32f4xx.c.aabb72d7
 .debug_info    0x000000000000ca87      0xbc8 /tmp/ccTXPdHG.debug.temp.o
                0x000000000000ca87                dma_stm32f4xx.c.02dea2b9
 .debug_info    0x000000000000d64f      0x508 /tmp/cclb1HUC.debug.temp.o
                0x000000000000d64f                misc.c.620deeab
 .debug_info    0x000000000000db57      0x2db /tmp/ccEYuOWp.debug.temp.o
                0x000000000000db57                stm32f4xx_exti.c.c60bfd90
 .debug_info    0x000000000000de32      0x742 /tmp/cczVfb8n.debug.temp.o
                0x000000000000de32                stm32f4xx_flash.c.2c6f102d
 .debug_info    0x000000000000e574      0x553 /tmp/ccMqUPwk.debug.temp.o
                0x000000000000e574                stm32f4xx_gpio.c.0e58f37e
 .debug_info    0x000000000000eac7      0x4c2 /tmp/cciOZuqd.debug.temp.o
                0x000000000000eac7                stm32f4xx_pwr.c.598b5498
 .debug_info    0x000000000000ef89      0xbba /tmp/cc9znJFb.debug.temp.o
                0x000000000000ef89                stm32f4xx_rcc.c.56aeee21
 .debug_info    0x000000000000fb43      0xe17 /tmp/cca0QIb8.debug.temp.o
                0x000000000000fb43                stm32f4xx_rtc.c.cb18f271
 .debug_info    0x000000000001095a      0xa02 /tmp/ccGKSIJ4.debug.temp.o
                0x000000000001095a                stm32f4xx_spi.c.e89f4e66
 .debug_info    0x000000000001135c      0x834 /tmp/cceiQVCZ.debug.temp.o
                0x000000000001135c                stm32f4xx_usart.c.7443d822
 .debug_info    0x0000000000011b90     0x2392 /tmp/ccHOWyiR.debug.temp.o
                0x0000000000011b90                usb_core.c.bb49d473
 .debug_info    0x0000000000013f22     0x1024 /tmp/cccXRgFP.debug.temp.o
                0x0000000000013f22                usb_dcd.c.edabe728
 .debug_info    0x0000000000014f46     0x1ed2 /tmp/cczmTw2N.debug.temp.o
                0x0000000000014f46                usb_dcd_int.c.20ac269a
 .debug_info    0x0000000000016e18      0xfe8 /tmp/ccieFiqM.debug.temp.o
                0x0000000000016e18                usbd_core.c.8f5e4809
 .debug_info    0x0000000000017e00      0xd05 /tmp/ccTVTAOK.debug.temp.o
                0x0000000000017e00                usbd_ioreq.c.5186ad8f
 .debug_info    0x0000000000018b05      0xfa8 /tmp/ccqBztdJ.debug.temp.o
                0x0000000000018b05                usbd_req.c.d0914aea
 .debug_info    0x0000000000019aad      0xee7 /tmp/cc34lUCH.debug.temp.o
                0x0000000000019aad                usbd_cdc_core.c.aac522be
 .debug_info    0x000000000001a994      0xb93 /tmp/ccmafJUC.debug.temp.o
                0x000000000001a994                stm32f4xx_it.c.9697b082
 .debug_info    0x000000000001b527      0xfb6 /tmp/cc6YNgLw.debug.temp.o
                0x000000000001b527                usbd_cdc_vcp.c.8d4a7a9c
 .debug_info    0x000000000001c4dd      0xe8a /tmp/ccKxZnfv.debug.temp.o
                0x000000000001c4dd                log.c.56c05cf7
 .debug_info    0x000000000001d367      0xbd2 /tmp/ccNOfuip.debug.temp.o
                0x000000000001d367                bus.c.019b6d50
 .debug_info    0x000000000001df39      0x996 /tmp/cc4qYsnm.debug.temp.o
                0x000000000001df39                bus_busdev_spi.c.c8180822
 .debug_info    0x000000000001e8cf      0x9d6 /tmp/ccKDF7uj.debug.temp.o
                0x000000000001e8cf                io.c.0d1405a7
 .debug_info    0x000000000001f2a5      0x4e4 /tmp/cc75QS4h.debug.temp.o
                0x000000000001f2a5                light_led.c.45253848
 .debug_info    0x000000000001f789      0x346 /tmp/ccNiWdFg.debug.temp.o
                0x000000000001f789                persistent.c.5d467873
 .debug_info    0x000000000001facf      0x3a6 /tmp/ccgN47ff.debug.temp.o
                0x000000000001facf                rcc.c.6042a783
 .debug_info    0x000000000001fe75      0x799 /tmp/ccjZgCtc.debug.temp.o
                0x000000000001fe75                system.c.2805196a
 .debug_info    0x000000000002060e      0x673 /tmp/cczfaf6a.debug.temp.o
                0x000000000002060e                time.c.9e4eb796
 .debug_info    0x0000000000020c81      0xb05 /tmp/ccM6VnJ9.debug.temp.o
                0x0000000000020c81                flash_m25p16.c.57be23e1
 .debug_info    0x0000000000021786      0x89d /tmp/ccZ1lm16.debug.temp.o
                0x0000000000021786                flash.c.b0708099
 .debug_info    0x0000000000022023      0x2d5 /tmp/cc8ankG5.debug.temp.o
                0x0000000000022023                firmware_update_common.c.4758db8d
 .debug_info    0x00000000000222f8      0x7a9 /tmp/ccCVyTl4.debug.temp.o
                0x00000000000222f8                common_hardware.c.1aebc5f5
 .debug_info    0x0000000000022aa1      0x91d /tmp/ccmSq412.debug.temp.o
                0x0000000000022aa1                bl_main.c.2ca525a2

.debug_abbrev   0x0000000000000000     0x4c3c
 .debug_abbrev  0x0000000000000000       0x12 CMakeFiles/KoT_V1_0_bl.elf.dir/__/__/startup/startup_stm32f40xx.s.obj
 .debug_abbrev  0x0000000000000012      0x334 /tmp/KoT_V1_0_bl.elf.4EbCYc.ltrans0.ltrans.o
 .debug_abbrev  0x0000000000000346      0x1fb /tmp/ccPBYNB8.debug.temp.o
 .debug_abbrev  0x0000000000000541      0x130 /tmp/ccVYTgt4.debug.temp.o
 .debug_abbrev  0x0000000000000671      0x245 /tmp/ccUQXJkU.debug.temp.o
 .debug_abbrev  0x00000000000008b6      0x2a9 /tmp/cccIvzlS.debug.temp.o
 .debug_abbrev  0x0000000000000b5f      0x1d8 /tmp/ccbJR2mQ.debug.temp.o
 .debug_abbrev  0x0000000000000d37      0x2ac /tmp/cc9wdNsM.debug.temp.o
 .debug_abbrev  0x0000000000000fe3      0x178 /tmp/ccpU0UwK.debug.temp.o
 .debug_abbrev  0x000000000000115b      0x214 /tmp/ccTXPdHG.debug.temp.o
 .debug_abbrev  0x000000000000136f      0x159 /tmp/cclb1HUC.debug.temp.o
 .debug_abbrev  0x00000000000014c8      0x18c /tmp/ccEYuOWp.debug.temp.o
 .debug_abbrev  0x0000000000001654      0x132 /tmp/cczVfb8n.debug.temp.o
 .debug_abbrev  0x0000000000001786      0x18f /tmp/ccMqUPwk.debug.temp.o
 .debug_abbrev  0x0000000000001915      0x156 /tmp/cciOZuqd.debug.temp.o
 .debug_abbrev  0x0000000000001a6b      0x17f /tmp/cc9znJFb.debug.temp.o
 .debug_abbrev  0x0000000000001bea      0x16c /tmp/cca0QIb8.debug.temp.o
 .debug_abbrev  0x0000000000001d56      0x154 /tmp/ccGKSIJ4.debug.temp.o
 .debug_abbrev  0x0000000000001eaa      0x155 /tmp/cceiQVCZ.debug.temp.o
 .debug_abbrev  0x0000000000001fff      0x2a6 /tmp/ccHOWyiR.debug.temp.o
 .debug_abbrev  0x00000000000022a5      0x237 /tmp/cccXRgFP.debug.temp.o
 .debug_abbrev  0x00000000000024dc      0x256 /tmp/cczmTw2N.debug.temp.o
 .debug_abbrev  0x0000000000002732      0x26c /tmp/ccieFiqM.debug.temp.o
 .debug_abbrev  0x000000000000299e      0x1ad /tmp/ccTVTAOK.debug.temp.o
 .debug_abbrev  0x0000000000002b4b      0x2a6 /tmp/ccqBztdJ.debug.temp.o
 .debug_abbrev  0x0000000000002df1      0x22a /tmp/cc34lUCH.debug.temp.o
 .debug_abbrev  0x000000000000301b      0x160 /tmp/ccmafJUC.debug.temp.o
 .debug_abbrev  0x000000000000317b      0x2d1 /tmp/cc6YNgLw.debug.temp.o
 .debug_abbrev  0x000000000000344c      0x226 /tmp/ccKxZnfv.debug.temp.o
 .debug_abbrev  0x0000000000003672      0x21d /tmp/ccNOfuip.debug.temp.o
 .debug_abbrev  0x000000000000388f      0x1cd /tmp/cc4qYsnm.debug.temp.o
 .debug_abbrev  0x0000000000003a5c      0x221 /tmp/ccKDF7uj.debug.temp.o
 .debug_abbrev  0x0000000000003c7d      0x180 /tmp/cc75QS4h.debug.temp.o
 .debug_abbrev  0x0000000000003dfd      0x138 /tmp/ccNiWdFg.debug.temp.o
 .debug_abbrev  0x0000000000003f35      0x113 /tmp/ccgN47ff.debug.temp.o
 .debug_abbrev  0x0000000000004048      0x1f4 /tmp/ccjZgCtc.debug.temp.o
 .debug_abbrev  0x000000000000423c      0x1a1 /tmp/cczfaf6a.debug.temp.o
 .debug_abbrev  0x00000000000043dd      0x261 /tmp/ccM6VnJ9.debug.temp.o
 .debug_abbrev  0x000000000000463e      0x1da /tmp/ccZ1lm16.debug.temp.o
 .debug_abbrev  0x0000000000004818       0xdb /tmp/cc8ankG5.debug.temp.o
 .debug_abbrev  0x00000000000048f3      0x134 /tmp/ccCVyTl4.debug.temp.o
 .debug_abbrev  0x0000000000004a27      0x215 /tmp/ccmSq412.debug.temp.o

.debug_aranges  0x0000000000000000       0x50
 .debug_aranges
                0x0000000000000000       0x28 CMakeFiles/KoT_V1_0_bl.elf.dir/__/__/startup/startup_stm32f40xx.s.obj
 .debug_aranges
                0x0000000000000028       0x28 /tmp/KoT_V1_0_bl.elf.4EbCYc.ltrans0.ltrans.o

.debug_str      0x0000000000000000    0x978bb
 .debug_str     0x0000000000000000       0x91 CMakeFiles/KoT_V1_0_bl.elf.dir/__/__/startup/startup_stm32f40xx.s.obj
 .debug_str     0x0000000000000091      0x151 /tmp/KoT_V1_0_bl.elf.4EbCYc.ltrans0.ltrans.o
                                        0x1a0 (size before relaxing)
 .debug_str     0x00000000000001e2    0x6c1a3 /tmp/ccPBYNB8.debug.temp.o
                                      0x6c4a1 (size before relaxing)
 .debug_str     0x000000000006c385      0x266 /tmp/ccVYTgt4.debug.temp.o
                                      0x61a7d (size before relaxing)
 .debug_str     0x000000000006c5eb     0x4638 /tmp/ccUQXJkU.debug.temp.o
                                      0x7026b (size before relaxing)
 .debug_str     0x0000000000070c23      0xc3c /tmp/cccIvzlS.debug.temp.o
                                      0x6dd0c (size before relaxing)
 .debug_str     0x000000000007185f     0x1459 /tmp/ccbJR2mQ.debug.temp.o
                                      0x67749 (size before relaxing)
 .debug_str     0x0000000000072cb8     0x23ab /tmp/cc9wdNsM.debug.temp.o
                                      0x7272f (size before relaxing)
 .debug_str     0x0000000000075063      0x17b /tmp/ccpU0UwK.debug.temp.o
                                      0x6efee (size before relaxing)
 .debug_str     0x00000000000751de      0x259 /tmp/ccTXPdHG.debug.temp.o
                                      0x68fd0 (size before relaxing)
 .debug_str     0x0000000000075437      0x1e1 /tmp/cclb1HUC.debug.temp.o
                                      0x61a24 (size before relaxing)
 .debug_str     0x0000000000075618      0x210 /tmp/ccEYuOWp.debug.temp.o
                                      0x6199a (size before relaxing)
 .debug_str     0x0000000000075828      0x4ee /tmp/cczVfb8n.debug.temp.o
                                      0x61cee (size before relaxing)
 .debug_str     0x0000000000075d16      0x1b5 /tmp/ccMqUPwk.debug.temp.o
                                      0x61acc (size before relaxing)
 .debug_str     0x0000000000075ecb      0x589 /tmp/cciOZuqd.debug.temp.o
                                      0x61d8f (size before relaxing)
 .debug_str     0x0000000000076454      0xc94 /tmp/cc9znJFb.debug.temp.o
                                      0x625d9 (size before relaxing)
 .debug_str     0x00000000000770e8      0xbc2 /tmp/cca0QIb8.debug.temp.o
                                      0x623cd (size before relaxing)
 .debug_str     0x0000000000077caa      0x348 /tmp/ccGKSIJ4.debug.temp.o
                                      0x61db5 (size before relaxing)
 .debug_str     0x0000000000077ff2      0x55b /tmp/cceiQVCZ.debug.temp.o
                                      0x61ddf (size before relaxing)
 .debug_str     0x000000000007854d     0x1ede /tmp/ccHOWyiR.debug.temp.o
                                      0x638e3 (size before relaxing)
 .debug_str     0x000000000007a42b      0x1e2 /tmp/cccXRgFP.debug.temp.o
                                      0x62e61 (size before relaxing)
 .debug_str     0x000000000007a60d      0x423 /tmp/cczmTw2N.debug.temp.o
                                      0x63785 (size before relaxing)
 .debug_str     0x000000000007aa30      0x85d /tmp/ccieFiqM.debug.temp.o
                                      0x636d3 (size before relaxing)
 .debug_str     0x000000000007b28d       0xe2 /tmp/ccTVTAOK.debug.temp.o
                                      0x633c8 (size before relaxing)
 .debug_str     0x000000000007b36f      0x270 /tmp/ccqBztdJ.debug.temp.o
                                      0x63613 (size before relaxing)
 .debug_str     0x000000000007b5df      0x43b /tmp/cc34lUCH.debug.temp.o
                                      0x63827 (size before relaxing)
 .debug_str     0x000000000007ba1a       0xbf /tmp/ccmafJUC.debug.temp.o
                                      0x635f8 (size before relaxing)
 .debug_str     0x000000000007bad9      0x268 /tmp/cc6YNgLw.debug.temp.o
                                      0x65e4a (size before relaxing)
 .debug_str     0x000000000007bd41    0x18b03 /tmp/ccKxZnfv.debug.temp.o
                                      0x86752 (size before relaxing)
 .debug_str     0x0000000000094844      0x6ae /tmp/ccNOfuip.debug.temp.o
                                      0x70193 (size before relaxing)
 .debug_str     0x0000000000094ef2      0x14d /tmp/cc4qYsnm.debug.temp.o
                                      0x6fc4d (size before relaxing)
 .debug_str     0x000000000009503f      0x1de /tmp/ccKDF7uj.debug.temp.o
                                      0x6be61 (size before relaxing)
 .debug_str     0x000000000009521d       0x83 /tmp/cc75QS4h.debug.temp.o
                                      0x6c54f (size before relaxing)
 .debug_str     0x00000000000952a0      0x236 /tmp/ccNiWdFg.debug.temp.o
                                      0x62be8 (size before relaxing)
 .debug_str     0x00000000000954d6       0xc7 /tmp/ccgN47ff.debug.temp.o
                                      0x65128 (size before relaxing)
 .debug_str     0x000000000009559d      0x3fc /tmp/ccjZgCtc.debug.temp.o
                                      0x6703c (size before relaxing)
 .debug_str     0x0000000000095999       0xef /tmp/cczfaf6a.debug.temp.o
                                      0x6417b (size before relaxing)
 .debug_str     0x0000000000095a88      0x6d2 /tmp/ccM6VnJ9.debug.temp.o
                                      0x6da4a (size before relaxing)
 .debug_str     0x000000000009615a      0x2f1 /tmp/ccZ1lm16.debug.temp.o
                                      0x6f6d8 (size before relaxing)
 .debug_str     0x000000000009644b      0x5ac /tmp/cc8ankG5.debug.temp.o
                                      0x651dc (size before relaxing)
 .debug_str     0x00000000000969f7      0x27c /tmp/ccCVyTl4.debug.temp.o
                                      0x6c161 (size before relaxing)
 .debug_str     0x0000000000096c73      0xc48 /tmp/ccmSq412.debug.temp.o
                                      0x70ec7 (size before relaxing)

.debug_ranges   0x0000000000000000     0x25b0
 .debug_ranges  0x0000000000000000       0x20 CMakeFiles/KoT_V1_0_bl.elf.dir/__/__/startup/startup_stm32f40xx.s.obj
 .debug_ranges  0x0000000000000020     0x2590 /tmp/KoT_V1_0_bl.elf.4EbCYc.ltrans0.ltrans.o

.debug_loc      0x0000000000000000     0x8455
 .debug_loc     0x0000000000000000     0x8455 /tmp/KoT_V1_0_bl.elf.4EbCYc.ltrans0.ltrans.o

.comment        0x0000000000000000       0x49
 .comment       0x0000000000000000       0x49 /tmp/KoT_V1_0_bl.elf.4EbCYc.ltrans0.ltrans.o
                                         0x4a (size before relaxing)

.debug_frame    0x0000000000000000      0x91c
 .debug_frame   0x0000000000000000      0x8dc /tmp/KoT_V1_0_bl.elf.4EbCYc.ltrans0.ltrans.o
 .debug_frame   0x00000000000008dc       0x20 /home/sjf/Desktop/inav7/inav7.1.2/tools/gcc-arm-none-eabi-10.3-2021.10/bin/../lib/gcc/arm-none-eabi/10.3.1/../../../../arm-none-eabi/lib/thumb/v7e-m+fp/hard/libc_nano.a(lib_a-memset.o)
 .debug_frame   0x00000000000008fc       0x20 /home/sjf/Desktop/inav7/inav7.1.2/tools/gcc-arm-none-eabi-10.3-2021.10/bin/../lib/gcc/arm-none-eabi/10.3.1/thumb/v7e-m+fp/hard/libgcc.a(_popcountsi2.o)

.debug_macro    0x0000000000000000    0x1d748
 .debug_macro   0x0000000000000000      0x282 /tmp/ccPBYNB8.debug.temp.o
 .debug_macro   0x0000000000000282      0xaea /tmp/ccPBYNB8.debug.temp.o
 .debug_macro   0x0000000000000d6c       0x22 /tmp/ccPBYNB8.debug.temp.o
 .debug_macro   0x0000000000000d8e       0x22 /tmp/ccPBYNB8.debug.temp.o
 .debug_macro   0x0000000000000db0       0x8e /tmp/ccPBYNB8.debug.temp.o
 .debug_macro   0x0000000000000e3e       0x51 /tmp/ccPBYNB8.debug.temp.o
 .debug_macro   0x0000000000000e8f      0x103 /tmp/ccPBYNB8.debug.temp.o
 .debug_macro   0x0000000000000f92       0x6a /tmp/ccPBYNB8.debug.temp.o
 .debug_macro   0x0000000000000ffc      0x1df /tmp/ccPBYNB8.debug.temp.o
 .debug_macro   0x00000000000011db       0x5e /tmp/ccPBYNB8.debug.temp.o
 .debug_macro   0x0000000000001239       0x1c /tmp/ccPBYNB8.debug.temp.o
 .debug_macro   0x0000000000001255       0x22 /tmp/ccPBYNB8.debug.temp.o
 .debug_macro   0x0000000000001277       0xd9 /tmp/ccPBYNB8.debug.temp.o
 .debug_macro   0x0000000000001350      0xff5 /tmp/ccPBYNB8.debug.temp.o
 .debug_macro   0x0000000000002345       0xe2 /tmp/ccPBYNB8.debug.temp.o
 .debug_macro   0x0000000000002427     0x9159 /tmp/ccPBYNB8.debug.temp.o
 .debug_macro   0x000000000000b580      0x44f /tmp/ccPBYNB8.debug.temp.o
 .debug_macro   0x000000000000b9cf       0xb2 /tmp/ccPBYNB8.debug.temp.o
 .debug_macro   0x000000000000ba81      0x477 /tmp/ccPBYNB8.debug.temp.o
 .debug_macro   0x000000000000bef8       0xb5 /tmp/ccPBYNB8.debug.temp.o
 .debug_macro   0x000000000000bfad      0x41c /tmp/ccPBYNB8.debug.temp.o
 .debug_macro   0x000000000000c3c9      0x2f5 /tmp/ccPBYNB8.debug.temp.o
 .debug_macro   0x000000000000c6be      0x2ba /tmp/ccPBYNB8.debug.temp.o
 .debug_macro   0x000000000000c978       0x64 /tmp/ccPBYNB8.debug.temp.o
 .debug_macro   0x000000000000c9dc       0xee /tmp/ccPBYNB8.debug.temp.o
 .debug_macro   0x000000000000caca      0x651 /tmp/ccPBYNB8.debug.temp.o
 .debug_macro   0x000000000000d11b      0x59e /tmp/ccPBYNB8.debug.temp.o
 .debug_macro   0x000000000000d6b9      0x342 /tmp/ccPBYNB8.debug.temp.o
 .debug_macro   0x000000000000d9fb      0x36c /tmp/ccPBYNB8.debug.temp.o
 .debug_macro   0x000000000000dd67       0xf7 /tmp/ccPBYNB8.debug.temp.o
 .debug_macro   0x000000000000de5e      0x73b /tmp/ccPBYNB8.debug.temp.o
 .debug_macro   0x000000000000e599      0x223 /tmp/ccPBYNB8.debug.temp.o
 .debug_macro   0x000000000000e7bc       0x34 /tmp/ccPBYNB8.debug.temp.o
 .debug_macro   0x000000000000e7f0       0x82 /tmp/ccPBYNB8.debug.temp.o
 .debug_macro   0x000000000000e872      0x144 /tmp/ccPBYNB8.debug.temp.o
 .debug_macro   0x000000000000e9b6       0xc3 /tmp/ccPBYNB8.debug.temp.o
 .debug_macro   0x000000000000ea79       0x40 /tmp/ccPBYNB8.debug.temp.o
 .debug_macro   0x000000000000eab9      0x3cf /tmp/ccPBYNB8.debug.temp.o
 .debug_macro   0x000000000000ee88      0x188 /tmp/ccPBYNB8.debug.temp.o
 .debug_macro   0x000000000000f010      0x149 /tmp/ccPBYNB8.debug.temp.o
 .debug_macro   0x000000000000f159      0x279 /tmp/ccPBYNB8.debug.temp.o
 .debug_macro   0x000000000000f3d2       0x35 /tmp/ccPBYNB8.debug.temp.o
 .debug_macro   0x000000000000f407       0x16 /tmp/ccPBYNB8.debug.temp.o
 .debug_macro   0x000000000000f41d      0x2e6 /tmp/ccPBYNB8.debug.temp.o
 .debug_macro   0x000000000000f703      0x25a /tmp/ccPBYNB8.debug.temp.o
 .debug_macro   0x000000000000f95d       0x2e /tmp/ccPBYNB8.debug.temp.o
 .debug_macro   0x000000000000f98b       0x10 /tmp/ccPBYNB8.debug.temp.o
 .debug_macro   0x000000000000f99b       0x58 /tmp/ccPBYNB8.debug.temp.o
 .debug_macro   0x000000000000f9f3       0x22 /tmp/ccPBYNB8.debug.temp.o
 .debug_macro   0x000000000000fa15       0x5e /tmp/ccPBYNB8.debug.temp.o
 .debug_macro   0x000000000000fa73      0x16d /tmp/ccPBYNB8.debug.temp.o
 .debug_macro   0x000000000000fbe0       0xbe /tmp/ccPBYNB8.debug.temp.o
 .debug_macro   0x000000000000fc9e       0x4c /tmp/ccPBYNB8.debug.temp.o
 .debug_macro   0x000000000000fcea      0xcc0 /tmp/ccPBYNB8.debug.temp.o
 .debug_macro   0x00000000000109aa       0x10 /tmp/ccPBYNB8.debug.temp.o
 .debug_macro   0x00000000000109ba      0x18a /tmp/ccPBYNB8.debug.temp.o
 .debug_macro   0x0000000000010b44       0x22 /tmp/ccPBYNB8.debug.temp.o
 .debug_macro   0x0000000000010b66      0x211 /tmp/ccVYTgt4.debug.temp.o
 .debug_macro   0x0000000000010d77      0x38b /tmp/ccUQXJkU.debug.temp.o
 .debug_macro   0x0000000000011102       0x16 /tmp/ccUQXJkU.debug.temp.o
 .debug_macro   0x0000000000011118      0x10e /tmp/ccUQXJkU.debug.temp.o
 .debug_macro   0x0000000000011226       0x86 /tmp/ccUQXJkU.debug.temp.o
 .debug_macro   0x00000000000112ac       0x16 /tmp/ccUQXJkU.debug.temp.o
 .debug_macro   0x00000000000112c2       0x29 /tmp/ccUQXJkU.debug.temp.o
 .debug_macro   0x00000000000112eb       0x40 /tmp/ccUQXJkU.debug.temp.o
 .debug_macro   0x000000000001132b       0x40 /tmp/ccUQXJkU.debug.temp.o
 .debug_macro   0x000000000001136b      0x2a1 /tmp/cccIvzlS.debug.temp.o
 .debug_macro   0x000000000001160c      0x335 /tmp/ccbJR2mQ.debug.temp.o
 .debug_macro   0x0000000000011941      0x280 /tmp/ccbJR2mQ.debug.temp.o
 .debug_macro   0x0000000000011bc1      0x369 /tmp/cc9wdNsM.debug.temp.o
 .debug_macro   0x0000000000011f2a       0x16 /tmp/cc9wdNsM.debug.temp.o
 .debug_macro   0x0000000000011f40       0x10 /tmp/cc9wdNsM.debug.temp.o
 .debug_macro   0x0000000000011f50      0x2bb /tmp/ccpU0UwK.debug.temp.o
 .debug_macro   0x000000000001220b      0x331 /tmp/ccTXPdHG.debug.temp.o
 .debug_macro   0x000000000001253c      0x1e5 /tmp/cclb1HUC.debug.temp.o
 .debug_macro   0x0000000000012721       0x7c /tmp/cclb1HUC.debug.temp.o
 .debug_macro   0x000000000001279d      0x1e5 /tmp/ccEYuOWp.debug.temp.o
 .debug_macro   0x0000000000012982       0xaf /tmp/ccEYuOWp.debug.temp.o
 .debug_macro   0x0000000000012a31      0x1e5 /tmp/cczVfb8n.debug.temp.o
 .debug_macro   0x0000000000012c16      0x416 /tmp/cczVfb8n.debug.temp.o
 .debug_macro   0x000000000001302c      0x1e3 /tmp/ccMqUPwk.debug.temp.o
 .debug_macro   0x000000000001320f      0x26a /tmp/cciOZuqd.debug.temp.o
 .debug_macro   0x0000000000013479       0xe8 /tmp/cciOZuqd.debug.temp.o
 .debug_macro   0x0000000000013561      0x2b2 /tmp/cc9znJFb.debug.temp.o
 .debug_macro   0x0000000000013813      0x21f /tmp/cca0QIb8.debug.temp.o
 .debug_macro   0x0000000000013a32      0x598 /tmp/cca0QIb8.debug.temp.o
 .debug_macro   0x0000000000013fca      0x20f /tmp/ccGKSIJ4.debug.temp.o
 .debug_macro   0x00000000000141d9      0x366 /tmp/ccGKSIJ4.debug.temp.o
 .debug_macro   0x000000000001453f      0x1fb /tmp/cceiQVCZ.debug.temp.o
 .debug_macro   0x000000000001473a      0x21d /tmp/cceiQVCZ.debug.temp.o
 .debug_macro   0x0000000000014957      0x213 /tmp/ccHOWyiR.debug.temp.o
 .debug_macro   0x0000000000014b6a       0x63 /tmp/ccHOWyiR.debug.temp.o
 .debug_macro   0x0000000000014bcd      0x21e /tmp/cccXRgFP.debug.temp.o
 .debug_macro   0x0000000000014deb      0x223 /tmp/cczmTw2N.debug.temp.o
 .debug_macro   0x000000000001500e       0x10 /tmp/cczmTw2N.debug.temp.o
 .debug_macro   0x000000000001501e      0x26b /tmp/ccieFiqM.debug.temp.o
 .debug_macro   0x0000000000015289      0x124 /tmp/ccieFiqM.debug.temp.o
 .debug_macro   0x00000000000153ad      0x240 /tmp/ccTVTAOK.debug.temp.o
 .debug_macro   0x00000000000155ed       0x70 /tmp/ccTVTAOK.debug.temp.o
 .debug_macro   0x000000000001565d      0x25d /tmp/ccqBztdJ.debug.temp.o
 .debug_macro   0x00000000000158ba      0x27e /tmp/cc34lUCH.debug.temp.o
 .debug_macro   0x0000000000015b38      0x25f /tmp/ccmafJUC.debug.temp.o
 .debug_macro   0x0000000000015d97      0x2cc /tmp/cc6YNgLw.debug.temp.o
 .debug_macro   0x0000000000016063      0x384 /tmp/ccKxZnfv.debug.temp.o
 .debug_macro   0x00000000000163e7       0x58 /tmp/ccKxZnfv.debug.temp.o
 .debug_macro   0x000000000001643f      0x119 /tmp/ccKxZnfv.debug.temp.o
 .debug_macro   0x0000000000016558      0x1f8 /tmp/ccKxZnfv.debug.temp.o
 .debug_macro   0x0000000000016750       0x1c /tmp/ccKxZnfv.debug.temp.o
 .debug_macro   0x000000000001676c     0x431e /tmp/ccKxZnfv.debug.temp.o
 .debug_macro   0x000000000001aa8a       0x28 /tmp/ccKxZnfv.debug.temp.o
 .debug_macro   0x000000000001aab2       0x10 /tmp/ccKxZnfv.debug.temp.o
 .debug_macro   0x000000000001aac2       0x28 /tmp/ccKxZnfv.debug.temp.o
 .debug_macro   0x000000000001aaea      0x49d /tmp/ccKxZnfv.debug.temp.o
 .debug_macro   0x000000000001af87       0x4c /tmp/ccKxZnfv.debug.temp.o
 .debug_macro   0x000000000001afd3       0x2e /tmp/ccKxZnfv.debug.temp.o
 .debug_macro   0x000000000001b001      0x196 /tmp/ccKxZnfv.debug.temp.o
 .debug_macro   0x000000000001b197      0x38e /tmp/ccNOfuip.debug.temp.o
 .debug_macro   0x000000000001b525      0x35a /tmp/cc4qYsnm.debug.temp.o
 .debug_macro   0x000000000001b87f      0x26f /tmp/ccKDF7uj.debug.temp.o
 .debug_macro   0x000000000001baee      0x285 /tmp/cc75QS4h.debug.temp.o
 .debug_macro   0x000000000001bd73      0x219 /tmp/ccNiWdFg.debug.temp.o
 .debug_macro   0x000000000001bf8c       0x2e /tmp/ccNiWdFg.debug.temp.o
 .debug_macro   0x000000000001bfba      0x254 /tmp/ccgN47ff.debug.temp.o
 .debug_macro   0x000000000001c20e      0x320 /tmp/ccjZgCtc.debug.temp.o
 .debug_macro   0x000000000001c52e       0x16 /tmp/ccjZgCtc.debug.temp.o
 .debug_macro   0x000000000001c544      0x238 /tmp/cczfaf6a.debug.temp.o
 .debug_macro   0x000000000001c77c      0x30e /tmp/ccM6VnJ9.debug.temp.o
 .debug_macro   0x000000000001ca8a      0x35f /tmp/ccZ1lm16.debug.temp.o
 .debug_macro   0x000000000001cde9      0x260 /tmp/cc8ankG5.debug.temp.o
 .debug_macro   0x000000000001d049       0x46 /tmp/cc8ankG5.debug.temp.o
 .debug_macro   0x000000000001d08f       0x82 /tmp/cc8ankG5.debug.temp.o
 .debug_macro   0x000000000001d111      0x29a /tmp/ccCVyTl4.debug.temp.o
 .debug_macro   0x000000000001d3ab      0x39d /tmp/ccmSq412.debug.temp.o

Cross Reference Table

Symbol                                            File
ADC_AnalogWatchdogCmd                             CMakeFiles/KoT_V1_0_bl.elf.dir/__/__/__/__/lib/main/STM32F4/Drivers/STM32F4xx_StdPeriph_Driver/src/stm32f4xx_adc.c.obj (symbol from plugin)
ADC_AnalogWatchdogSingleChannelConfig             CMakeFiles/KoT_V1_0_bl.elf.dir/__/__/__/__/lib/main/STM32F4/Drivers/STM32F4xx_StdPeriph_Driver/src/stm32f4xx_adc.c.obj (symbol from plugin)
ADC_AnalogWatchdogThresholdsConfig                CMakeFiles/KoT_V1_0_bl.elf.dir/__/__/__/__/lib/main/STM32F4/Drivers/STM32F4xx_StdPeriph_Driver/src/stm32f4xx_adc.c.obj (symbol from plugin)
ADC_AutoInjectedConvCmd                           CMakeFiles/KoT_V1_0_bl.elf.dir/__/__/__/__/lib/main/STM32F4/Drivers/STM32F4xx_StdPeriph_Driver/src/stm32f4xx_adc.c.obj (symbol from plugin)
ADC_ClearFlag                                     CMakeFiles/KoT_V1_0_bl.elf.dir/__/__/__/__/lib/main/STM32F4/Drivers/STM32F4xx_StdPeriph_Driver/src/stm32f4xx_adc.c.obj (symbol from plugin)
ADC_ClearITPendingBit                             CMakeFiles/KoT_V1_0_bl.elf.dir/__/__/__/__/lib/main/STM32F4/Drivers/STM32F4xx_StdPeriph_Driver/src/stm32f4xx_adc.c.obj (symbol from plugin)
ADC_Cmd                                           CMakeFiles/KoT_V1_0_bl.elf.dir/__/__/__/__/lib/main/STM32F4/Drivers/STM32F4xx_StdPeriph_Driver/src/stm32f4xx_adc.c.obj (symbol from plugin)
                                                  CMakeFiles/KoT_V1_0_bl.elf.dir/__/__/drivers/adc_stm32f4xx.c.obj (symbol from plugin)
ADC_CommonInit                                    CMakeFiles/KoT_V1_0_bl.elf.dir/__/__/__/__/lib/main/STM32F4/Drivers/STM32F4xx_StdPeriph_Driver/src/stm32f4xx_adc.c.obj (symbol from plugin)
                                                  CMakeFiles/KoT_V1_0_bl.elf.dir/__/__/drivers/adc_stm32f4xx.c.obj (symbol from plugin)
ADC_CommonStructInit                              CMakeFiles/KoT_V1_0_bl.elf.dir/__/__/__/__/lib/main/STM32F4/Drivers/STM32F4xx_StdPeriph_Driver/src/stm32f4xx_adc.c.obj (symbol from plugin)
                                                  CMakeFiles/KoT_V1_0_bl.elf.dir/__/__/drivers/adc_stm32f4xx.c.obj (symbol from plugin)
ADC_ContinuousModeCmd                             CMakeFiles/KoT_V1_0_bl.elf.dir/__/__/__/__/lib/main/STM32F4/Drivers/STM32F4xx_StdPeriph_Driver/src/stm32f4xx_adc.c.obj (symbol from plugin)
ADC_DMACmd                                        CMakeFiles/KoT_V1_0_bl.elf.dir/__/__/__/__/lib/main/STM32F4/Drivers/STM32F4xx_StdPeriph_Driver/src/stm32f4xx_adc.c.obj (symbol from plugin)
                                                  CMakeFiles/KoT_V1_0_bl.elf.dir/__/__/drivers/adc_stm32f4xx.c.obj (symbol from plugin)
ADC_DMARequestAfterLastTransferCmd                CMakeFiles/KoT_V1_0_bl.elf.dir/__/__/__/__/lib/main/STM32F4/Drivers/STM32F4xx_StdPeriph_Driver/src/stm32f4xx_adc.c.obj (symbol from plugin)
                                                  CMakeFiles/KoT_V1_0_bl.elf.dir/__/__/drivers/adc_stm32f4xx.c.obj (symbol from plugin)
ADC_DeInit                                        CMakeFiles/KoT_V1_0_bl.elf.dir/__/__/__/__/lib/main/STM32F4/Drivers/STM32F4xx_StdPeriph_Driver/src/stm32f4xx_adc.c.obj (symbol from plugin)
ADC_DiscModeChannelCountConfig                    CMakeFiles/KoT_V1_0_bl.elf.dir/__/__/__/__/lib/main/STM32F4/Drivers/STM32F4xx_StdPeriph_Driver/src/stm32f4xx_adc.c.obj (symbol from plugin)
ADC_DiscModeCmd                                   CMakeFiles/KoT_V1_0_bl.elf.dir/__/__/__/__/lib/main/STM32F4/Drivers/STM32F4xx_StdPeriph_Driver/src/stm32f4xx_adc.c.obj (symbol from plugin)
ADC_EOCOnEachRegularChannelCmd                    CMakeFiles/KoT_V1_0_bl.elf.dir/__/__/__/__/lib/main/STM32F4/Drivers/STM32F4xx_StdPeriph_Driver/src/stm32f4xx_adc.c.obj (symbol from plugin)
ADC_ExternalTrigInjectedConvConfig                CMakeFiles/KoT_V1_0_bl.elf.dir/__/__/__/__/lib/main/STM32F4/Drivers/STM32F4xx_StdPeriph_Driver/src/stm32f4xx_adc.c.obj (symbol from plugin)
ADC_ExternalTrigInjectedConvEdgeConfig            CMakeFiles/KoT_V1_0_bl.elf.dir/__/__/__/__/lib/main/STM32F4/Drivers/STM32F4xx_StdPeriph_Driver/src/stm32f4xx_adc.c.obj (symbol from plugin)
ADC_GetConversionValue                            CMakeFiles/KoT_V1_0_bl.elf.dir/__/__/__/__/lib/main/STM32F4/Drivers/STM32F4xx_StdPeriph_Driver/src/stm32f4xx_adc.c.obj (symbol from plugin)
ADC_GetFlagStatus                                 CMakeFiles/KoT_V1_0_bl.elf.dir/__/__/__/__/lib/main/STM32F4/Drivers/STM32F4xx_StdPeriph_Driver/src/stm32f4xx_adc.c.obj (symbol from plugin)
ADC_GetITStatus                                   CMakeFiles/KoT_V1_0_bl.elf.dir/__/__/__/__/lib/main/STM32F4/Drivers/STM32F4xx_StdPeriph_Driver/src/stm32f4xx_adc.c.obj (symbol from plugin)
ADC_GetInjectedConversionValue                    CMakeFiles/KoT_V1_0_bl.elf.dir/__/__/__/__/lib/main/STM32F4/Drivers/STM32F4xx_StdPeriph_Driver/src/stm32f4xx_adc.c.obj (symbol from plugin)
ADC_GetMultiModeConversionValue                   CMakeFiles/KoT_V1_0_bl.elf.dir/__/__/__/__/lib/main/STM32F4/Drivers/STM32F4xx_StdPeriph_Driver/src/stm32f4xx_adc.c.obj (symbol from plugin)
ADC_GetSoftwareStartConvStatus                    CMakeFiles/KoT_V1_0_bl.elf.dir/__/__/__/__/lib/main/STM32F4/Drivers/STM32F4xx_StdPeriph_Driver/src/stm32f4xx_adc.c.obj (symbol from plugin)
ADC_GetSoftwareStartInjectedConvCmdStatus         CMakeFiles/KoT_V1_0_bl.elf.dir/__/__/__/__/lib/main/STM32F4/Drivers/STM32F4xx_StdPeriph_Driver/src/stm32f4xx_adc.c.obj (symbol from plugin)
ADC_IRQHandler                                    CMakeFiles/KoT_V1_0_bl.elf.dir/__/__/startup/startup_stm32f40xx.s.obj
ADC_ITConfig                                      CMakeFiles/KoT_V1_0_bl.elf.dir/__/__/__/__/lib/main/STM32F4/Drivers/STM32F4xx_StdPeriph_Driver/src/stm32f4xx_adc.c.obj (symbol from plugin)
ADC_Init                                          CMakeFiles/KoT_V1_0_bl.elf.dir/__/__/__/__/lib/main/STM32F4/Drivers/STM32F4xx_StdPeriph_Driver/src/stm32f4xx_adc.c.obj (symbol from plugin)
                                                  CMakeFiles/KoT_V1_0_bl.elf.dir/__/__/drivers/adc_stm32f4xx.c.obj (symbol from plugin)
ADC_InjectedChannelConfig                         CMakeFiles/KoT_V1_0_bl.elf.dir/__/__/__/__/lib/main/STM32F4/Drivers/STM32F4xx_StdPeriph_Driver/src/stm32f4xx_adc.c.obj (symbol from plugin)
ADC_InjectedDiscModeCmd                           CMakeFiles/KoT_V1_0_bl.elf.dir/__/__/__/__/lib/main/STM32F4/Drivers/STM32F4xx_StdPeriph_Driver/src/stm32f4xx_adc.c.obj (symbol from plugin)
ADC_InjectedSequencerLengthConfig                 CMakeFiles/KoT_V1_0_bl.elf.dir/__/__/__/__/lib/main/STM32F4/Drivers/STM32F4xx_StdPeriph_Driver/src/stm32f4xx_adc.c.obj (symbol from plugin)
ADC_MultiModeDMARequestAfterLastTransferCmd       CMakeFiles/KoT_V1_0_bl.elf.dir/__/__/__/__/lib/main/STM32F4/Drivers/STM32F4xx_StdPeriph_Driver/src/stm32f4xx_adc.c.obj (symbol from plugin)
ADC_RegularChannelConfig                          CMakeFiles/KoT_V1_0_bl.elf.dir/__/__/__/__/lib/main/STM32F4/Drivers/STM32F4xx_StdPeriph_Driver/src/stm32f4xx_adc.c.obj (symbol from plugin)
                                                  CMakeFiles/KoT_V1_0_bl.elf.dir/__/__/drivers/adc_stm32f4xx.c.obj (symbol from plugin)
ADC_SetInjectedOffset                             CMakeFiles/KoT_V1_0_bl.elf.dir/__/__/__/__/lib/main/STM32F4/Drivers/STM32F4xx_StdPeriph_Driver/src/stm32f4xx_adc.c.obj (symbol from plugin)
ADC_SoftwareStartConv                             CMakeFiles/KoT_V1_0_bl.elf.dir/__/__/__/__/lib/main/STM32F4/Drivers/STM32F4xx_StdPeriph_Driver/src/stm32f4xx_adc.c.obj (symbol from plugin)
                                                  CMakeFiles/KoT_V1_0_bl.elf.dir/__/__/drivers/adc_stm32f4xx.c.obj (symbol from plugin)
ADC_SoftwareStartInjectedConv                     CMakeFiles/KoT_V1_0_bl.elf.dir/__/__/__/__/lib/main/STM32F4/Drivers/STM32F4xx_StdPeriph_Driver/src/stm32f4xx_adc.c.obj (symbol from plugin)
ADC_StructInit                                    CMakeFiles/KoT_V1_0_bl.elf.dir/__/__/__/__/lib/main/STM32F4/Drivers/STM32F4xx_StdPeriph_Driver/src/stm32f4xx_adc.c.obj (symbol from plugin)
                                                  CMakeFiles/KoT_V1_0_bl.elf.dir/__/__/drivers/adc_stm32f4xx.c.obj (symbol from plugin)
ADC_TempSensorVrefintCmd                          CMakeFiles/KoT_V1_0_bl.elf.dir/__/__/__/__/lib/main/STM32F4/Drivers/STM32F4xx_StdPeriph_Driver/src/stm32f4xx_adc.c.obj (symbol from plugin)
ADC_VBATCmd                                       CMakeFiles/KoT_V1_0_bl.elf.dir/__/__/__/__/lib/main/STM32F4/Drivers/STM32F4xx_StdPeriph_Driver/src/stm32f4xx_adc.c.obj (symbol from plugin)
AHBPrescTable                                     CMakeFiles/KoT_V1_0_bl.elf.dir/__/system_stm32f4xx.c.obj (symbol from plugin)
APP_Rx_Buffer                                     CMakeFiles/KoT_V1_0_bl.elf.dir/__/__/__/__/lib/main/STM32_USB_Device_Library/Class/cdc/src/usbd_cdc_core.c.obj (symbol from plugin)
                                                  CMakeFiles/KoT_V1_0_bl.elf.dir/__/__/vcpf4/usbd_cdc_vcp.c.obj (symbol from plugin)
APP_Rx_length                                     CMakeFiles/KoT_V1_0_bl.elf.dir/__/__/__/__/lib/main/STM32_USB_Device_Library/Class/cdc/src/usbd_cdc_core.c.obj (symbol from plugin)
APP_Rx_ptr_in                                     CMakeFiles/KoT_V1_0_bl.elf.dir/__/__/__/__/lib/main/STM32_USB_Device_Library/Class/cdc/src/usbd_cdc_core.c.obj (symbol from plugin)
                                                  CMakeFiles/KoT_V1_0_bl.elf.dir/__/__/vcpf4/usbd_cdc_vcp.c.obj (symbol from plugin)
APP_Rx_ptr_out                                    CMakeFiles/KoT_V1_0_bl.elf.dir/__/__/__/__/lib/main/STM32_USB_Device_Library/Class/cdc/src/usbd_cdc_core.c.obj (symbol from plugin)
                                                  CMakeFiles/KoT_V1_0_bl.elf.dir/__/__/vcpf4/usbd_cdc_vcp.c.obj (symbol from plugin)
BusFault_Handler                                  CMakeFiles/KoT_V1_0_bl.elf.dir/__/__/startup/startup_stm32f40xx.s.obj
CAN1_RX0_IRQHandler                               CMakeFiles/KoT_V1_0_bl.elf.dir/__/__/startup/startup_stm32f40xx.s.obj
CAN1_RX1_IRQHandler                               CMakeFiles/KoT_V1_0_bl.elf.dir/__/__/startup/startup_stm32f40xx.s.obj
CAN1_SCE_IRQHandler                               CMakeFiles/KoT_V1_0_bl.elf.dir/__/__/startup/startup_stm32f40xx.s.obj
CAN1_TX_IRQHandler                                CMakeFiles/KoT_V1_0_bl.elf.dir/__/__/startup/startup_stm32f40xx.s.obj
CAN2_RX0_IRQHandler                               CMakeFiles/KoT_V1_0_bl.elf.dir/__/__/startup/startup_stm32f40xx.s.obj
CAN2_RX1_IRQHandler                               CMakeFiles/KoT_V1_0_bl.elf.dir/__/__/startup/startup_stm32f40xx.s.obj
CAN2_SCE_IRQHandler                               CMakeFiles/KoT_V1_0_bl.elf.dir/__/__/startup/startup_stm32f40xx.s.obj
CAN2_TX_IRQHandler                                CMakeFiles/KoT_V1_0_bl.elf.dir/__/__/startup/startup_stm32f40xx.s.obj
CDC_BaudRate                                      CMakeFiles/KoT_V1_0_bl.elf.dir/__/__/vcpf4/usbd_cdc_vcp.c.obj (symbol from plugin)
                                                  CMakeFiles/KoT_V1_0_bl.elf.dir/__/__/drivers/serial_usb_vcp.c.obj (symbol from plugin)
CDC_Receive_BytesAvailable                        CMakeFiles/KoT_V1_0_bl.elf.dir/__/__/vcpf4/usbd_cdc_vcp.c.obj (symbol from plugin)
                                                  CMakeFiles/KoT_V1_0_bl.elf.dir/__/__/drivers/serial_usb_vcp.c.obj (symbol from plugin)
CDC_Receive_DATA                                  CMakeFiles/KoT_V1_0_bl.elf.dir/__/__/vcpf4/usbd_cdc_vcp.c.obj (symbol from plugin)
                                                  CMakeFiles/KoT_V1_0_bl.elf.dir/__/__/drivers/serial_usb_vcp.c.obj (symbol from plugin)
CDC_Send_DATA                                     CMakeFiles/KoT_V1_0_bl.elf.dir/__/__/vcpf4/usbd_cdc_vcp.c.obj (symbol from plugin)
                                                  CMakeFiles/KoT_V1_0_bl.elf.dir/__/__/drivers/serial_usb_vcp.c.obj (symbol from plugin)
CDC_Send_FreeBytes                                CMakeFiles/KoT_V1_0_bl.elf.dir/__/__/vcpf4/usbd_cdc_vcp.c.obj (symbol from plugin)
                                                  CMakeFiles/KoT_V1_0_bl.elf.dir/__/__/drivers/serial_usb_vcp.c.obj (symbol from plugin)
CDC_SetBaudRateCb                                 CMakeFiles/KoT_V1_0_bl.elf.dir/__/__/vcpf4/usbd_cdc_vcp.c.obj (symbol from plugin)
CDC_SetCtrlLineStateCb                            CMakeFiles/KoT_V1_0_bl.elf.dir/__/__/vcpf4/usbd_cdc_vcp.c.obj (symbol from plugin)
CRYP_IRQHandler                                   CMakeFiles/KoT_V1_0_bl.elf.dir/__/__/startup/startup_stm32f40xx.s.obj
CmdBuff                                           CMakeFiles/KoT_V1_0_bl.elf.dir/__/__/__/__/lib/main/STM32_USB_Device_Library/Class/cdc/src/usbd_cdc_core.c.obj (symbol from plugin)
DAC_ClearFlag                                     CMakeFiles/KoT_V1_0_bl.elf.dir/__/__/__/__/lib/main/STM32F4/Drivers/STM32F4xx_StdPeriph_Driver/src/stm32f4xx_dac.c.obj (symbol from plugin)
DAC_ClearITPendingBit                             CMakeFiles/KoT_V1_0_bl.elf.dir/__/__/__/__/lib/main/STM32F4/Drivers/STM32F4xx_StdPeriph_Driver/src/stm32f4xx_dac.c.obj (symbol from plugin)
DAC_Cmd                                           CMakeFiles/KoT_V1_0_bl.elf.dir/__/__/__/__/lib/main/STM32F4/Drivers/STM32F4xx_StdPeriph_Driver/src/stm32f4xx_dac.c.obj (symbol from plugin)
DAC_DMACmd                                        CMakeFiles/KoT_V1_0_bl.elf.dir/__/__/__/__/lib/main/STM32F4/Drivers/STM32F4xx_StdPeriph_Driver/src/stm32f4xx_dac.c.obj (symbol from plugin)
DAC_DeInit                                        CMakeFiles/KoT_V1_0_bl.elf.dir/__/__/__/__/lib/main/STM32F4/Drivers/STM32F4xx_StdPeriph_Driver/src/stm32f4xx_dac.c.obj (symbol from plugin)
DAC_DualSoftwareTriggerCmd                        CMakeFiles/KoT_V1_0_bl.elf.dir/__/__/__/__/lib/main/STM32F4/Drivers/STM32F4xx_StdPeriph_Driver/src/stm32f4xx_dac.c.obj (symbol from plugin)
DAC_GetDataOutputValue                            CMakeFiles/KoT_V1_0_bl.elf.dir/__/__/__/__/lib/main/STM32F4/Drivers/STM32F4xx_StdPeriph_Driver/src/stm32f4xx_dac.c.obj (symbol from plugin)
DAC_GetFlagStatus                                 CMakeFiles/KoT_V1_0_bl.elf.dir/__/__/__/__/lib/main/STM32F4/Drivers/STM32F4xx_StdPeriph_Driver/src/stm32f4xx_dac.c.obj (symbol from plugin)
DAC_GetITStatus                                   CMakeFiles/KoT_V1_0_bl.elf.dir/__/__/__/__/lib/main/STM32F4/Drivers/STM32F4xx_StdPeriph_Driver/src/stm32f4xx_dac.c.obj (symbol from plugin)
DAC_ITConfig                                      CMakeFiles/KoT_V1_0_bl.elf.dir/__/__/__/__/lib/main/STM32F4/Drivers/STM32F4xx_StdPeriph_Driver/src/stm32f4xx_dac.c.obj (symbol from plugin)
DAC_Init                                          CMakeFiles/KoT_V1_0_bl.elf.dir/__/__/__/__/lib/main/STM32F4/Drivers/STM32F4xx_StdPeriph_Driver/src/stm32f4xx_dac.c.obj (symbol from plugin)
DAC_SetChannel1Data                               CMakeFiles/KoT_V1_0_bl.elf.dir/__/__/__/__/lib/main/STM32F4/Drivers/STM32F4xx_StdPeriph_Driver/src/stm32f4xx_dac.c.obj (symbol from plugin)
DAC_SetChannel2Data                               CMakeFiles/KoT_V1_0_bl.elf.dir/__/__/__/__/lib/main/STM32F4/Drivers/STM32F4xx_StdPeriph_Driver/src/stm32f4xx_dac.c.obj (symbol from plugin)
DAC_SetDualChannelData                            CMakeFiles/KoT_V1_0_bl.elf.dir/__/__/__/__/lib/main/STM32F4/Drivers/STM32F4xx_StdPeriph_Driver/src/stm32f4xx_dac.c.obj (symbol from plugin)
DAC_SoftwareTriggerCmd                            CMakeFiles/KoT_V1_0_bl.elf.dir/__/__/__/__/lib/main/STM32F4/Drivers/STM32F4xx_StdPeriph_Driver/src/stm32f4xx_dac.c.obj (symbol from plugin)
DAC_StructInit                                    CMakeFiles/KoT_V1_0_bl.elf.dir/__/__/__/__/lib/main/STM32F4/Drivers/STM32F4xx_StdPeriph_Driver/src/stm32f4xx_dac.c.obj (symbol from plugin)
DAC_WaveGenerationCmd                             CMakeFiles/KoT_V1_0_bl.elf.dir/__/__/__/__/lib/main/STM32F4/Drivers/STM32F4xx_StdPeriph_Driver/src/stm32f4xx_dac.c.obj (symbol from plugin)
DCD_DevConnect                                    CMakeFiles/KoT_V1_0_bl.elf.dir/__/__/__/__/lib/main/STM32_USB_OTG_Driver/src/usb_dcd.c.obj (symbol from plugin)
DCD_DevDisconnect                                 CMakeFiles/KoT_V1_0_bl.elf.dir/__/__/__/__/lib/main/STM32_USB_OTG_Driver/src/usb_dcd.c.obj (symbol from plugin)
DCD_EP_Close                                      CMakeFiles/KoT_V1_0_bl.elf.dir/__/__/__/__/lib/main/STM32_USB_OTG_Driver/src/usb_dcd.c.obj (symbol from plugin)
                                                  CMakeFiles/KoT_V1_0_bl.elf.dir/__/__/__/__/lib/main/STM32_USB_Device_Library/Class/hid/src/usbd_hid_core.c.obj (symbol from plugin)
                                                  CMakeFiles/KoT_V1_0_bl.elf.dir/__/__/__/__/lib/main/STM32_USB_Device_Library/Class/cdc/src/usbd_cdc_core.c.obj (symbol from plugin)
DCD_EP_ClrStall                                   CMakeFiles/KoT_V1_0_bl.elf.dir/__/__/__/__/lib/main/STM32_USB_OTG_Driver/src/usb_dcd.c.obj (symbol from plugin)
                                                  CMakeFiles/KoT_V1_0_bl.elf.dir/__/__/__/__/lib/main/STM32_USB_Device_Library/Core/src/usbd_req.c.obj (symbol from plugin)
DCD_EP_Flush                                      CMakeFiles/KoT_V1_0_bl.elf.dir/__/__/__/__/lib/main/STM32_USB_OTG_Driver/src/usb_dcd.c.obj (symbol from plugin)
                                                  CMakeFiles/KoT_V1_0_bl.elf.dir/__/__/__/__/lib/main/STM32_USB_Device_Library/Class/hid/src/usbd_hid_core.c.obj (symbol from plugin)
DCD_EP_Open                                       CMakeFiles/KoT_V1_0_bl.elf.dir/__/__/__/__/lib/main/STM32_USB_OTG_Driver/src/usb_dcd.c.obj (symbol from plugin)
                                                  CMakeFiles/KoT_V1_0_bl.elf.dir/__/__/__/__/lib/main/STM32_USB_Device_Library/Class/hid/src/usbd_hid_core.c.obj (symbol from plugin)
                                                  CMakeFiles/KoT_V1_0_bl.elf.dir/__/__/__/__/lib/main/STM32_USB_Device_Library/Class/cdc/src/usbd_cdc_core.c.obj (symbol from plugin)
                                                  CMakeFiles/KoT_V1_0_bl.elf.dir/__/__/__/__/lib/main/STM32_USB_Device_Library/Core/src/usbd_core.c.obj (symbol from plugin)
DCD_EP_PrepareRx                                  CMakeFiles/KoT_V1_0_bl.elf.dir/__/__/__/__/lib/main/STM32_USB_OTG_Driver/src/usb_dcd.c.obj (symbol from plugin)
                                                  CMakeFiles/KoT_V1_0_bl.elf.dir/__/__/__/__/lib/main/STM32_USB_Device_Library/Class/cdc/src/usbd_cdc_core.c.obj (symbol from plugin)
                                                  CMakeFiles/KoT_V1_0_bl.elf.dir/__/__/__/__/lib/main/STM32_USB_Device_Library/Core/src/usbd_ioreq.c.obj (symbol from plugin)
                                                  CMakeFiles/KoT_V1_0_bl.elf.dir/__/__/__/__/lib/main/STM32_USB_Device_Library/Core/src/usbd_core.c.obj (symbol from plugin)
DCD_EP_SetAddress                                 CMakeFiles/KoT_V1_0_bl.elf.dir/__/__/__/__/lib/main/STM32_USB_OTG_Driver/src/usb_dcd.c.obj (symbol from plugin)
                                                  CMakeFiles/KoT_V1_0_bl.elf.dir/__/__/__/__/lib/main/STM32_USB_Device_Library/Core/src/usbd_req.c.obj (symbol from plugin)
DCD_EP_Stall                                      CMakeFiles/KoT_V1_0_bl.elf.dir/__/__/__/__/lib/main/STM32_USB_OTG_Driver/src/usb_dcd.c.obj (symbol from plugin)
                                                  CMakeFiles/KoT_V1_0_bl.elf.dir/__/__/__/__/lib/main/STM32_USB_Device_Library/Core/src/usbd_req.c.obj (symbol from plugin)
                                                  CMakeFiles/KoT_V1_0_bl.elf.dir/__/__/__/__/lib/main/STM32_USB_Device_Library/Core/src/usbd_core.c.obj (symbol from plugin)
DCD_EP_Tx                                         CMakeFiles/KoT_V1_0_bl.elf.dir/__/__/__/__/lib/main/STM32_USB_OTG_Driver/src/usb_dcd.c.obj (symbol from plugin)
                                                  CMakeFiles/KoT_V1_0_bl.elf.dir/__/__/__/__/lib/main/STM32_USB_Device_Library/Class/hid/src/usbd_hid_core.c.obj (symbol from plugin)
                                                  CMakeFiles/KoT_V1_0_bl.elf.dir/__/__/__/__/lib/main/STM32_USB_Device_Library/Class/cdc/src/usbd_cdc_core.c.obj (symbol from plugin)
                                                  CMakeFiles/KoT_V1_0_bl.elf.dir/__/__/__/__/lib/main/STM32_USB_Device_Library/Core/src/usbd_ioreq.c.obj (symbol from plugin)
DCD_GetEPStatus                                   CMakeFiles/KoT_V1_0_bl.elf.dir/__/__/__/__/lib/main/STM32_USB_OTG_Driver/src/usb_dcd.c.obj (symbol from plugin)
DCD_Init                                          CMakeFiles/KoT_V1_0_bl.elf.dir/__/__/__/__/lib/main/STM32_USB_OTG_Driver/src/usb_dcd.c.obj (symbol from plugin)
                                                  CMakeFiles/KoT_V1_0_bl.elf.dir/__/__/__/__/lib/main/STM32_USB_Device_Library/Core/src/usbd_core.c.obj (symbol from plugin)
DCD_SetEPStatus                                   CMakeFiles/KoT_V1_0_bl.elf.dir/__/__/__/__/lib/main/STM32_USB_OTG_Driver/src/usb_dcd.c.obj (symbol from plugin)
DCMI_CROPCmd                                      CMakeFiles/KoT_V1_0_bl.elf.dir/__/__/__/__/lib/main/STM32F4/Drivers/STM32F4xx_StdPeriph_Driver/src/stm32f4xx_dcmi.c.obj (symbol from plugin)
DCMI_CROPConfig                                   CMakeFiles/KoT_V1_0_bl.elf.dir/__/__/__/__/lib/main/STM32F4/Drivers/STM32F4xx_StdPeriph_Driver/src/stm32f4xx_dcmi.c.obj (symbol from plugin)
DCMI_CaptureCmd                                   CMakeFiles/KoT_V1_0_bl.elf.dir/__/__/__/__/lib/main/STM32F4/Drivers/STM32F4xx_StdPeriph_Driver/src/stm32f4xx_dcmi.c.obj (symbol from plugin)
DCMI_ClearFlag                                    CMakeFiles/KoT_V1_0_bl.elf.dir/__/__/__/__/lib/main/STM32F4/Drivers/STM32F4xx_StdPeriph_Driver/src/stm32f4xx_dcmi.c.obj (symbol from plugin)
DCMI_ClearITPendingBit                            CMakeFiles/KoT_V1_0_bl.elf.dir/__/__/__/__/lib/main/STM32F4/Drivers/STM32F4xx_StdPeriph_Driver/src/stm32f4xx_dcmi.c.obj (symbol from plugin)
DCMI_Cmd                                          CMakeFiles/KoT_V1_0_bl.elf.dir/__/__/__/__/lib/main/STM32F4/Drivers/STM32F4xx_StdPeriph_Driver/src/stm32f4xx_dcmi.c.obj (symbol from plugin)
DCMI_DeInit                                       CMakeFiles/KoT_V1_0_bl.elf.dir/__/__/__/__/lib/main/STM32F4/Drivers/STM32F4xx_StdPeriph_Driver/src/stm32f4xx_dcmi.c.obj (symbol from plugin)
DCMI_GetFlagStatus                                CMakeFiles/KoT_V1_0_bl.elf.dir/__/__/__/__/lib/main/STM32F4/Drivers/STM32F4xx_StdPeriph_Driver/src/stm32f4xx_dcmi.c.obj (symbol from plugin)
DCMI_GetITStatus                                  CMakeFiles/KoT_V1_0_bl.elf.dir/__/__/__/__/lib/main/STM32F4/Drivers/STM32F4xx_StdPeriph_Driver/src/stm32f4xx_dcmi.c.obj (symbol from plugin)
DCMI_IRQHandler                                   CMakeFiles/KoT_V1_0_bl.elf.dir/__/__/startup/startup_stm32f40xx.s.obj
DCMI_ITConfig                                     CMakeFiles/KoT_V1_0_bl.elf.dir/__/__/__/__/lib/main/STM32F4/Drivers/STM32F4xx_StdPeriph_Driver/src/stm32f4xx_dcmi.c.obj (symbol from plugin)
DCMI_Init                                         CMakeFiles/KoT_V1_0_bl.elf.dir/__/__/__/__/lib/main/STM32F4/Drivers/STM32F4xx_StdPeriph_Driver/src/stm32f4xx_dcmi.c.obj (symbol from plugin)
DCMI_JPEGCmd                                      CMakeFiles/KoT_V1_0_bl.elf.dir/__/__/__/__/lib/main/STM32F4/Drivers/STM32F4xx_StdPeriph_Driver/src/stm32f4xx_dcmi.c.obj (symbol from plugin)
DCMI_ReadData                                     CMakeFiles/KoT_V1_0_bl.elf.dir/__/__/__/__/lib/main/STM32F4/Drivers/STM32F4xx_StdPeriph_Driver/src/stm32f4xx_dcmi.c.obj (symbol from plugin)
DCMI_SetEmbeddedSynchroCodes                      CMakeFiles/KoT_V1_0_bl.elf.dir/__/__/__/__/lib/main/STM32F4/Drivers/STM32F4xx_StdPeriph_Driver/src/stm32f4xx_dcmi.c.obj (symbol from plugin)
DCMI_StructInit                                   CMakeFiles/KoT_V1_0_bl.elf.dir/__/__/__/__/lib/main/STM32F4/Drivers/STM32F4xx_StdPeriph_Driver/src/stm32f4xx_dcmi.c.obj (symbol from plugin)
DMA1_Stream0_IRQHandler                           /tmp/KoT_V1_0_bl.elf.4EbCYc.ltrans0.ltrans.o
                                                  CMakeFiles/KoT_V1_0_bl.elf.dir/__/__/drivers/dma_stm32f4xx.c.obj (symbol from plugin)
                                                  CMakeFiles/KoT_V1_0_bl.elf.dir/__/__/startup/startup_stm32f40xx.s.obj
DMA1_Stream1_IRQHandler                           /tmp/KoT_V1_0_bl.elf.4EbCYc.ltrans0.ltrans.o
                                                  CMakeFiles/KoT_V1_0_bl.elf.dir/__/__/drivers/dma_stm32f4xx.c.obj (symbol from plugin)
                                                  CMakeFiles/KoT_V1_0_bl.elf.dir/__/__/startup/startup_stm32f40xx.s.obj
DMA1_Stream2_IRQHandler                           /tmp/KoT_V1_0_bl.elf.4EbCYc.ltrans0.ltrans.o
                                                  CMakeFiles/KoT_V1_0_bl.elf.dir/__/__/drivers/dma_stm32f4xx.c.obj (symbol from plugin)
                                                  CMakeFiles/KoT_V1_0_bl.elf.dir/__/__/startup/startup_stm32f40xx.s.obj
DMA1_Stream3_IRQHandler                           /tmp/KoT_V1_0_bl.elf.4EbCYc.ltrans0.ltrans.o
                                                  CMakeFiles/KoT_V1_0_bl.elf.dir/__/__/drivers/dma_stm32f4xx.c.obj (symbol from plugin)
                                                  CMakeFiles/KoT_V1_0_bl.elf.dir/__/__/startup/startup_stm32f40xx.s.obj
DMA1_Stream4_IRQHandler                           /tmp/KoT_V1_0_bl.elf.4EbCYc.ltrans0.ltrans.o
                                                  CMakeFiles/KoT_V1_0_bl.elf.dir/__/__/drivers/dma_stm32f4xx.c.obj (symbol from plugin)
                                                  CMakeFiles/KoT_V1_0_bl.elf.dir/__/__/startup/startup_stm32f40xx.s.obj
DMA1_Stream5_IRQHandler                           /tmp/KoT_V1_0_bl.elf.4EbCYc.ltrans0.ltrans.o
                                                  CMakeFiles/KoT_V1_0_bl.elf.dir/__/__/drivers/dma_stm32f4xx.c.obj (symbol from plugin)
                                                  CMakeFiles/KoT_V1_0_bl.elf.dir/__/__/startup/startup_stm32f40xx.s.obj
DMA1_Stream6_IRQHandler                           /tmp/KoT_V1_0_bl.elf.4EbCYc.ltrans0.ltrans.o
                                                  CMakeFiles/KoT_V1_0_bl.elf.dir/__/__/drivers/dma_stm32f4xx.c.obj (symbol from plugin)
                                                  CMakeFiles/KoT_V1_0_bl.elf.dir/__/__/startup/startup_stm32f40xx.s.obj
DMA1_Stream7_IRQHandler                           /tmp/KoT_V1_0_bl.elf.4EbCYc.ltrans0.ltrans.o
                                                  CMakeFiles/KoT_V1_0_bl.elf.dir/__/__/drivers/dma_stm32f4xx.c.obj (symbol from plugin)
                                                  CMakeFiles/KoT_V1_0_bl.elf.dir/__/__/startup/startup_stm32f40xx.s.obj
DMA2D_AbortTransfer                               CMakeFiles/KoT_V1_0_bl.elf.dir/__/__/__/__/lib/main/STM32F4/Drivers/STM32F4xx_StdPeriph_Driver/src/stm32f4xx_dma2d.c.obj (symbol from plugin)
DMA2D_BGConfig                                    CMakeFiles/KoT_V1_0_bl.elf.dir/__/__/__/__/lib/main/STM32F4/Drivers/STM32F4xx_StdPeriph_Driver/src/stm32f4xx_dma2d.c.obj (symbol from plugin)
DMA2D_BGStart                                     CMakeFiles/KoT_V1_0_bl.elf.dir/__/__/__/__/lib/main/STM32F4/Drivers/STM32F4xx_StdPeriph_Driver/src/stm32f4xx_dma2d.c.obj (symbol from plugin)
DMA2D_BG_StructInit                               CMakeFiles/KoT_V1_0_bl.elf.dir/__/__/__/__/lib/main/STM32F4/Drivers/STM32F4xx_StdPeriph_Driver/src/stm32f4xx_dma2d.c.obj (symbol from plugin)
DMA2D_ClearFlag                                   CMakeFiles/KoT_V1_0_bl.elf.dir/__/__/__/__/lib/main/STM32F4/Drivers/STM32F4xx_StdPeriph_Driver/src/stm32f4xx_dma2d.c.obj (symbol from plugin)
DMA2D_ClearITPendingBit                           CMakeFiles/KoT_V1_0_bl.elf.dir/__/__/__/__/lib/main/STM32F4/Drivers/STM32F4xx_StdPeriph_Driver/src/stm32f4xx_dma2d.c.obj (symbol from plugin)
DMA2D_DeInit                                      CMakeFiles/KoT_V1_0_bl.elf.dir/__/__/__/__/lib/main/STM32F4/Drivers/STM32F4xx_StdPeriph_Driver/src/stm32f4xx_dma2d.c.obj (symbol from plugin)
DMA2D_DeadTimeConfig                              CMakeFiles/KoT_V1_0_bl.elf.dir/__/__/__/__/lib/main/STM32F4/Drivers/STM32F4xx_StdPeriph_Driver/src/stm32f4xx_dma2d.c.obj (symbol from plugin)
DMA2D_FGConfig                                    CMakeFiles/KoT_V1_0_bl.elf.dir/__/__/__/__/lib/main/STM32F4/Drivers/STM32F4xx_StdPeriph_Driver/src/stm32f4xx_dma2d.c.obj (symbol from plugin)
DMA2D_FGStart                                     CMakeFiles/KoT_V1_0_bl.elf.dir/__/__/__/__/lib/main/STM32F4/Drivers/STM32F4xx_StdPeriph_Driver/src/stm32f4xx_dma2d.c.obj (symbol from plugin)
DMA2D_FG_StructInit                               CMakeFiles/KoT_V1_0_bl.elf.dir/__/__/__/__/lib/main/STM32F4/Drivers/STM32F4xx_StdPeriph_Driver/src/stm32f4xx_dma2d.c.obj (symbol from plugin)
DMA2D_GetFlagStatus                               CMakeFiles/KoT_V1_0_bl.elf.dir/__/__/__/__/lib/main/STM32F4/Drivers/STM32F4xx_StdPeriph_Driver/src/stm32f4xx_dma2d.c.obj (symbol from plugin)
DMA2D_GetITStatus                                 CMakeFiles/KoT_V1_0_bl.elf.dir/__/__/__/__/lib/main/STM32F4/Drivers/STM32F4xx_StdPeriph_Driver/src/stm32f4xx_dma2d.c.obj (symbol from plugin)
DMA2D_ITConfig                                    CMakeFiles/KoT_V1_0_bl.elf.dir/__/__/__/__/lib/main/STM32F4/Drivers/STM32F4xx_StdPeriph_Driver/src/stm32f4xx_dma2d.c.obj (symbol from plugin)
DMA2D_Init                                        CMakeFiles/KoT_V1_0_bl.elf.dir/__/__/__/__/lib/main/STM32F4/Drivers/STM32F4xx_StdPeriph_Driver/src/stm32f4xx_dma2d.c.obj (symbol from plugin)
DMA2D_LineWatermarkConfig                         CMakeFiles/KoT_V1_0_bl.elf.dir/__/__/__/__/lib/main/STM32F4/Drivers/STM32F4xx_StdPeriph_Driver/src/stm32f4xx_dma2d.c.obj (symbol from plugin)
DMA2D_StartTransfer                               CMakeFiles/KoT_V1_0_bl.elf.dir/__/__/__/__/lib/main/STM32F4/Drivers/STM32F4xx_StdPeriph_Driver/src/stm32f4xx_dma2d.c.obj (symbol from plugin)
DMA2D_StructInit                                  CMakeFiles/KoT_V1_0_bl.elf.dir/__/__/__/__/lib/main/STM32F4/Drivers/STM32F4xx_StdPeriph_Driver/src/stm32f4xx_dma2d.c.obj (symbol from plugin)
DMA2D_Suspend                                     CMakeFiles/KoT_V1_0_bl.elf.dir/__/__/__/__/lib/main/STM32F4/Drivers/STM32F4xx_StdPeriph_Driver/src/stm32f4xx_dma2d.c.obj (symbol from plugin)
DMA2_Stream0_IRQHandler                           /tmp/KoT_V1_0_bl.elf.4EbCYc.ltrans0.ltrans.o
                                                  CMakeFiles/KoT_V1_0_bl.elf.dir/__/__/drivers/dma_stm32f4xx.c.obj (symbol from plugin)
                                                  CMakeFiles/KoT_V1_0_bl.elf.dir/__/__/startup/startup_stm32f40xx.s.obj
DMA2_Stream1_IRQHandler                           /tmp/KoT_V1_0_bl.elf.4EbCYc.ltrans0.ltrans.o
                                                  CMakeFiles/KoT_V1_0_bl.elf.dir/__/__/drivers/dma_stm32f4xx.c.obj (symbol from plugin)
                                                  CMakeFiles/KoT_V1_0_bl.elf.dir/__/__/startup/startup_stm32f40xx.s.obj
DMA2_Stream2_IRQHandler                           /tmp/KoT_V1_0_bl.elf.4EbCYc.ltrans0.ltrans.o
                                                  CMakeFiles/KoT_V1_0_bl.elf.dir/__/__/drivers/dma_stm32f4xx.c.obj (symbol from plugin)
                                                  CMakeFiles/KoT_V1_0_bl.elf.dir/__/__/startup/startup_stm32f40xx.s.obj
DMA2_Stream3_IRQHandler                           /tmp/KoT_V1_0_bl.elf.4EbCYc.ltrans0.ltrans.o
                                                  CMakeFiles/KoT_V1_0_bl.elf.dir/__/__/drivers/dma_stm32f4xx.c.obj (symbol from plugin)
                                                  CMakeFiles/KoT_V1_0_bl.elf.dir/__/__/startup/startup_stm32f40xx.s.obj
DMA2_Stream4_IRQHandler                           /tmp/KoT_V1_0_bl.elf.4EbCYc.ltrans0.ltrans.o
                                                  CMakeFiles/KoT_V1_0_bl.elf.dir/__/__/drivers/dma_stm32f4xx.c.obj (symbol from plugin)
                                                  CMakeFiles/KoT_V1_0_bl.elf.dir/__/__/startup/startup_stm32f40xx.s.obj
DMA2_Stream5_IRQHandler                           /tmp/KoT_V1_0_bl.elf.4EbCYc.ltrans0.ltrans.o
                                                  CMakeFiles/KoT_V1_0_bl.elf.dir/__/__/drivers/dma_stm32f4xx.c.obj (symbol from plugin)
                                                  CMakeFiles/KoT_V1_0_bl.elf.dir/__/__/startup/startup_stm32f40xx.s.obj
DMA2_Stream6_IRQHandler                           /tmp/KoT_V1_0_bl.elf.4EbCYc.ltrans0.ltrans.o
                                                  CMakeFiles/KoT_V1_0_bl.elf.dir/__/__/drivers/dma_stm32f4xx.c.obj (symbol from plugin)
                                                  CMakeFiles/KoT_V1_0_bl.elf.dir/__/__/startup/startup_stm32f40xx.s.obj
DMA2_Stream7_IRQHandler                           /tmp/KoT_V1_0_bl.elf.4EbCYc.ltrans0.ltrans.o
                                                  CMakeFiles/KoT_V1_0_bl.elf.dir/__/__/drivers/dma_stm32f4xx.c.obj (symbol from plugin)
                                                  CMakeFiles/KoT_V1_0_bl.elf.dir/__/__/startup/startup_stm32f40xx.s.obj
DMA_ClearFlag                                     CMakeFiles/KoT_V1_0_bl.elf.dir/__/__/__/__/lib/main/STM32F4/Drivers/STM32F4xx_StdPeriph_Driver/src/stm32f4xx_dma.c.obj (symbol from plugin)
DMA_ClearITPendingBit                             CMakeFiles/KoT_V1_0_bl.elf.dir/__/__/__/__/lib/main/STM32F4/Drivers/STM32F4xx_StdPeriph_Driver/src/stm32f4xx_dma.c.obj (symbol from plugin)
DMA_Cmd                                           CMakeFiles/KoT_V1_0_bl.elf.dir/__/__/__/__/lib/main/STM32F4/Drivers/STM32F4xx_StdPeriph_Driver/src/stm32f4xx_dma.c.obj (symbol from plugin)
                                                  CMakeFiles/KoT_V1_0_bl.elf.dir/__/__/drivers/timer_impl_stdperiph.c.obj (symbol from plugin)
                                                  CMakeFiles/KoT_V1_0_bl.elf.dir/__/__/drivers/adc_stm32f4xx.c.obj (symbol from plugin)
DMA_DeInit                                        CMakeFiles/KoT_V1_0_bl.elf.dir/__/__/__/__/lib/main/STM32F4/Drivers/STM32F4xx_StdPeriph_Driver/src/stm32f4xx_dma.c.obj (symbol from plugin)
                                                  CMakeFiles/KoT_V1_0_bl.elf.dir/__/__/drivers/timer_impl_stdperiph.c.obj (symbol from plugin)
                                                  CMakeFiles/KoT_V1_0_bl.elf.dir/__/__/drivers/adc_stm32f4xx.c.obj (symbol from plugin)
DMA_DoubleBufferModeCmd                           CMakeFiles/KoT_V1_0_bl.elf.dir/__/__/__/__/lib/main/STM32F4/Drivers/STM32F4xx_StdPeriph_Driver/src/stm32f4xx_dma.c.obj (symbol from plugin)
DMA_DoubleBufferModeConfig                        CMakeFiles/KoT_V1_0_bl.elf.dir/__/__/__/__/lib/main/STM32F4/Drivers/STM32F4xx_StdPeriph_Driver/src/stm32f4xx_dma.c.obj (symbol from plugin)
DMA_FlowControllerConfig                          CMakeFiles/KoT_V1_0_bl.elf.dir/__/__/__/__/lib/main/STM32F4/Drivers/STM32F4xx_StdPeriph_Driver/src/stm32f4xx_dma.c.obj (symbol from plugin)
DMA_GetCmdStatus                                  CMakeFiles/KoT_V1_0_bl.elf.dir/__/__/__/__/lib/main/STM32F4/Drivers/STM32F4xx_StdPeriph_Driver/src/stm32f4xx_dma.c.obj (symbol from plugin)
DMA_GetCurrDataCounter                            CMakeFiles/KoT_V1_0_bl.elf.dir/__/__/__/__/lib/main/STM32F4/Drivers/STM32F4xx_StdPeriph_Driver/src/stm32f4xx_dma.c.obj (symbol from plugin)
DMA_GetCurrentMemoryTarget                        CMakeFiles/KoT_V1_0_bl.elf.dir/__/__/__/__/lib/main/STM32F4/Drivers/STM32F4xx_StdPeriph_Driver/src/stm32f4xx_dma.c.obj (symbol from plugin)
DMA_GetFIFOStatus                                 CMakeFiles/KoT_V1_0_bl.elf.dir/__/__/__/__/lib/main/STM32F4/Drivers/STM32F4xx_StdPeriph_Driver/src/stm32f4xx_dma.c.obj (symbol from plugin)
DMA_GetFlagStatus                                 CMakeFiles/KoT_V1_0_bl.elf.dir/__/__/__/__/lib/main/STM32F4/Drivers/STM32F4xx_StdPeriph_Driver/src/stm32f4xx_dma.c.obj (symbol from plugin)
DMA_GetITStatus                                   CMakeFiles/KoT_V1_0_bl.elf.dir/__/__/__/__/lib/main/STM32F4/Drivers/STM32F4xx_StdPeriph_Driver/src/stm32f4xx_dma.c.obj (symbol from plugin)
DMA_ITConfig                                      CMakeFiles/KoT_V1_0_bl.elf.dir/__/__/__/__/lib/main/STM32F4/Drivers/STM32F4xx_StdPeriph_Driver/src/stm32f4xx_dma.c.obj (symbol from plugin)
                                                  CMakeFiles/KoT_V1_0_bl.elf.dir/__/__/drivers/timer_impl_stdperiph.c.obj (symbol from plugin)
DMA_Init                                          CMakeFiles/KoT_V1_0_bl.elf.dir/__/__/__/__/lib/main/STM32F4/Drivers/STM32F4xx_StdPeriph_Driver/src/stm32f4xx_dma.c.obj (symbol from plugin)
                                                  CMakeFiles/KoT_V1_0_bl.elf.dir/__/__/drivers/timer_impl_stdperiph.c.obj (symbol from plugin)