Archive member included to satisfy reference by file (symbol)

/home/sjf/Desktop/inav7/inav7.1.2/tools/gcc-arm-none-eabi-10.3-2021.10/bin/../lib/gcc/arm-none-eabi/10.3.1/../../../../arm-none-eabi/lib/thumb/v7e-m+fp/hard/libm.a(lib_a-sf_lrint.o)
                              CMakeFiles/SJFV2_0_bl.elf.dir/__/__/drivers/timer_impl_stdperiph.c.obj (symbol from plugin) (lrintf)
/home/sjf/Desktop/inav7/inav7.1.2/tools/gcc-arm-none-eabi-10.3-2021.10/bin/../lib/gcc/arm-none-eabi/10.3.1/../../../../arm-none-eabi/lib/thumb/v7e-m+fp/hard/libc_nano.a(lib_a-memset.o)
                              /tmp/SJFV2_0_bl.elf.yTe7X3.ltrans0.ltrans.o (memset)
/home/sjf/Desktop/inav7/inav7.1.2/tools/gcc-arm-none-eabi-10.3-2021.10/bin/../lib/gcc/arm-none-eabi/10.3.1/thumb/v7e-m+fp/hard/libgcc.a(_popcountsi2.o)
                              /tmp/SJFV2_0_bl.elf.yTe7X3.ltrans0.ltrans.o (__popcountsi2)

Discarded input sections

 .text          0x0000000000000000       0x14 CMakeFiles/SJFV2_0_bl.elf.dir/__/__/startup/startup_stm32f40xx.s.obj
 .data          0x0000000000000000        0x0 CMakeFiles/SJFV2_0_bl.elf.dir/__/__/startup/startup_stm32f40xx.s.obj
 .bss           0x0000000000000000        0x0 CMakeFiles/SJFV2_0_bl.elf.dir/__/__/startup/startup_stm32f40xx.s.obj
 .group         0x0000000000000000        0xc /tmp/ccYiYORT.debug.temp.o
 .group         0x0000000000000000        0xc /tmp/ccYiYORT.debug.temp.o
 .group         0x0000000000000000        0xc /tmp/ccYiYORT.debug.temp.o
 .group         0x0000000000000000        0xc /tmp/ccYiYORT.debug.temp.o
 .group         0x0000000000000000        0xc /tmp/ccYiYORT.debug.temp.o
 .group         0x0000000000000000        0xc /tmp/ccYiYORT.debug.temp.o
 .group         0x0000000000000000        0xc /tmp/ccYiYORT.debug.temp.o
 .group         0x0000000000000000        0xc /tmp/ccYiYORT.debug.temp.o
 .group         0x0000000000000000        0xc /tmp/ccYiYORT.debug.temp.o
 .group         0x0000000000000000        0xc /tmp/ccYiYORT.debug.temp.o
 .group         0x0000000000000000        0xc /tmp/ccYiYORT.debug.temp.o
 .group         0x0000000000000000        0xc /tmp/ccYiYORT.debug.temp.o
 .group         0x0000000000000000        0xc /tmp/ccYiYORT.debug.temp.o
 .group         0x0000000000000000        0xc /tmp/ccYiYORT.debug.temp.o
 .group         0x0000000000000000        0xc /tmp/ccYiYORT.debug.temp.o
 .group         0x0000000000000000        0xc /tmp/ccYiYORT.debug.temp.o
 .group         0x0000000000000000        0xc /tmp/ccYiYORT.debug.temp.o
 .group         0x0000000000000000        0xc /tmp/ccYiYORT.debug.temp.o
 .group         0x0000000000000000        0xc /tmp/ccYiYORT.debug.temp.o
 .group         0x0000000000000000        0xc /tmp/ccYiYORT.debug.temp.o
 .group         0x0000000000000000        0xc /tmp/ccYiYORT.debug.temp.o
 .group         0x0000000000000000        0xc /tmp/ccYiYORT.debug.temp.o
 .group         0x0000000000000000        0xc /tmp/ccYiYORT.debug.temp.o
 .group         0x0000000000000000        0xc /tmp/ccYiYORT.debug.temp.o
 .group         0x0000000000000000        0xc /tmp/ccYiYORT.debug.temp.o
 .group         0x0000000000000000        0xc /tmp/ccYiYORT.debug.temp.o
 .group         0x0000000000000000        0xc /tmp/ccYiYORT.debug.temp.o
 .group         0x0000000000000000        0xc /tmp/ccYiYORT.debug.temp.o
 .group         0x0000000000000000        0xc /tmp/ccYiYORT.debug.temp.o
 .group         0x0000000000000000        0xc /tmp/ccYiYORT.debug.temp.o
 .group         0x0000000000000000        0xc /tmp/ccYiYORT.debug.temp.o
 .group         0x0000000000000000        0xc /tmp/ccYiYORT.debug.temp.o
 .group         0x0000000000000000        0xc /tmp/ccYiYORT.debug.temp.o
 .group         0x0000000000000000        0xc /tmp/ccYiYORT.debug.temp.o
 .group         0x0000000000000000        0xc /tmp/ccYiYORT.debug.temp.o
 .group         0x0000000000000000        0xc /tmp/ccYiYORT.debug.temp.o
 .group         0x0000000000000000        0xc /tmp/ccYiYORT.debug.temp.o
 .group         0x0000000000000000        0xc /tmp/ccYiYORT.debug.temp.o
 .group         0x0000000000000000        0xc /tmp/ccYiYORT.debug.temp.o
 .group         0x0000000000000000        0xc /tmp/ccYiYORT.debug.temp.o
 .group         0x0000000000000000        0xc /tmp/ccYiYORT.debug.temp.o
 .group         0x0000000000000000        0xc /tmp/ccYiYORT.debug.temp.o
 .group         0x0000000000000000        0xc /tmp/ccYiYORT.debug.temp.o
 .group         0x0000000000000000        0xc /tmp/ccYiYORT.debug.temp.o
 .group         0x0000000000000000        0xc /tmp/ccYiYORT.debug.temp.o
 .group         0x0000000000000000        0xc /tmp/ccYiYORT.debug.temp.o
 .group         0x0000000000000000        0xc /tmp/ccYiYORT.debug.temp.o
 .group         0x0000000000000000        0xc /tmp/ccYiYORT.debug.temp.o
 .group         0x0000000000000000        0xc /tmp/ccYiYORT.debug.temp.o
 .group         0x0000000000000000        0xc /tmp/ccYiYORT.debug.temp.o
 .group         0x0000000000000000        0xc /tmp/ccYiYORT.debug.temp.o
[...]
Memory Configuration

Name             Origin             Length             Attributes
FLASH            0x0000000008000000 0x0000000000008000 xr
FIRMWARE         0x0000000008008000 0x00000000000d8000 xr
FLASH_CONFIG     0x00000000080e0000 0x0000000000020000 r
RAM              0x0000000020000000 0x0000000000020000 xrw
CCM              0x0000000010000000 0x0000000000010000 xrw
BACKUP_SRAM      0x0000000040024000 0x0000000000001000 xrw
MEMORY_B1        0x0000000060000000 0x0000000000000000 xr
*default*        0x0000000000000000 0xffffffffffffffff

Linker script and memory map

LOAD CMakeFiles/SJFV2_0_bl.elf.dir/__/__/startup/startup_stm32f40xx.s.obj
LOAD CMakeFiles/SJFV2_0_bl.elf.dir/__/__/drivers/bus_spi.c.obj
LOAD /tmp/SJFV2_0_bl.elf.yTe7X3.ltrans0.ltrans.o
LOAD /tmp/ccYiYORT.debug.temp.o
LOAD /tmp/ccGzXYUj.debug.temp.o
LOAD /tmp/ccknDMYJ.debug.temp.o
LOAD /tmp/ccL3A329.debug.temp.o
LOAD /tmp/cc8E6X7z.debug.temp.o
LOAD /tmp/cck1dvd0.debug.temp.o
LOAD /tmp/ccgBGDjq.debug.temp.o
LOAD /tmp/cceJGtqQ.debug.temp.o
LOAD /tmp/ccAnd1xg.debug.temp.o
LOAD /tmp/ccQ6OaGG.debug.temp.o
LOAD /tmp/ccBZlYO6.debug.temp.o
LOAD /tmp/ccuLXtYw.debug.temp.o
LOAD /tmp/ccKYaK8W.debug.temp.o
LOAD /tmp/ccNDOCjn.debug.temp.o
LOAD /tmp/ccHGS9uN.debug.temp.o
LOAD /tmp/cc6jDkHd.debug.temp.o
LOAD /tmp/cchES5TD.debug.temp.o
LOAD /tmp/ccNvzi73.debug.temp.o
LOAD /tmp/cc1NT1ku.debug.temp.o
LOAD /tmp/ccQQygzU.debug.temp.o
LOAD /tmp/ccMKGYNk.debug.temp.o
LOAD /tmp/ccrIK82K.debug.temp.o
LOAD /tmp/ccxvbMib.debug.temp.o
LOAD /tmp/ccoEwSyB.debug.temp.o
LOAD /tmp/ccNFrqP1.debug.temp.o
LOAD /tmp/cc3Mdr6r.debug.temp.o
LOAD /tmp/cczEeTnS.debug.temp.o
LOAD /tmp/ccAj5NFi.debug.temp.o
LOAD /tmp/ccQfvcYI.debug.temp.o
LOAD /tmp/ccrV21g9.debug.temp.o
LOAD /tmp/ccIQEnAz.debug.temp.o
LOAD /tmp/ccGzMcUZ.debug.temp.o
LOAD /tmp/ccy8Hteq.debug.temp.o
LOAD /tmp/ccY3RczQ.debug.temp.o
LOAD /tmp/cc9qHoUg.debug.temp.o
LOAD /tmp/ccdx42fH.debug.temp.o
LOAD /tmp/ccigA9B7.debug.temp.o
LOAD /tmp/cc3CEIYx.debug.temp.o
LOAD /tmp/ccnKwKlY.debug.temp.o
LOAD /tmp/ccGrVgJo.debug.temp.o
LOAD /tmp/ccbKYe7O.debug.temp.o
LOAD /tmp/ccDA7Pvf.debug.temp.o
LOAD /tmp/ccIbZ4UF.debug.temp.o
LOAD /tmp/ccGwHTk6.debug.temp.o
LOAD /tmp/cckVkdLw.debug.temp.o
LOAD /tmp/ccqng3bX.debug.temp.o
LOAD /tmp/cc9G9mDn.debug.temp.o
LOAD /tmp/ccdzlf5N.debug.temp.o
LOAD /tmp/cchQ0Exe.debug.temp.o
LOAD /tmp/ccbieB0E.debug.temp.o
LOAD /tmp/ccdkR1t5.debug.temp.o
LOAD /tmp/ccReeYXv.debug.temp.o
LOAD /tmp/cc6M3ssW.debug.temp.o
LOAD /tmp/ccnzDtXm.debug.temp.o
LOAD /tmp/ccT0q4sN.debug.temp.o
LOAD /tmp/ccVDVdZd.debug.temp.o
LOAD /tmp/ccUzxPvE.debug.temp.o
LOAD /tmp/ccK2E124.debug.temp.o
LOAD /tmp/ccj927Av.debug.temp.o
LOAD /tmp/ccQj0T9V.debug.temp.o
LOAD /tmp/ccemrRIm.debug.temp.o
LOAD /tmp/cc6vIpiN.debug.temp.o
LOAD /tmp/ccOg5ESd.debug.temp.o
LOAD /tmp/ccTvUwtE.debug.temp.o
LOAD /tmp/cctvO244.debug.temp.o
LOAD /tmp/ccy6C6Gv.debug.temp.o
LOAD /tmp/ccaHIIjW.debug.temp.o
LOAD /tmp/cccdvVWm.debug.temp.o
LOAD /tmp/ccOd1DAN.debug.temp.o
LOAD /tmp/ccFdqQee.debug.temp.o
LOAD /tmp/ccVhtxTE.debug.temp.o
LOAD /tmp/cceYoOy5.debug.temp.o
LOAD /tmp/cc1Zvzew.debug.temp.o
LOAD /tmp/ccErjSUW.debug.temp.o
LOAD /tmp/ccYTYFBn.debug.temp.o
LOAD /tmp/ccWCB5iO.debug.temp.o
LOAD /tmp/cciXI00e.debug.temp.o
LOAD /tmp/cclFRxJF.debug.temp.o
LOAD CMakeFiles/SJFV2_0_bl.elf.dir/__/__/drivers/serial_uart.c.obj
LOAD CMakeFiles/SJFV2_0_bl.elf.dir/__/system_stm32f4xx.c.obj
LOAD CMakeFiles/SJFV2_0_bl.elf.dir/__/__/config/config_streamer_stm32f4.c.obj
LOAD CMakeFiles/SJFV2_0_bl.elf.dir/__/__/config/config_streamer_ram.c.obj
LOAD CMakeFiles/SJFV2_0_bl.elf.dir/__/__/config/config_streamer_extflash.c.obj
LOAD CMakeFiles/SJFV2_0_bl.elf.dir/__/__/drivers/adc_stm32f4xx.c.obj
LOAD CMakeFiles/SJFV2_0_bl.elf.dir/__/__/drivers/bus_i2c_stm32f40x.c.obj
LOAD CMakeFiles/SJFV2_0_bl.elf.dir/__/__/drivers/serial_uart_stm32f4xx.c.obj
LOAD CMakeFiles/SJFV2_0_bl.elf.dir/__/__/drivers/system_stm32f4xx.c.obj
LOAD CMakeFiles/SJFV2_0_bl.elf.dir/__/__/drivers/timer.c.obj
LOAD CMakeFiles/SJFV2_0_bl.elf.dir/__/__/drivers/timer_impl_stdperiph.c.obj
LOAD CMakeFiles/SJFV2_0_bl.elf.dir/__/__/drivers/timer_stm32f4xx.c.obj
LOAD CMakeFiles/SJFV2_0_bl.elf.dir/__/__/drivers/uart_inverter.c.obj
LOAD CMakeFiles/SJFV2_0_bl.elf.dir/__/__/drivers/dma_stm32f4xx.c.obj
LOAD CMakeFiles/SJFV2_0_bl.elf.dir/__/__/drivers/sdcard/sdmmc_sdio_f4xx.c.obj
LOAD CMakeFiles/SJFV2_0_bl.elf.dir/__/__/__/__/lib/main/STM32F4/Drivers/STM32F4xx_StdPeriph_Driver/src/misc.c.obj
LOAD CMakeFiles/SJFV2_0_bl.elf.dir/__/__/__/__/lib/main/STM32F4/Drivers/STM32F4xx_StdPeriph_Driver/src/stm32f4xx_adc.c.obj
LOAD CMakeFiles/SJFV2_0_bl.elf.dir/__/__/__/__/lib/main/STM32F4/Drivers/STM32F4xx_StdPeriph_Driver/src/stm32f4xx_dac.c.obj
LOAD CMakeFiles/SJFV2_0_bl.elf.dir/__/__/__/__/lib/main/STM32F4/Drivers/STM32F4xx_StdPeriph_Driver/src/stm32f4xx_dcmi.c.obj
LOAD CMakeFiles/SJFV2_0_bl.elf.dir/__/__/__/__/lib/main/STM32F4/Drivers/STM32F4xx_StdPeriph_Driver/src/stm32f4xx_dfsdm.c.obj
LOAD CMakeFiles/SJFV2_0_bl.elf.dir/__/__/__/__/lib/main/STM32F4/Drivers/STM32F4xx_StdPeriph_Driver/src/stm32f4xx_dma.c.obj
LOAD CMakeFiles/SJFV2_0_bl.elf.dir/__/__/__/__/lib/main/STM32F4/Drivers/STM32F4xx_StdPeriph_Driver/src/stm32f4xx_dma2d.c.obj
LOAD CMakeFiles/SJFV2_0_bl.elf.dir/__/__/__/__/lib/main/STM32F4/Drivers/STM32F4xx_StdPeriph_Driver/src/stm32f4xx_exti.c.obj
LOAD CMakeFiles/SJFV2_0_bl.elf.dir/__/__/__/__/lib/main/STM32F4/Drivers/STM32F4xx_StdPeriph_Driver/src/stm32f4xx_flash.c.obj
LOAD CMakeFiles/SJFV2_0_bl.elf.dir/__/__/__/__/lib/main/STM32F4/Drivers/STM32F4xx_StdPeriph_Driver/src/stm32f4xx_fsmc.c.obj
LOAD CMakeFiles/SJFV2_0_bl.elf.dir/__/__/__/__/lib/main/STM32F4/Drivers/STM32F4xx_StdPeriph_Driver/src/stm32f4xx_gpio.c.obj
LOAD CMakeFiles/SJFV2_0_bl.elf.dir/__/__/__/__/lib/main/STM32F4/Drivers/STM32F4xx_StdPeriph_Driver/src/stm32f4xx_i2c.c.obj
LOAD CMakeFiles/SJFV2_0_bl.elf.dir/__/__/__/__/lib/main/STM32F4/Drivers/STM32F4xx_StdPeriph_Driver/src/stm32f4xx_iwdg.c.obj
LOAD CMakeFiles/SJFV2_0_bl.elf.dir/__/__/__/__/lib/main/STM32F4/Drivers/STM32F4xx_StdPeriph_Driver/src/stm32f4xx_ltdc.c.obj
LOAD CMakeFiles/SJFV2_0_bl.elf.dir/__/__/__/__/lib/main/STM32F4/Drivers/STM32F4xx_StdPeriph_Driver/src/stm32f4xx_pwr.c.obj
LOAD CMakeFiles/SJFV2_0_bl.elf.dir/__/__/__/__/lib/main/STM32F4/Drivers/STM32F4xx_StdPeriph_Driver/src/stm32f4xx_rcc.c.obj
LOAD CMakeFiles/SJFV2_0_bl.elf.dir/__/__/__/__/lib/main/STM32F4/Drivers/STM32F4xx_StdPeriph_Driver/src/stm32f4xx_rng.c.obj
LOAD CMakeFiles/SJFV2_0_bl.elf.dir/__/__/__/__/lib/main/STM32F4/Drivers/STM32F4xx_StdPeriph_Driver/src/stm32f4xx_rtc.c.obj
LOAD CMakeFiles/SJFV2_0_bl.elf.dir/__/__/__/__/lib/main/STM32F4/Drivers/STM32F4xx_StdPeriph_Driver/src/stm32f4xx_sdio.c.obj
LOAD CMakeFiles/SJFV2_0_bl.elf.dir/__/__/__/__/lib/main/STM32F4/Drivers/STM32F4xx_StdPeriph_Driver/src/stm32f4xx_spi.c.obj
LOAD CMakeFiles/SJFV2_0_bl.elf.dir/__/__/__/__/lib/main/STM32F4/Drivers/STM32F4xx_StdPeriph_Driver/src/stm32f4xx_syscfg.c.obj
LOAD CMakeFiles/SJFV2_0_bl.elf.dir/__/__/__/__/lib/main/STM32F4/Drivers/STM32F4xx_StdPeriph_Driver/src/stm32f4xx_tim.c.obj
LOAD CMakeFiles/SJFV2_0_bl.elf.dir/__/__/__/__/lib/main/STM32F4/Drivers/STM32F4xx_StdPeriph_Driver/src/stm32f4xx_usart.c.obj
LOAD CMakeFiles/SJFV2_0_bl.elf.dir/__/__/__/__/lib/main/STM32F4/Drivers/STM32F4xx_StdPeriph_Driver/src/stm32f4xx_wwdg.c.obj
LOAD CMakeFiles/SJFV2_0_bl.elf.dir/target.c.obj
LOAD CMakeFiles/SJFV2_0_bl.elf.dir/__/__/drivers/serial_usb_vcp.c.obj
LOAD CMakeFiles/SJFV2_0_bl.elf.dir/__/__/drivers/usb_io.c.obj
LOAD CMakeFiles/SJFV2_0_bl.elf.dir/__/__/__/__/lib/main/STM32_USB_OTG_Driver/src/usb_core.c.obj
LOAD CMakeFiles/SJFV2_0_bl.elf.dir/__/__/__/__/lib/main/STM32_USB_OTG_Driver/src/usb_dcd.c.obj
LOAD CMakeFiles/SJFV2_0_bl.elf.dir/__/__/__/__/lib/main/STM32_USB_OTG_Driver/src/usb_dcd_int.c.obj
LOAD CMakeFiles/SJFV2_0_bl.elf.dir/__/__/__/__/lib/main/STM32_USB_Device_Library/Core/src/usbd_core.c.obj
LOAD CMakeFiles/SJFV2_0_bl.elf.dir/__/__/__/__/lib/main/STM32_USB_Device_Library/Core/src/usbd_ioreq.c.obj
LOAD CMakeFiles/SJFV2_0_bl.elf.dir/__/__/__/__/lib/main/STM32_USB_Device_Library/Core/src/usbd_req.c.obj
LOAD CMakeFiles/SJFV2_0_bl.elf.dir/__/__/__/__/lib/main/STM32_USB_Device_Library/Class/cdc/src/usbd_cdc_core.c.obj
LOAD CMakeFiles/SJFV2_0_bl.elf.dir/__/__/__/__/lib/main/STM32_USB_Device_Library/Class/hid/src/usbd_hid_core.c.obj
LOAD CMakeFiles/SJFV2_0_bl.elf.dir/__/__/__/__/lib/main/STM32_USB_Device_Library/Class/hid_cdc_wrapper/src/usbd_hid_cdc_wrapper.c.obj
LOAD CMakeFiles/SJFV2_0_bl.elf.dir/__/__/vcpf4/stm32f4xx_it.c.obj
LOAD CMakeFiles/SJFV2_0_bl.elf.dir/__/__/vcpf4/usb_bsp.c.obj
LOAD CMakeFiles/SJFV2_0_bl.elf.dir/__/__/vcpf4/usbd_desc.c.obj
LOAD CMakeFiles/SJFV2_0_bl.elf.dir/__/__/vcpf4/usbd_usr.c.obj
LOAD CMakeFiles/SJFV2_0_bl.elf.dir/__/__/vcpf4/usbd_cdc_vcp.c.obj
LOAD CMakeFiles/SJFV2_0_bl.elf.dir/__/__/common/log.c.obj
LOAD CMakeFiles/SJFV2_0_bl.elf.dir/__/__/common/printf.c.obj
LOAD CMakeFiles/SJFV2_0_bl.elf.dir/__/__/common/string_light.c.obj
LOAD CMakeFiles/SJFV2_0_bl.elf.dir/__/__/common/typeconversion.c.obj
LOAD CMakeFiles/SJFV2_0_bl.elf.dir/__/__/drivers/bus.c.obj
LOAD CMakeFiles/SJFV2_0_bl.elf.dir/__/__/drivers/bus_busdev_i2c.c.obj
LOAD CMakeFiles/SJFV2_0_bl.elf.dir/__/__/drivers/bus_busdev_spi.c.obj
LOAD CMakeFiles/SJFV2_0_bl.elf.dir/__/__/drivers/bus_i2c_soft.c.obj
LOAD CMakeFiles/SJFV2_0_bl.elf.dir/__/__/drivers/io.c.obj
LOAD CMakeFiles/SJFV2_0_bl.elf.dir/__/__/drivers/light_led.c.obj
LOAD CMakeFiles/SJFV2_0_bl.elf.dir/__/__/drivers/persistent.c.obj
LOAD CMakeFiles/SJFV2_0_bl.elf.dir/__/__/drivers/rcc.c.obj
LOAD CMakeFiles/SJFV2_0_bl.elf.dir/__/__/drivers/serial.c.obj
LOAD CMakeFiles/SJFV2_0_bl.elf.dir/__/__/drivers/system.c.obj
LOAD CMakeFiles/SJFV2_0_bl.elf.dir/__/__/drivers/time.c.obj
LOAD CMakeFiles/SJFV2_0_bl.elf.dir/__/__/drivers/flash_m25p16.c.obj
LOAD CMakeFiles/SJFV2_0_bl.elf.dir/__/__/drivers/flash_w25n01g.c.obj
LOAD CMakeFiles/SJFV2_0_bl.elf.dir/__/__/drivers/flash.c.obj
LOAD CMakeFiles/SJFV2_0_bl.elf.dir/__/__/fc/firmware_update_common.c.obj
LOAD CMakeFiles/SJFV2_0_bl.elf.dir/__/common_hardware.c.obj
LOAD CMakeFiles/SJFV2_0_bl.elf.dir/__/__/__/bl/bl_main.c.obj
LOAD /home/sjf/Desktop/inav7/inav7.1.2/tools/gcc-arm-none-eabi-10.3-2021.10/bin/../lib/gcc/arm-none-eabi/10.3.1/../../../../arm-none-eabi/lib/thumb/v7e-m+fp/hard/libm.a
LOAD /home/sjf/Desktop/inav7/inav7.1.2/tools/gcc-arm-none-eabi-10.3-2021.10/bin/../lib/gcc/arm-none-eabi/10.3.1/../../../../arm-none-eabi/lib/thumb/v7e-m+fp/hard/libc_nano.a
LOAD /home/sjf/Desktop/inav7/inav7.1.2/tools/gcc-arm-none-eabi-10.3-2021.10/bin/../lib/gcc/arm-none-eabi/10.3.1/../../../../arm-none-eabi/lib/thumb/v7e-m+fp/hard/libnosys.a
START GROUP
LOAD /home/sjf/Desktop/inav7/inav7.1.2/tools/gcc-arm-none-eabi-10.3-2021.10/bin/../lib/gcc/arm-none-eabi/10.3.1/thumb/v7e-m+fp/hard/libgcc.a
LOAD /home/sjf/Desktop/inav7/inav7.1.2/tools/gcc-arm-none-eabi-10.3-2021.10/bin/../lib/gcc/arm-none-eabi/10.3.1/../../../../arm-none-eabi/lib/thumb/v7e-m+fp/hard/libg_nano.a
LOAD /home/sjf/Desktop/inav7/inav7.1.2/tools/gcc-arm-none-eabi-10.3-2021.10/bin/../lib/gcc/arm-none-eabi/10.3.1/../../../../arm-none-eabi/lib/thumb/v7e-m+fp/hard/libc_nano.a
END GROUP
START GROUP
LOAD /home/sjf/Desktop/inav7/inav7.1.2/tools/gcc-arm-none-eabi-10.3-2021.10/bin/../lib/gcc/arm-none-eabi/10.3.1/thumb/v7e-m+fp/hard/libgcc.a
LOAD /home/sjf/Desktop/inav7/inav7.1.2/tools/gcc-arm-none-eabi-10.3-2021.10/bin/../lib/gcc/arm-none-eabi/10.3.1/../../../../arm-none-eabi/lib/thumb/v7e-m+fp/hard/libc_nano.a
END GROUP
                0x0000000000000000                _Min_Heap_Size = 0x0
                0x0000000000001800                _Min_Stack_Size = 0x1800
                0x0000000008008000                __firmware_start = ORIGIN (FIRMWARE)
                0x0000000010010000                _estack = (ORIGIN (STACKRAM) + LENGTH (STACKRAM))
                0x00000000080e0000                __config_start = ORIGIN (FLASH_CONFIG)
                0x0000000008100000                __config_end = (ORIGIN (FLASH_CONFIG) + LENGTH (FLASH_CONFIG))

.isr_vector     0x0000000008000000      0x188
                0x0000000008000000                . = ALIGN (0x4)
                0x0000000008000000                PROVIDE (isr_vector_table_base = .)
 *(.isr_vector)
 .isr_vector    0x0000000008000000      0x188 CMakeFiles/SJFV2_0_bl.elf.dir/__/__/startup/startup_stm32f40xx.s.obj
                0x0000000008000000                g_pfnVectors
                0x0000000008000188                . = ALIGN (0x4)

.text           0x0000000008000188     0x2fd8
                0x0000000008000188                . = ALIGN (0x4)
 *(.text)
 .text          0x0000000008000188     0x29b8 /tmp/SJFV2_0_bl.elf.yTe7X3.ltrans0.ltrans.o
                0x000000000800201c                SystemInit
                0x0000000008002070                NMI_Handler
                0x0000000008002074                USART1_IRQHandler
                0x0000000008002080                USART2_IRQHandler
                0x000000000800208c                USART3_IRQHandler
                0x0000000008002098                UART4_IRQHandler
                0x00000000080020a4                UART5_IRQHandler
                0x00000000080020b0                TIM1_CC_IRQHandler
                0x00000000080020bc                TIM1_BRK_TIM9_IRQHandler
                0x00000000080020dc                TIM1_UP_TIM10_IRQHandler
                0x00000000080020fc                TIM1_TRG_COM_TIM11_IRQHandler
                0x000000000800211c                TIM2_IRQHandler
                0x0000000008002128                TIM3_IRQHandler
                0x0000000008002134                TIM4_IRQHandler
                0x0000000008002140                TIM5_IRQHandler
                0x000000000800214c                TIM8_CC_IRQHandler
                0x0000000008002158                TIM8_BRK_TIM12_IRQHandler
                0x0000000008002178                TIM8_UP_TIM13_IRQHandler
                0x0000000008002198                TIM8_TRG_COM_TIM14_IRQHandler
                0x00000000080021b8                DMA1_Stream0_IRQHandler
                0x00000000080021cc                DMA1_Stream1_IRQHandler
                0x00000000080021e0                DMA1_Stream2_IRQHandler
                0x00000000080021f4                DMA1_Stream3_IRQHandler
                0x0000000008002208                DMA1_Stream4_IRQHandler
                0x000000000800221c                DMA1_Stream5_IRQHandler
                0x0000000008002230                DMA1_Stream6_IRQHandler
                0x0000000008002244                DMA1_Stream7_IRQHandler
                0x0000000008002258                DMA2_Stream0_IRQHandler
                0x000000000800226c                DMA2_Stream1_IRQHandler
                0x0000000008002280                DMA2_Stream2_IRQHandler
                0x0000000008002294                DMA2_Stream3_IRQHandler
                0x00000000080022a8                DMA2_Stream4_IRQHandler
                0x00000000080022bc                DMA2_Stream5_IRQHandler
                0x00000000080022d0                DMA2_Stream6_IRQHandler
                0x00000000080022e4                DMA2_Stream7_IRQHandler
                0x00000000080022f8                SVC_Handler
                0x00000000080022fc                DebugMon_Handler
                0x0000000008002300                PendSV_Handler
                0x0000000008002304                OTG_FS_WKUP_IRQHandler
                0x0000000008002358                OTG_FS_IRQHandler
                0x0000000008002a44                persistentObjectInit
                0x0000000008002ac8                checkForBootLoaderRequest
                0x0000000008002b0c                SysTick_Handler
 .text          0x0000000008002b40       0x28 /home/sjf/Desktop/inav7/inav7.1.2/tools/gcc-arm-none-eabi-10.3-2021.10/bin/../lib/gcc/arm-none-eabi/10.3.1/thumb/v7e-m+fp/hard/libgcc.a(_popcountsi2.o)
                0x0000000008002b40                __popcountsi2
 *(.text*)
 .text.Reset_Handler
                0x0000000008002b68       0xa0 CMakeFiles/SJFV2_0_bl.elf.dir/__/__/startup/startup_stm32f40xx.s.obj
                0x0000000008002b68                Reset_Handler
 .text.Default_Handler
                0x0000000008002c08        0x2 CMakeFiles/SJFV2_0_bl.elf.dir/__/__/startup/startup_stm32f40xx.s.obj
                0x0000000008002c08                RTC_Alarm_IRQHandler
                0x0000000008002c08                HASH_RNG_IRQHandler
                0x0000000008002c08                EXTI2_IRQHandler
                0x0000000008002c08                HardFault_Handler
                0x0000000008002c08                PVD_IRQHandler
                0x0000000008002c08                SDIO_IRQHandler
                0x0000000008002c08                TAMP_STAMP_IRQHandler
                0x0000000008002c08                CAN2_RX1_IRQHandler
                0x0000000008002c08                EXTI3_IRQHandler
                0x0000000008002c08                I2C3_ER_IRQHandler
                0x0000000008002c08                EXTI0_IRQHandler
                0x0000000008002c08                I2C2_EV_IRQHandler
                0x0000000008002c08                CAN1_RX0_IRQHandler
                0x0000000008002c08                FPU_IRQHandler
                0x0000000008002c08                OTG_HS_WKUP_IRQHandler
                0x0000000008002c08                UsageFault_Handler
                0x0000000008002c08                CAN2_SCE_IRQHandler
                0x0000000008002c08                SPI1_IRQHandler
                0x0000000008002c08                TIM6_DAC_IRQHandler
                0x0000000008002c08                DCMI_IRQHandler
                0x0000000008002c08                CAN2_RX0_IRQHandler
                0x0000000008002c08                USART6_IRQHandler
                0x0000000008002c08                CRYP_IRQHandler
                0x0000000008002c08                CAN1_RX1_IRQHandler
                0x0000000008002c08                I2C1_EV_IRQHandler
                0x0000000008002c08                RCC_IRQHandler
                0x0000000008002c08                Default_Handler
                0x0000000008002c08                EXTI15_10_IRQHandler
                0x0000000008002c08                ADC_IRQHandler
                0x0000000008002c08                TIM7_IRQHandler
                0x0000000008002c08                CAN2_TX_IRQHandler
                0x0000000008002c08                I2C3_EV_IRQHandler
                0x0000000008002c08                EXTI9_5_IRQHandler
                0x0000000008002c08                RTC_WKUP_IRQHandler
                0x0000000008002c08                ETH_WKUP_IRQHandler
                0x0000000008002c08                SPI2_IRQHandler
                0x0000000008002c08                OTG_HS_EP1_IN_IRQHandler
                0x0000000008002c08                MemManage_Handler
                0x0000000008002c08                CAN1_TX_IRQHandler
                0x0000000008002c08                EXTI4_IRQHandler
                0x0000000008002c08                FSMC_IRQHandler
                0x0000000008002c08                ETH_IRQHandler
                0x0000000008002c08                OTG_HS_EP1_OUT_IRQHandler
                0x0000000008002c08                WWDG_IRQHandler
                0x0000000008002c08                OTG_HS_IRQHandler
                0x0000000008002c08                EXTI1_IRQHandler
                0x0000000008002c08                I2C2_ER_IRQHandler
                0x0000000008002c08                CAN1_SCE_IRQHandler
                0x0000000008002c08                FLASH_IRQHandler
                0x0000000008002c08                BusFault_Handler
                0x0000000008002c08                SPI3_IRQHandler
                0x0000000008002c08                I2C1_ER_IRQHandler
 *fill*         0x0000000008002c0a        0x2 
 .text.startup  0x0000000008002c0c      0x448 /tmp/SJFV2_0_bl.elf.yTe7X3.ltrans0.ltrans.o
                0x0000000008002c0c                main
 .text.memset   0x0000000008003054       0x10 /home/sjf/Desktop/inav7/inav7.1.2/tools/gcc-arm-none-eabi-10.3-2021.10/bin/../lib/gcc/arm-none-eabi/10.3.1/../../../../arm-none-eabi/lib/thumb/v7e-m+fp/hard/libc_nano.a(lib_a-memset.o)
                0x0000000008003054                memset
 *(.rodata)
 .rodata        0x0000000008003064       0xfc /tmp/SJFV2_0_bl.elf.yTe7X3.ltrans0.ltrans.o
 *(.rodata*)
 *(.glue_7)
 .glue_7        0x0000000008003160        0x0 linker stubs
 *(.glue_7t)
 .glue_7t       0x0000000008003160        0x0 linker stubs
 *(.eh_frame)
 *(.init)
 *(.fini)
                0x0000000008003160                . = ALIGN (0x4)
                0x0000000008003160                _etext = .

.vfp11_veneer   0x0000000008003160        0x0
 .vfp11_veneer  0x0000000008003160        0x0 linker stubs

.v4_bx          0x0000000008003160        0x0
 .v4_bx         0x0000000008003160        0x0 linker stubs

.iplt           0x0000000008003160        0x0
 .iplt          0x0000000008003160        0x0 CMakeFiles/SJFV2_0_bl.elf.dir/__/__/startup/startup_stm32f40xx.s.obj

.ARM.extab
 *(.ARM.extab* .gnu.linkonce.armextab.*)

.ARM            0x0000000008003160        0x0
                0x0000000008003160                __exidx_start = .
 *(.ARM.exidx*)
                0x0000000008003160                __exidx_end = .

.preinit_array  0x0000000008003160        0x0
                [!provide]                        PROVIDE (__preinit_array_start = .)
 *(.preinit_array*)
                [!provide]                        PROVIDE (__preinit_array_end = .)

.init_array     0x0000000008003160        0x0
                [!provide]                        PROVIDE (__init_array_start = .)
 *(SORT_BY_NAME(.init_array.*))
 *(.init_array*)
                [!provide]                        PROVIDE (__init_array_end = .)

.fini_array     0x0000000008003160        0x0
                [!provide]                        PROVIDE (__fini_array_start = .)
 *(.fini_array*)
 *(SORT_BY_NAME(.fini_array.*))
                [!provide]                        PROVIDE (__fini_array_end = .)

.pg_registry    0x0000000008003160       0x14
                [!provide]                        PROVIDE (__pg_registry_start = .)
 *(.pg_registry)
 .pg_registry   0x0000000008003160       0x14 /tmp/SJFV2_0_bl.elf.yTe7X3.ltrans0.ltrans.o
                0x0000000008003160                logConfig_Registry
 *(SORT_BY_NAME(.pg_registry.*))
                [!provide]                        PROVIDE (__pg_registry_end = .)

.pg_resetdata   0x0000000008003174        0x8
                [!provide]                        PROVIDE (__pg_resetdata_start = .)
 *(.pg_resetdata)
 .pg_resetdata  0x0000000008003174        0x8 /tmp/SJFV2_0_bl.elf.yTe7X3.ltrans0.ltrans.o
                0x0000000008003174                pgResetTemplate_logConfig
                [!provide]                        PROVIDE (__pg_resetdata_end = .)

.busdev_registry
                0x000000000800317c       0x54
                0x000000000800317c                PROVIDE (__busdev_registry_start = .)
 *(.busdev_registry)
 .busdev_registry
                0x000000000800317c       0x54 /tmp/SJFV2_0_bl.elf.yTe7X3.ltrans0.ltrans.o
                0x000000000800317c                busdev_mpu6500_registry
                0x0000000008003188                busdev_bmp280_registry
                0x0000000008003194                busdev_qmc5883_registry
                0x00000000080031a0                busdev_max7456_registry
                0x00000000080031ac                busdev_m25p16_registry
                0x00000000080031b8                busdev_ug2864_registry
                0x00000000080031c4                busdev_pcf8574_registry
 *(SORT_BY_NAME(.busdev_registry.*))
                0x00000000080031d0                PROVIDE (__busdev_registry_end = .)
                0x00000000080031d0                _sidata = .

.rel.dyn        0x00000000080031d0        0x0
 .rel.iplt      0x00000000080031d0        0x0 CMakeFiles/SJFV2_0_bl.elf.dir/__/__/startup/startup_stm32f40xx.s.obj

.data           0x0000000020000000      0xe60 load address 0x00000000080031d0
                0x0000000020000000                . = ALIGN (0x4)
                0x0000000020000000                _sdata = .
 *(.data)
 .data          0x0000000020000000      0xe60 /tmp/SJFV2_0_bl.elf.yTe7X3.ltrans0.ltrans.o
 *(.data*)
                0x0000000020000e60                . = ALIGN (0x4)
                0x0000000020000e60                _edata = .

.igot.plt       0x0000000020000e60        0x0 load address 0x0000000008004030
 .igot.plt      0x0000000020000e60        0x0 CMakeFiles/SJFV2_0_bl.elf.dir/__/__/startup/startup_stm32f40xx.s.obj
                0x0000000020000e60                . = ALIGN (0x4)

.bss            0x0000000020000e60      0xa7c load address 0x0000000008004030
                0x0000000020000e60                _sbss = .
                0x0000000020000e60                __bss_start__ = _sbss
 *(.bss)
 .bss           0x0000000020000e60      0xa7c /tmp/SJFV2_0_bl.elf.yTe7X3.ltrans0.ltrans.o
 *(SORT_BY_ALIGNMENT(.bss*))
 *(COMMON)
                0x00000000200018dc                . = ALIGN (0x4)
                0x00000000200018dc                _ebss = .
                0x00000000200018dc                __bss_end__ = _ebss

.fastram_bss    0x0000000010000000        0x0
                0x0000000010000000                __fastram_bss_start__ = .
 *(.fastram_bss)
 *(SORT_BY_ALIGNMENT(.fastram_bss*))
                0x0000000010000000                . = ALIGN (0x4)
                0x0000000010000000                __fastram_bss_end__ = .
                0x000000001000fff8                _heap_stack_end = ((ORIGIN (STACKRAM) + LENGTH (STACKRAM)) - 0x8)
                0x000000001000e7f8                _heap_stack_begin = ((_heap_stack_end - _Min_Stack_Size) - _Min_Heap_Size)
                0x000000001000e7f8                . = _heap_stack_begin

._user_heap_stack
                0x0000000010000000     0x1800
                0x0000000010000000                . = ALIGN (0x4)
                [!provide]                        PROVIDE (end = .)
                [!provide]                        PROVIDE (_end = .)
                0x0000000010000000                . = (. + _Min_Heap_Size)
                0x0000000010001800                . = (. + _Min_Stack_Size)
 *fill*         0x0000000010000000     0x1800 a5
                0x0000000010001800                . = ALIGN (0x4)

.memory_b1_text
 *(.mb1text)
 *(.mb1text*)
 *(.mb1rodata)
 *(.mb1rodata*)

/DISCARD/
 libc.a(*)
 libm.a(*)
 libgcc.a(*)

.ARM.attributes
                0x0000000000000000       0x35
 *(.ARM.attributes)
 .ARM.attributes
                0x0000000000000000       0x21 CMakeFiles/SJFV2_0_bl.elf.dir/__/__/startup/startup_stm32f40xx.s.obj
 .ARM.attributes
                0x0000000000000021       0x32 /tmp/SJFV2_0_bl.elf.yTe7X3.ltrans0.ltrans.o
 .ARM.attributes
                0x0000000000000053       0x34 /home/sjf/Desktop/inav7/inav7.1.2/tools/gcc-arm-none-eabi-10.3-2021.10/bin/../lib/gcc/arm-none-eabi/10.3.1/../../../../arm-none-eabi/lib/thumb/v7e-m+fp/hard/libc_nano.a(lib_a-memset.o)
 .ARM.attributes
                0x0000000000000087       0x34 /home/sjf/Desktop/inav7/inav7.1.2/tools/gcc-arm-none-eabi-10.3-2021.10/bin/../lib/gcc/arm-none-eabi/10.3.1/thumb/v7e-m+fp/hard/libgcc.a(_popcountsi2.o)
OUTPUT(../../../../bin/SJFV2_0_bl.elf elf32-littlearm)
LOAD linker stubs
LOAD /home/sjf/Desktop/inav7/inav7.1.2/tools/gcc-arm-none-eabi-10.3-2021.10/bin/../lib/gcc/arm-none-eabi/10.3.1/../../../../arm-none-eabi/lib/thumb/v7e-m+fp/hard/libc.a
LOAD /home/sjf/Desktop/inav7/inav7.1.2/tools/gcc-arm-none-eabi-10.3-2021.10/bin/../lib/gcc/arm-none-eabi/10.3.1/../../../../arm-none-eabi/lib/thumb/v7e-m+fp/hard/libm.a
LOAD /home/sjf/Desktop/inav7/inav7.1.2/tools/gcc-arm-none-eabi-10.3-2021.10/bin/../lib/gcc/arm-none-eabi/10.3.1/thumb/v7e-m+fp/hard/libgcc.a

.debug_line     0x0000000000000000    0x189dd
 .debug_line    0x0000000000000000       0xc6 CMakeFiles/SJFV2_0_bl.elf.dir/__/__/startup/startup_stm32f40xx.s.obj
 .debug_line    0x00000000000000c6     0x56bd /tmp/SJFV2_0_bl.elf.yTe7X3.ltrans0.ltrans.o
 .debug_line    0x0000000000005783      0x7a1 /tmp/ccYiYORT.debug.temp.o
 .debug_line    0x0000000000005f24      0x627 /tmp/ccknDMYJ.debug.temp.o
 .debug_line    0x000000000000654b      0x8e6 /tmp/cceJGtqQ.debug.temp.o
 .debug_line    0x0000000000006e31      0x85d /tmp/ccAnd1xg.debug.temp.o
 .debug_line    0x000000000000768e      0x886 /tmp/ccQ6OaGG.debug.temp.o
 .debug_line    0x0000000000007f14      0x8fd /tmp/ccuLXtYw.debug.temp.o
 .debug_line    0x0000000000008811      0x87c /tmp/ccKYaK8W.debug.temp.o
 .debug_line    0x000000000000908d      0x88d /tmp/ccHGS9uN.debug.temp.o
 .debug_line    0x000000000000991a      0x61d /tmp/cchES5TD.debug.temp.o
 .debug_line    0x0000000000009f37      0x627 /tmp/ccoEwSyB.debug.temp.o
 .debug_line    0x000000000000a55e      0x628 /tmp/ccNFrqP1.debug.temp.o
 .debug_line    0x000000000000ab86      0x64e /tmp/cczEeTnS.debug.temp.o
 .debug_line    0x000000000000b1d4      0x639 /tmp/ccIQEnAz.debug.temp.o
 .debug_line    0x000000000000b80d      0x639 /tmp/ccGzMcUZ.debug.temp.o
 .debug_line    0x000000000000be46      0x626 /tmp/ccY3RczQ.debug.temp.o
 .debug_line    0x000000000000c46c      0x639 /tmp/ccdx42fH.debug.temp.o
 .debug_line    0x000000000000caa5      0x63b /tmp/ccnKwKlY.debug.temp.o
 .debug_line    0x000000000000d0e0      0x6c8 /tmp/ccGwHTk6.debug.temp.o
 .debug_line    0x000000000000d7a8      0x6d4 /tmp/cckVkdLw.debug.temp.o
 .debug_line    0x000000000000de7c      0x6dc /tmp/ccqng3bX.debug.temp.o
 .debug_line    0x000000000000e558      0x787 /tmp/cc9G9mDn.debug.temp.o
 .debug_line    0x000000000000ecdf      0x75c /tmp/ccdzlf5N.debug.temp.o
 .debug_line    0x000000000000f43b      0x777 /tmp/cchQ0Exe.debug.temp.o
 .debug_line    0x000000000000fbb2      0x7e6 /tmp/ccbieB0E.debug.temp.o
 .debug_line    0x0000000000010398      0x788 /tmp/cc6M3ssW.debug.temp.o
 .debug_line    0x0000000000010b20      0x963 /tmp/ccUzxPvE.debug.temp.o
 .debug_line    0x0000000000011483      0xa52 /tmp/ccK2E124.debug.temp.o
 .debug_line    0x0000000000011ed5      0x8e2 /tmp/cc6vIpiN.debug.temp.o
 .debug_line    0x00000000000127b7      0x8c7 /tmp/ccTvUwtE.debug.temp.o
 .debug_line    0x000000000001307e      0x7b9 /tmp/ccy6C6Gv.debug.temp.o
 .debug_line    0x0000000000013837      0x800 /tmp/ccaHIIjW.debug.temp.o
 .debug_line    0x0000000000014037      0x6d3 /tmp/cccdvVWm.debug.temp.o
 .debug_line    0x000000000001470a      0x7be /tmp/ccOd1DAN.debug.temp.o
 .debug_line    0x0000000000014ec8      0x873 /tmp/ccVhtxTE.debug.temp.o
 .debug_line    0x000000000001573b      0x797 /tmp/cceYoOy5.debug.temp.o
 .debug_line    0x0000000000015ed2      0x83e /tmp/cc1Zvzew.debug.temp.o
 .debug_line    0x0000000000016710      0x8d8 /tmp/ccYTYFBn.debug.temp.o
 .debug_line    0x0000000000016fe8      0x859 /tmp/ccWCB5iO.debug.temp.o
 .debug_line    0x0000000000017841      0x792 /tmp/cciXI00e.debug.temp.o
 .debug_line    0x0000000000017fd3      0xa0a /tmp/cclFRxJF.debug.temp.o

.debug_info     0x0000000000000000    0x233be
 .debug_info    0x0000000000000000       0x22 CMakeFiles/SJFV2_0_bl.elf.dir/__/__/startup/startup_stm32f40xx.s.obj
 .debug_info    0x0000000000000022     0x7236 /tmp/SJFV2_0_bl.elf.yTe7X3.ltrans0.ltrans.o
 .debug_info    0x0000000000007258      0x8a5 /tmp/ccYiYORT.debug.temp.o
                0x0000000000007258                bus_spi.c.543d39f4
 .debug_info    0x0000000000007afd      0x61c /tmp/ccknDMYJ.debug.temp.o
                0x0000000000007afd                system_stm32f4xx.c.f3612f18
 .debug_info    0x0000000000008119      0xbb1 /tmp/cceJGtqQ.debug.temp.o
                0x0000000000008119                bus_i2c_stm32f40x.c.ed5621fb
 .debug_info    0x0000000000008cca     0x119e /tmp/ccAnd1xg.debug.temp.o
                0x0000000000008cca                serial_uart_stm32f4xx.c.54a3d4c0
 .debug_info    0x0000000000009e68      0xb02 /tmp/ccQ6OaGG.debug.temp.o
                0x0000000000009e68                system_stm32f4xx.c.723526b1
 .debug_info    0x000000000000a96a     0x1524 /tmp/ccuLXtYw.debug.temp.o
                0x000000000000a96a                timer_impl_stdperiph.c.18ead3a8
 .debug_info    0x000000000000be8e      0xbf9 /tmp/ccKYaK8W.debug.temp.o
                0x000000000000be8e                timer_stm32f4xx.c.a2f8bbc8
 .debug_info    0x000000000000ca87      0xbc8 /tmp/ccHGS9uN.debug.temp.o
                0x000000000000ca87                dma_stm32f4xx.c.08609667
 .debug_info    0x000000000000d64f      0x508 /tmp/cchES5TD.debug.temp.o
                0x000000000000d64f                misc.c.85e22992
 .debug_info    0x000000000000db57      0x2db /tmp/ccoEwSyB.debug.temp.o
                0x000000000000db57                stm32f4xx_exti.c.44743aa6
 .debug_info    0x000000000000de32      0x742 /tmp/ccNFrqP1.debug.temp.o
                0x000000000000de32                stm32f4xx_flash.c.3fd927f7
 .debug_info    0x000000000000e574      0x553 /tmp/cczEeTnS.debug.temp.o
                0x000000000000e574                stm32f4xx_gpio.c.80a7d0a0
 .debug_info    0x000000000000eac7      0x4c2 /tmp/ccIQEnAz.debug.temp.o
                0x000000000000eac7                stm32f4xx_pwr.c.ec437607
 .debug_info    0x000000000000ef89      0xbba /tmp/ccGzMcUZ.debug.temp.o
                0x000000000000ef89                stm32f4xx_rcc.c.48973327
 .debug_info    0x000000000000fb43      0xe17 /tmp/ccY3RczQ.debug.temp.o
                0x000000000000fb43                stm32f4xx_rtc.c.a18f5ed9
 .debug_info    0x000000000001095a      0xa02 /tmp/ccdx42fH.debug.temp.o
                0x000000000001095a                stm32f4xx_spi.c.a3a97a9f
 .debug_info    0x000000000001135c      0x834 /tmp/ccnKwKlY.debug.temp.o
                0x000000000001135c                stm32f4xx_usart.c.32baf9f8
 .debug_info    0x0000000000011b90     0x2392 /tmp/ccGwHTk6.debug.temp.o
                0x0000000000011b90                usb_core.c.4fc72fa8
 .debug_info    0x0000000000013f22     0x1024 /tmp/cckVkdLw.debug.temp.o
                0x0000000000013f22                usb_dcd.c.ce21eac3
 .debug_info    0x0000000000014f46     0x1ed2 /tmp/ccqng3bX.debug.temp.o
                0x0000000000014f46                usb_dcd_int.c.a38c15a1
 .debug_info    0x0000000000016e18      0xfe8 /tmp/cc9G9mDn.debug.temp.o
                0x0000000000016e18                usbd_core.c.6eaa55e2
 .debug_info    0x0000000000017e00      0xd05 /tmp/ccdzlf5N.debug.temp.o
                0x0000000000017e00                usbd_ioreq.c.efc5d490
 .debug_info    0x0000000000018b05      0xfa8 /tmp/cchQ0Exe.debug.temp.o
                0x0000000000018b05                usbd_req.c.959d729b
 .debug_info    0x0000000000019aad      0xee7 /tmp/ccbieB0E.debug.temp.o
                0x0000000000019aad                usbd_cdc_core.c.d0225b78
 .debug_info    0x000000000001a994      0xb93 /tmp/cc6M3ssW.debug.temp.o
                0x000000000001a994                stm32f4xx_it.c.b1a90969
 .debug_info    0x000000000001b527      0xfb6 /tmp/ccUzxPvE.debug.temp.o
                0x000000000001b527                usbd_cdc_vcp.c.6d2c8618
 .debug_info    0x000000000001c4dd      0xe8a /tmp/ccK2E124.debug.temp.o
                0x000000000001c4dd                log.c.5d64e338
 .debug_info    0x000000000001d367      0xbd2 /tmp/cc6vIpiN.debug.temp.o
                0x000000000001d367                bus.c.346ab827
 .debug_info    0x000000000001df39      0x996 /tmp/ccTvUwtE.debug.temp.o
                0x000000000001df39                bus_busdev_spi.c.02a13c83
 .debug_info    0x000000000001e8cf      0x9d6 /tmp/ccy6C6Gv.debug.temp.o
                0x000000000001e8cf                io.c.1114d604
 .debug_info    0x000000000001f2a5      0x4e4 /tmp/ccaHIIjW.debug.temp.o
                0x000000000001f2a5                light_led.c.23a18fd6
 .debug_info    0x000000000001f789      0x346 /tmp/cccdvVWm.debug.temp.o
                0x000000000001f789                persistent.c.a2abab34
 .debug_info    0x000000000001facf      0x3a6 /tmp/ccOd1DAN.debug.temp.o
                0x000000000001facf                rcc.c.6b67fac3
 .debug_info    0x000000000001fe75      0x799 /tmp/ccVhtxTE.debug.temp.o
                0x000000000001fe75                system.c.19188baf
 .debug_info    0x000000000002060e      0x673 /tmp/cceYoOy5.debug.temp.o
                0x000000000002060e                time.c.6ef1ecf0
 .debug_info    0x0000000000020c81      0xb05 /tmp/cc1Zvzew.debug.temp.o
                0x0000000000020c81                flash_m25p16.c.6f3bcf49
 .debug_info    0x0000000000021786      0x89d /tmp/ccYTYFBn.debug.temp.o
                0x0000000000021786                flash.c.ed98138d
 .debug_info    0x0000000000022023      0x2d5 /tmp/ccWCB5iO.debug.temp.o
                0x0000000000022023                firmware_update_common.c.90f3e532
 .debug_info    0x00000000000222f8      0x7a9 /tmp/cciXI00e.debug.temp.o
                0x00000000000222f8                common_hardware.c.a41c605f
 .debug_info    0x0000000000022aa1      0x91d /tmp/cclFRxJF.debug.temp.o
                0x0000000000022aa1                bl_main.c.fc644001

.debug_abbrev   0x0000000000000000     0x4c3c
 .debug_abbrev  0x0000000000000000       0x12 CMakeFiles/SJFV2_0_bl.elf.dir/__/__/startup/startup_stm32f40xx.s.obj
 .debug_abbrev  0x0000000000000012      0x334 /tmp/SJFV2_0_bl.elf.yTe7X3.ltrans0.ltrans.o
 .debug_abbrev  0x0000000000000346      0x1fb /tmp/ccYiYORT.debug.temp.o
 .debug_abbrev  0x0000000000000541      0x130 /tmp/ccknDMYJ.debug.temp.o
 .debug_abbrev  0x0000000000000671      0x245 /tmp/cceJGtqQ.debug.temp.o
 .debug_abbrev  0x00000000000008b6      0x2a9 /tmp/ccAnd1xg.debug.temp.o
 .debug_abbrev  0x0000000000000b5f      0x1d8 /tmp/ccQ6OaGG.debug.temp.o
 .debug_abbrev  0x0000000000000d37      0x2ac /tmp/ccuLXtYw.debug.temp.o
 .debug_abbrev  0x0000000000000fe3      0x178 /tmp/ccKYaK8W.debug.temp.o
 .debug_abbrev  0x000000000000115b      0x214 /tmp/ccHGS9uN.debug.temp.o
 .debug_abbrev  0x000000000000136f      0x159 /tmp/cchES5TD.debug.temp.o
 .debug_abbrev  0x00000000000014c8      0x18c /tmp/ccoEwSyB.debug.temp.o
 .debug_abbrev  0x0000000000001654      0x132 /tmp/ccNFrqP1.debug.temp.o
 .debug_abbrev  0x0000000000001786      0x18f /tmp/cczEeTnS.debug.temp.o
 .debug_abbrev  0x0000000000001915      0x156 /tmp/ccIQEnAz.debug.temp.o
 .debug_abbrev  0x0000000000001a6b      0x17f /tmp/ccGzMcUZ.debug.temp.o
 .debug_abbrev  0x0000000000001bea      0x16c /tmp/ccY3RczQ.debug.temp.o
 .debug_abbrev  0x0000000000001d56      0x154 /tmp/ccdx42fH.debug.temp.o
 .debug_abbrev  0x0000000000001eaa      0x155 /tmp/ccnKwKlY.debug.temp.o
 .debug_abbrev  0x0000000000001fff      0x2a6 /tmp/ccGwHTk6.debug.temp.o
 .debug_abbrev  0x00000000000022a5      0x237 /tmp/cckVkdLw.debug.temp.o
 .debug_abbrev  0x00000000000024dc      0x256 /tmp/ccqng3bX.debug.temp.o
 .debug_abbrev  0x0000000000002732      0x26c /tmp/cc9G9mDn.debug.temp.o
 .debug_abbrev  0x000000000000299e      0x1ad /tmp/ccdzlf5N.debug.temp.o
 .debug_abbrev  0x0000000000002b4b      0x2a6 /tmp/cchQ0Exe.debug.temp.o
 .debug_abbrev  0x0000000000002df1      0x22a /tmp/ccbieB0E.debug.temp.o
 .debug_abbrev  0x000000000000301b      0x160 /tmp/cc6M3ssW.debug.temp.o
 .debug_abbrev  0x000000000000317b      0x2d1 /tmp/ccUzxPvE.debug.temp.o
 .debug_abbrev  0x000000000000344c      0x226 /tmp/ccK2E124.debug.temp.o
 .debug_abbrev  0x0000000000003672      0x21d /tmp/cc6vIpiN.debug.temp.o
 .debug_abbrev  0x000000000000388f      0x1cd /tmp/ccTvUwtE.debug.temp.o
 .debug_abbrev  0x0000000000003a5c      0x221 /tmp/ccy6C6Gv.debug.temp.o
 .debug_abbrev  0x0000000000003c7d      0x180 /tmp/ccaHIIjW.debug.temp.o
 .debug_abbrev  0x0000000000003dfd      0x138 /tmp/cccdvVWm.debug.temp.o
 .debug_abbrev  0x0000000000003f35      0x113 /tmp/ccOd1DAN.debug.temp.o
 .debug_abbrev  0x0000000000004048      0x1f4 /tmp/ccVhtxTE.debug.temp.o
 .debug_abbrev  0x000000000000423c      0x1a1 /tmp/cceYoOy5.debug.temp.o
 .debug_abbrev  0x00000000000043dd      0x261 /tmp/cc1Zvzew.debug.temp.o
 .debug_abbrev  0x000000000000463e      0x1da /tmp/ccYTYFBn.debug.temp.o
 .debug_abbrev  0x0000000000004818       0xdb /tmp/ccWCB5iO.debug.temp.o
 .debug_abbrev  0x00000000000048f3      0x134 /tmp/cciXI00e.debug.temp.o
 .debug_abbrev  0x0000000000004a27      0x215 /tmp/cclFRxJF.debug.temp.o

.debug_aranges  0x0000000000000000       0x50
 .debug_aranges
                0x0000000000000000       0x28 CMakeFiles/SJFV2_0_bl.elf.dir/__/__/startup/startup_stm32f40xx.s.obj
 .debug_aranges
                0x0000000000000028       0x28 /tmp/SJFV2_0_bl.elf.yTe7X3.ltrans0.ltrans.o

.debug_str      0x0000000000000000    0x978b8
 .debug_str     0x0000000000000000       0x90 CMakeFiles/SJFV2_0_bl.elf.dir/__/__/startup/startup_stm32f40xx.s.obj
 .debug_str     0x0000000000000090      0x151 /tmp/SJFV2_0_bl.elf.yTe7X3.ltrans0.ltrans.o
                                        0x19f (size before relaxing)
 .debug_str     0x00000000000001e1    0x6c1a3 /tmp/ccYiYORT.debug.temp.o
                                      0x6c4a0 (size before relaxing)
 .debug_str     0x000000000006c384      0x266 /tmp/ccknDMYJ.debug.temp.o
                                      0x61a7a (size before relaxing)
 .debug_str     0x000000000006c5ea     0x4638 /tmp/cceJGtqQ.debug.temp.o
                                      0x7026a (size before relaxing)
 .debug_str     0x0000000000070c22      0xc3c /tmp/ccAnd1xg.debug.temp.o
                                      0x6dd0b (size before relaxing)
 .debug_str     0x000000000007185e     0x1459 /tmp/ccQ6OaGG.debug.temp.o
                                      0x67748 (size before relaxing)
 .debug_str     0x0000000000072cb7     0x23ab /tmp/ccuLXtYw.debug.temp.o
                                      0x7272e (size before relaxing)
 .debug_str     0x0000000000075062      0x17b /tmp/ccKYaK8W.debug.temp.o
                                      0x6efed (size before relaxing)
 .debug_str     0x00000000000751dd      0x259 /tmp/ccHGS9uN.debug.temp.o
                                      0x68fcf (size before relaxing)
 .debug_str     0x0000000000075436      0x1e1 /tmp/cchES5TD.debug.temp.o
                                      0x61a21 (size before relaxing)
 .debug_str     0x0000000000075617      0x210 /tmp/ccoEwSyB.debug.temp.o
                                      0x61997 (size before relaxing)
 .debug_str     0x0000000000075827      0x4ee /tmp/ccNFrqP1.debug.temp.o
                                      0x61ceb (size before relaxing)
 .debug_str     0x0000000000075d15      0x1b5 /tmp/cczEeTnS.debug.temp.o
                                      0x61ac9 (size before relaxing)
 .debug_str     0x0000000000075eca      0x589 /tmp/ccIQEnAz.debug.temp.o
                                      0x61d8c (size before relaxing)
 .debug_str     0x0000000000076453      0xc94 /tmp/ccGzMcUZ.debug.temp.o
                                      0x625d6 (size before relaxing)
 .debug_str     0x00000000000770e7      0xbc2 /tmp/ccY3RczQ.debug.temp.o
                                      0x623ca (size before relaxing)
 .debug_str     0x0000000000077ca9      0x348 /tmp/ccdx42fH.debug.temp.o
                                      0x61db2 (size before relaxing)
 .debug_str     0x0000000000077ff1      0x55b /tmp/ccnKwKlY.debug.temp.o
                                      0x61ddc (size before relaxing)
 .debug_str     0x000000000007854c     0x1ede /tmp/ccGwHTk6.debug.temp.o
                                      0x638e0 (size before relaxing)
 .debug_str     0x000000000007a42a      0x1e2 /tmp/cckVkdLw.debug.temp.o
                                      0x62e5e (size before relaxing)
 .debug_str     0x000000000007a60c      0x423 /tmp/ccqng3bX.debug.temp.o
                                      0x63782 (size before relaxing)
 .debug_str     0x000000000007aa2f      0x85d /tmp/cc9G9mDn.debug.temp.o
                                      0x636d0 (size before relaxing)
 .debug_str     0x000000000007b28c       0xe2 /tmp/ccdzlf5N.debug.temp.o
                                      0x633c5 (size before relaxing)
 .debug_str     0x000000000007b36e      0x270 /tmp/cchQ0Exe.debug.temp.o
                                      0x63610 (size before relaxing)
 .debug_str     0x000000000007b5de      0x43b /tmp/ccbieB0E.debug.temp.o
                                      0x63824 (size before relaxing)
 .debug_str     0x000000000007ba19       0xbf /tmp/cc6M3ssW.debug.temp.o
                                      0x635f5 (size before relaxing)
 .debug_str     0x000000000007bad8      0x268 /tmp/ccUzxPvE.debug.temp.o
                                      0x65e49 (size before relaxing)
 .debug_str     0x000000000007bd40    0x18b03 /tmp/ccK2E124.debug.temp.o
                                      0x86751 (size before relaxing)
 .debug_str     0x0000000000094843      0x6ae /tmp/cc6vIpiN.debug.temp.o
                                      0x70192 (size before relaxing)
 .debug_str     0x0000000000094ef1      0x14d /tmp/ccTvUwtE.debug.temp.o
                                      0x6fc4c (size before relaxing)
 .debug_str     0x000000000009503e      0x1de /tmp/ccy6C6Gv.debug.temp.o
                                      0x6be60 (size before relaxing)
 .debug_str     0x000000000009521c       0x83 /tmp/ccaHIIjW.debug.temp.o
                                      0x6c54e (size before relaxing)
 .debug_str     0x000000000009529f      0x236 /tmp/cccdvVWm.debug.temp.o
                                      0x62be7 (size before relaxing)
 .debug_str     0x00000000000954d5       0xc7 /tmp/ccOd1DAN.debug.temp.o
                                      0x65127 (size before relaxing)
 .debug_str     0x000000000009559c      0x3fc /tmp/ccVhtxTE.debug.temp.o
                                      0x6703b (size before relaxing)
 .debug_str     0x0000000000095998       0xef /tmp/cceYoOy5.debug.temp.o
                                      0x6417a (size before relaxing)
 .debug_str     0x0000000000095a87      0x6d2 /tmp/cc1Zvzew.debug.temp.o
                                      0x6da49 (size before relaxing)
 .debug_str     0x0000000000096159      0x2f1 /tmp/ccYTYFBn.debug.temp.o
                                      0x6f6d7 (size before relaxing)
 .debug_str     0x000000000009644a      0x5ac /tmp/ccWCB5iO.debug.temp.o
                                      0x651db (size before relaxing)
 .debug_str     0x00000000000969f6      0x27a /tmp/cciXI00e.debug.temp.o
                                      0x6c160 (size before relaxing)
 .debug_str     0x0000000000096c70      0xc48 /tmp/cclFRxJF.debug.temp.o
                                      0x70ec6 (size before relaxing)

.debug_ranges   0x0000000000000000     0x25b0
 .debug_ranges  0x0000000000000000       0x20 CMakeFiles/SJFV2_0_bl.elf.dir/__/__/startup/startup_stm32f40xx.s.obj
 .debug_ranges  0x0000000000000020     0x2590 /tmp/SJFV2_0_bl.elf.yTe7X3.ltrans0.ltrans.o

.debug_loc      0x0000000000000000     0x8455
 .debug_loc     0x0000000000000000     0x8455 /tmp/SJFV2_0_bl.elf.yTe7X3.ltrans0.ltrans.o

.comment        0x0000000000000000       0x49
 .comment       0x0000000000000000       0x49 /tmp/SJFV2_0_bl.elf.yTe7X3.ltrans0.ltrans.o
                                         0x4a (size before relaxing)

.debug_frame    0x0000000000000000      0x91c
 .debug_frame   0x0000000000000000      0x8dc /tmp/SJFV2_0_bl.elf.yTe7X3.ltrans0.ltrans.o
 .debug_frame   0x00000000000008dc       0x20 /home/sjf/Desktop/inav7/inav7.1.2/tools/gcc-arm-none-eabi-10.3-2021.10/bin/../lib/gcc/arm-none-eabi/10.3.1/../../../../arm-none-eabi/lib/thumb/v7e-m+fp/hard/libc_nano.a(lib_a-memset.o)
 .debug_frame   0x00000000000008fc       0x20 /home/sjf/Desktop/inav7/inav7.1.2/tools/gcc-arm-none-eabi-10.3-2021.10/bin/../lib/gcc/arm-none-eabi/10.3.1/thumb/v7e-m+fp/hard/libgcc.a(_popcountsi2.o)

.debug_macro    0x0000000000000000    0x1d748
 .debug_macro   0x0000000000000000      0x282 /tmp/ccYiYORT.debug.temp.o
 .debug_macro   0x0000000000000282      0xaea /tmp/ccYiYORT.debug.temp.o
 .debug_macro   0x0000000000000d6c       0x22 /tmp/ccYiYORT.debug.temp.o
 .debug_macro   0x0000000000000d8e       0x22 /tmp/ccYiYORT.debug.temp.o
 .debug_macro   0x0000000000000db0       0x8e /tmp/ccYiYORT.debug.temp.o
 .debug_macro   0x0000000000000e3e       0x51 /tmp/ccYiYORT.debug.temp.o
 .debug_macro   0x0000000000000e8f      0x103 /tmp/ccYiYORT.debug.temp.o
 .debug_macro   0x0000000000000f92       0x6a /tmp/ccYiYORT.debug.temp.o
 .debug_macro   0x0000000000000ffc      0x1df /tmp/ccYiYORT.debug.temp.o
 .debug_macro   0x00000000000011db       0x5e /tmp/ccYiYORT.debug.temp.o
 .debug_macro   0x0000000000001239       0x1c /tmp/ccYiYORT.debug.temp.o
 .debug_macro   0x0000000000001255       0x22 /tmp/ccYiYORT.debug.temp.o
 .debug_macro   0x0000000000001277       0xd9 /tmp/ccYiYORT.debug.temp.o
 .debug_macro   0x0000000000001350      0xff5 /tmp/ccYiYORT.debug.temp.o
 .debug_macro   0x0000000000002345       0xe2 /tmp/ccYiYORT.debug.temp.o
 .debug_macro   0x0000000000002427     0x9159 /tmp/ccYiYORT.debug.temp.o
 .debug_macro   0x000000000000b580      0x44f /tmp/ccYiYORT.debug.temp.o
 .debug_macro   0x000000000000b9cf       0xb2 /tmp/ccYiYORT.debug.temp.o
 .debug_macro   0x000000000000ba81      0x477 /tmp/ccYiYORT.debug.temp.o
 .debug_macro   0x000000000000bef8       0xb5 /tmp/ccYiYORT.debug.temp.o
 .debug_macro   0x000000000000bfad      0x41c /tmp/ccYiYORT.debug.temp.o
 .debug_macro   0x000000000000c3c9      0x2f5 /tmp/ccYiYORT.debug.temp.o
 .debug_macro   0x000000000000c6be      0x2ba /tmp/ccYiYORT.debug.temp.o
 .debug_macro   0x000000000000c978       0x64 /tmp/ccYiYORT.debug.temp.o
 .debug_macro   0x000000000000c9dc       0xee /tmp/ccYiYORT.debug.temp.o
 .debug_macro   0x000000000000caca      0x651 /tmp/ccYiYORT.debug.temp.o
 .debug_macro   0x000000000000d11b      0x59e /tmp/ccYiYORT.debug.temp.o
 .debug_macro   0x000000000000d6b9      0x342 /tmp/ccYiYORT.debug.temp.o
 .debug_macro   0x000000000000d9fb      0x36c /tmp/ccYiYORT.debug.temp.o
 .debug_macro   0x000000000000dd67       0xf7 /tmp/ccYiYORT.debug.temp.o
 .debug_macro   0x000000000000de5e      0x73b /tmp/ccYiYORT.debug.temp.o
 .debug_macro   0x000000000000e599      0x223 /tmp/ccYiYORT.debug.temp.o
 .debug_macro   0x000000000000e7bc       0x34 /tmp/ccYiYORT.debug.temp.o
 .debug_macro   0x000000000000e7f0       0x82 /tmp/ccYiYORT.debug.temp.o
 .debug_macro   0x000000000000e872      0x144 /tmp/ccYiYORT.debug.temp.o
 .debug_macro   0x000000000000e9b6       0xc3 /tmp/ccYiYORT.debug.temp.o
 .debug_macro   0x000000000000ea79       0x40 /tmp/ccYiYORT.debug.temp.o
 .debug_macro   0x000000000000eab9      0x3cf /tmp/ccYiYORT.debug.temp.o
 .debug_macro   0x000000000000ee88      0x188 /tmp/ccYiYORT.debug.temp.o
 .debug_macro   0x000000000000f010      0x149 /tmp/ccYiYORT.debug.temp.o
 .debug_macro   0x000000000000f159      0x279 /tmp/ccYiYORT.debug.temp.o
 .debug_macro   0x000000000000f3d2       0x35 /tmp/ccYiYORT.debug.temp.o
 .debug_macro   0x000000000000f407       0x16 /tmp/ccYiYORT.debug.temp.o
 .debug_macro   0x000000000000f41d      0x2e6 /tmp/ccYiYORT.debug.temp.o
 .debug_macro   0x000000000000f703      0x25a /tmp/ccYiYORT.debug.temp.o
 .debug_macro   0x000000000000f95d       0x2e /tmp/ccYiYORT.debug.temp.o
 .debug_macro   0x000000000000f98b       0x10 /tmp/ccYiYORT.debug.temp.o
 .debug_macro   0x000000000000f99b       0x58 /tmp/ccYiYORT.debug.temp.o
 .debug_macro   0x000000000000f9f3       0x22 /tmp/ccYiYORT.debug.temp.o
 .debug_macro   0x000000000000fa15       0x5e /tmp/ccYiYORT.debug.temp.o
 .debug_macro   0x000000000000fa73      0x16d /tmp/ccYiYORT.debug.temp.o
 .debug_macro   0x000000000000fbe0       0xbe /tmp/ccYiYORT.debug.temp.o
 .debug_macro   0x000000000000fc9e       0x4c /tmp/ccYiYORT.debug.temp.o
 .debug_macro   0x000000000000fcea      0xcc0 /tmp/ccYiYORT.debug.temp.o
 .debug_macro   0x00000000000109aa       0x10 /tmp/ccYiYORT.debug.temp.o
 .debug_macro   0x00000000000109ba      0x18a /tmp/ccYiYORT.debug.temp.o
 .debug_macro   0x0000000000010b44       0x22 /tmp/ccYiYORT.debug.temp.o
 .debug_macro   0x0000000000010b66      0x211 /tmp/ccknDMYJ.debug.temp.o
 .debug_macro   0x0000000000010d77      0x38b /tmp/cceJGtqQ.debug.temp.o
 .debug_macro   0x0000000000011102       0x16 /tmp/cceJGtqQ.debug.temp.o
 .debug_macro   0x0000000000011118      0x10e /tmp/cceJGtqQ.debug.temp.o
 .debug_macro   0x0000000000011226       0x86 /tmp/cceJGtqQ.debug.temp.o
 .debug_macro   0x00000000000112ac       0x16 /tmp/cceJGtqQ.debug.temp.o
 .debug_macro   0x00000000000112c2       0x29 /tmp/cceJGtqQ.debug.temp.o
 .debug_macro   0x00000000000112eb       0x40 /tmp/cceJGtqQ.debug.temp.o
 .debug_macro   0x000000000001132b       0x40 /tmp/cceJGtqQ.debug.temp.o
 .debug_macro   0x000000000001136b      0x2a1 /tmp/ccAnd1xg.debug.temp.o
 .debug_macro   0x000000000001160c      0x335 /tmp/ccQ6OaGG.debug.temp.o
 .debug_macro   0x0000000000011941      0x280 /tmp/ccQ6OaGG.debug.temp.o
 .debug_macro   0x0000000000011bc1      0x369 /tmp/ccuLXtYw.debug.temp.o
 .debug_macro   0x0000000000011f2a       0x16 /tmp/ccuLXtYw.debug.temp.o
 .debug_macro   0x0000000000011f40       0x10 /tmp/ccuLXtYw.debug.temp.o
 .debug_macro   0x0000000000011f50      0x2bb /tmp/ccKYaK8W.debug.temp.o
 .debug_macro   0x000000000001220b      0x331 /tmp/ccHGS9uN.debug.temp.o
 .debug_macro   0x000000000001253c      0x1e5 /tmp/cchES5TD.debug.temp.o
 .debug_macro   0x0000000000012721       0x7c /tmp/cchES5TD.debug.temp.o
 .debug_macro   0x000000000001279d      0x1e5 /tmp/ccoEwSyB.debug.temp.o
 .debug_macro   0x0000000000012982       0xaf /tmp/ccoEwSyB.debug.temp.o
 .debug_macro   0x0000000000012a31      0x1e5 /tmp/ccNFrqP1.debug.temp.o
 .debug_macro   0x0000000000012c16      0x416 /tmp/ccNFrqP1.debug.temp.o
 .debug_macro   0x000000000001302c      0x1e3 /tmp/cczEeTnS.debug.temp.o
 .debug_macro   0x000000000001320f      0x26a /tmp/ccIQEnAz.debug.temp.o
 .debug_macro   0x0000000000013479       0xe8 /tmp/ccIQEnAz.debug.temp.o
 .debug_macro   0x0000000000013561      0x2b2 /tmp/ccGzMcUZ.debug.temp.o
 .debug_macro   0x0000000000013813      0x21f /tmp/ccY3RczQ.debug.temp.o
 .debug_macro   0x0000000000013a32      0x598 /tmp/ccY3RczQ.debug.temp.o
 .debug_macro   0x0000000000013fca      0x20f /tmp/ccdx42fH.debug.temp.o
 .debug_macro   0x00000000000141d9      0x366 /tmp/ccdx42fH.debug.temp.o
 .debug_macro   0x000000000001453f      0x1fb /tmp/ccnKwKlY.debug.temp.o
 .debug_macro   0x000000000001473a      0x21d /tmp/ccnKwKlY.debug.temp.o
 .debug_macro   0x0000000000014957      0x213 /tmp/ccGwHTk6.debug.temp.o
 .debug_macro   0x0000000000014b6a       0x63 /tmp/ccGwHTk6.debug.temp.o
 .debug_macro   0x0000000000014bcd      0x21e /tmp/cckVkdLw.debug.temp.o
 .debug_macro   0x0000000000014deb      0x223 /tmp/ccqng3bX.debug.temp.o
 .debug_macro   0x000000000001500e       0x10 /tmp/ccqng3bX.debug.temp.o
 .debug_macro   0x000000000001501e      0x26b /tmp/cc9G9mDn.debug.temp.o
 .debug_macro   0x0000000000015289      0x124 /tmp/cc9G9mDn.debug.temp.o
 .debug_macro   0x00000000000153ad      0x240 /tmp/ccdzlf5N.debug.temp.o
 .debug_macro   0x00000000000155ed       0x70 /tmp/ccdzlf5N.debug.temp.o
 .debug_macro   0x000000000001565d      0x25d /tmp/cchQ0Exe.debug.temp.o
 .debug_macro   0x00000000000158ba      0x27e /tmp/ccbieB0E.debug.temp.o
 .debug_macro   0x0000000000015b38      0x25f /tmp/cc6M3ssW.debug.temp.o
 .debug_macro   0x0000000000015d97      0x2cc /tmp/ccUzxPvE.debug.temp.o
 .debug_macro   0x0000000000016063      0x384 /tmp/ccK2E124.debug.temp.o
 .debug_macro   0x00000000000163e7       0x58 /tmp/ccK2E124.debug.temp.o
 .debug_macro   0x000000000001643f      0x119 /tmp/ccK2E124.debug.temp.o
 .debug_macro   0x0000000000016558      0x1f8 /tmp/ccK2E124.debug.temp.o
 .debug_macro   0x0000000000016750       0x1c /tmp/ccK2E124.debug.temp.o
 .debug_macro   0x000000000001676c     0x431e /tmp/ccK2E124.debug.temp.o
 .debug_macro   0x000000000001aa8a       0x28 /tmp/ccK2E124.debug.temp.o
 .debug_macro   0x000000000001aab2       0x10 /tmp/ccK2E124.debug.temp.o
 .debug_macro   0x000000000001aac2       0x28 /tmp/ccK2E124.debug.temp.o
 .debug_macro   0x000000000001aaea      0x49d /tmp/ccK2E124.debug.temp.o
 .debug_macro   0x000000000001af87       0x4c /tmp/ccK2E124.debug.temp.o
 .debug_macro   0x000000000001afd3       0x2e /tmp/ccK2E124.debug.temp.o
 .debug_macro   0x000000000001b001      0x196 /tmp/ccK2E124.debug.temp.o
 .debug_macro   0x000000000001b197      0x38e /tmp/cc6vIpiN.debug.temp.o
 .debug_macro   0x000000000001b525      0x35a /tmp/ccTvUwtE.debug.temp.o
 .debug_macro   0x000000000001b87f      0x26f /tmp/ccy6C6Gv.debug.temp.o
 .debug_macro   0x000000000001baee      0x285 /tmp/ccaHIIjW.debug.temp.o
 .debug_macro   0x000000000001bd73      0x219 /tmp/cccdvVWm.debug.temp.o
 .debug_macro   0x000000000001bf8c       0x2e /tmp/cccdvVWm.debug.temp.o
 .debug_macro   0x000000000001bfba      0x254 /tmp/ccOd1DAN.debug.temp.o
 .debug_macro   0x000000000001c20e      0x320 /tmp/ccVhtxTE.debug.temp.o
 .debug_macro   0x000000000001c52e       0x16 /tmp/ccVhtxTE.debug.temp.o
 .debug_macro   0x000000000001c544      0x238 /tmp/cceYoOy5.debug.temp.o
 .debug_macro   0x000000000001c77c      0x30e /tmp/cc1Zvzew.debug.temp.o
 .debug_macro   0x000000000001ca8a      0x35f /tmp/ccYTYFBn.debug.temp.o
 .debug_macro   0x000000000001cde9      0x260 /tmp/ccWCB5iO.debug.temp.o
 .debug_macro   0x000000000001d049       0x46 /tmp/ccWCB5iO.debug.temp.o
 .debug_macro   0x000000000001d08f       0x82 /tmp/ccWCB5iO.debug.temp.o
 .debug_macro   0x000000000001d111      0x29a /tmp/cciXI00e.debug.temp.o
 .debug_macro   0x000000000001d3ab      0x39d /tmp/cclFRxJF.debug.temp.o

Cross Reference Table

Symbol                                            File
ADC_AnalogWatchdogCmd                             CMakeFiles/SJFV2_0_bl.elf.dir/__/__/__/__/lib/main/STM32F4/Drivers/STM32F4xx_StdPeriph_Driver/src/stm32f4xx_adc.c.obj (symbol from plugin)
ADC_AnalogWatchdogSingleChannelConfig             CMakeFiles/SJFV2_0_bl.elf.dir/__/__/__/__/lib/main/STM32F4/Drivers/STM32F4xx_StdPeriph_Driver/src/stm32f4xx_adc.c.obj (symbol from plugin)
ADC_AnalogWatchdogThresholdsConfig                CMakeFiles/SJFV2_0_bl.elf.dir/__/__/__/__/lib/main/STM32F4/Drivers/STM32F4xx_StdPeriph_Driver/src/stm32f4xx_adc.c.obj (symbol from plugin)
ADC_AutoInjectedConvCmd                           CMakeFiles/SJFV2_0_bl.elf.dir/__/__/__/__/lib/main/STM32F4/Drivers/STM32F4xx_StdPeriph_Driver/src/stm32f4xx_adc.c.obj (symbol from plugin)
ADC_ClearFlag                                     CMakeFiles/SJFV2_0_bl.elf.dir/__/__/__/__/lib/main/STM32F4/Drivers/STM32F4xx_StdPeriph_Driver/src/stm32f4xx_adc.c.obj (symbol from plugin)
ADC_ClearITPendingBit                             CMakeFiles/SJFV2_0_bl.elf.dir/__/__/__/__/lib/main/STM32F4/Drivers/STM32F4xx_StdPeriph_Driver/src/stm32f4xx_adc.c.obj (symbol from plugin)
ADC_Cmd                                           CMakeFiles/SJFV2_0_bl.elf.dir/__/__/__/__/lib/main/STM32F4/Drivers/STM32F4xx_StdPeriph_Driver/src/stm32f4xx_adc.c.obj (symbol from plugin)
                                                  CMakeFiles/SJFV2_0_bl.elf.dir/__/__/drivers/adc_stm32f4xx.c.obj (symbol from plugin)
ADC_CommonInit                                    CMakeFiles/SJFV2_0_bl.elf.dir/__/__/__/__/lib/main/STM32F4/Drivers/STM32F4xx_StdPeriph_Driver/src/stm32f4xx_adc.c.obj (symbol from plugin)
                                                  CMakeFiles/SJFV2_0_bl.elf.dir/__/__/drivers/adc_stm32f4xx.c.obj (symbol from plugin)
ADC_CommonStructInit                              CMakeFiles/SJFV2_0_bl.elf.dir/__/__/__/__/lib/main/STM32F4/Drivers/STM32F4xx_StdPeriph_Driver/src/stm32f4xx_adc.c.obj (symbol from plugin)
                                                  CMakeFiles/SJFV2_0_bl.elf.dir/__/__/drivers/adc_stm32f4xx.c.obj (symbol from plugin)
ADC_ContinuousModeCmd                             CMakeFiles/SJFV2_0_bl.elf.dir/__/__/__/__/lib/main/STM32F4/Drivers/STM32F4xx_StdPeriph_Driver/src/stm32f4xx_adc.c.obj (symbol from plugin)
ADC_DMACmd                                        CMakeFiles/SJFV2_0_bl.elf.dir/__/__/__/__/lib/main/STM32F4/Drivers/STM32F4xx_StdPeriph_Driver/src/stm32f4xx_adc.c.obj (symbol from plugin)
                                                  CMakeFiles/SJFV2_0_bl.elf.dir/__/__/drivers/adc_stm32f4xx.c.obj (symbol from plugin)
ADC_DMARequestAfterLastTransferCmd                CMakeFiles/SJFV2_0_bl.elf.dir/__/__/__/__/lib/main/STM32F4/Drivers/STM32F4xx_StdPeriph_Driver/src/stm32f4xx_adc.c.obj (symbol from plugin)
                                                  CMakeFiles/SJFV2_0_bl.elf.dir/__/__/drivers/adc_stm32f4xx.c.obj (symbol from plugin)
ADC_DeInit                                        CMakeFiles/SJFV2_0_bl.elf.dir/__/__/__/__/lib/main/STM32F4/Drivers/STM32F4xx_StdPeriph_Driver/src/stm32f4xx_adc.c.obj (symbol from plugin)
ADC_DiscModeChannelCountConfig                    CMakeFiles/SJFV2_0_bl.elf.dir/__/__/__/__/lib/main/STM32F4/Drivers/STM32F4xx_StdPeriph_Driver/src/stm32f4xx_adc.c.obj (symbol from plugin)
ADC_DiscModeCmd                                   CMakeFiles/SJFV2_0_bl.elf.dir/__/__/__/__/lib/main/STM32F4/Drivers/STM32F4xx_StdPeriph_Driver/src/stm32f4xx_adc.c.obj (symbol from plugin)
ADC_EOCOnEachRegularChannelCmd                    CMakeFiles/SJFV2_0_bl.elf.dir/__/__/__/__/lib/main/STM32F4/Drivers/STM32F4xx_StdPeriph_Driver/src/stm32f4xx_adc.c.obj (symbol from plugin)
ADC_ExternalTrigInjectedConvConfig                CMakeFiles/SJFV2_0_bl.elf.dir/__/__/__/__/lib/main/STM32F4/Drivers/STM32F4xx_StdPeriph_Driver/src/stm32f4xx_adc.c.obj (symbol from plugin)
ADC_ExternalTrigInjectedConvEdgeConfig            CMakeFiles/SJFV2_0_bl.elf.dir/__/__/__/__/lib/main/STM32F4/Drivers/STM32F4xx_StdPeriph_Driver/src/stm32f4xx_adc.c.obj (symbol from plugin)
ADC_GetConversionValue                            CMakeFiles/SJFV2_0_bl.elf.dir/__/__/__/__/lib/main/STM32F4/Drivers/STM32F4xx_StdPeriph_Driver/src/stm32f4xx_adc.c.obj (symbol from plugin)
ADC_GetFlagStatus                                 CMakeFiles/SJFV2_0_bl.elf.dir/__/__/__/__/lib/main/STM32F4/Drivers/STM32F4xx_StdPeriph_Driver/src/stm32f4xx_adc.c.obj (symbol from plugin)
ADC_GetITStatus                                   CMakeFiles/SJFV2_0_bl.elf.dir/__/__/__/__/lib/main/STM32F4/Drivers/STM32F4xx_StdPeriph_Driver/src/stm32f4xx_adc.c.obj (symbol from plugin)
ADC_GetInjectedConversionValue                    CMakeFiles/SJFV2_0_bl.elf.dir/__/__/__/__/lib/main/STM32F4/Drivers/STM32F4xx_StdPeriph_Driver/src/stm32f4xx_adc.c.obj (symbol from plugin)
ADC_GetMultiModeConversionValue                   CMakeFiles/SJFV2_0_bl.elf.dir/__/__/__/__/lib/main/STM32F4/Drivers/STM32F4xx_StdPeriph_Driver/src/stm32f4xx_adc.c.obj (symbol from plugin)
ADC_GetSoftwareStartConvStatus                    CMakeFiles/SJFV2_0_bl.elf.dir/__/__/__/__/lib/main/STM32F4/Drivers/STM32F4xx_StdPeriph_Driver/src/stm32f4xx_adc.c.obj (symbol from plugin)
ADC_GetSoftwareStartInjectedConvCmdStatus         CMakeFiles/SJFV2_0_bl.elf.dir/__/__/__/__/lib/main/STM32F4/Drivers/STM32F4xx_StdPeriph_Driver/src/stm32f4xx_adc.c.obj (symbol from plugin)
ADC_IRQHandler                                    CMakeFiles/SJFV2_0_bl.elf.dir/__/__/startup/startup_stm32f40xx.s.obj
ADC_ITConfig                                      CMakeFiles/SJFV2_0_bl.elf.dir/__/__/__/__/lib/main/STM32F4/Drivers/STM32F4xx_StdPeriph_Driver/src/stm32f4xx_adc.c.obj (symbol from plugin)
ADC_Init                                          CMakeFiles/SJFV2_0_bl.elf.dir/__/__/__/__/lib/main/STM32F4/Drivers/STM32F4xx_StdPeriph_Driver/src/stm32f4xx_adc.c.obj (symbol from plugin)
                                                  CMakeFiles/SJFV2_0_bl.elf.dir/__/__/drivers/adc_stm32f4xx.c.obj (symbol from plugin)
ADC_InjectedChannelConfig                         CMakeFiles/SJFV2_0_bl.elf.dir/__/__/__/__/lib/main/STM32F4/Drivers/STM32F4xx_StdPeriph_Driver/src/stm32f4xx_adc.c.obj (symbol from plugin)
ADC_InjectedDiscModeCmd                           CMakeFiles/SJFV2_0_bl.elf.dir/__/__/__/__/lib/main/STM32F4/Drivers/STM32F4xx_StdPeriph_Driver/src/stm32f4xx_adc.c.obj (symbol from plugin)
ADC_InjectedSequencerLengthConfig                 CMakeFiles/SJFV2_0_bl.elf.dir/__/__/__/__/lib/main/STM32F4/Drivers/STM32F4xx_StdPeriph_Driver/src/stm32f4xx_adc.c.obj (symbol from plugin)
ADC_MultiModeDMARequestAfterLastTransferCmd       CMakeFiles/SJFV2_0_bl.elf.dir/__/__/__/__/lib/main/STM32F4/Drivers/STM32F4xx_StdPeriph_Driver/src/stm32f4xx_adc.c.obj (symbol from plugin)
ADC_RegularChannelConfig                          CMakeFiles/SJFV2_0_bl.elf.dir/__/__/__/__/lib/main/STM32F4/Drivers/STM32F4xx_StdPeriph_Driver/src/stm32f4xx_adc.c.obj (symbol from plugin)
                                                  CMakeFiles/SJFV2_0_bl.elf.dir/__/__/drivers/adc_stm32f4xx.c.obj (symbol from plugin)
ADC_SetInjectedOffset                             CMakeFiles/SJFV2_0_bl.elf.dir/__/__/__/__/lib/main/STM32F4/Drivers/STM32F4xx_StdPeriph_Driver/src/stm32f4xx_adc.c.obj (symbol from plugin)
ADC_SoftwareStartConv                             CMakeFiles/SJFV2_0_bl.elf.dir/__/__/__/__/lib/main/STM32F4/Drivers/STM32F4xx_StdPeriph_Driver/src/stm32f4xx_adc.c.obj (symbol from plugin)
                                                  CMakeFiles/SJFV2_0_bl.elf.dir/__/__/drivers/adc_stm32f4xx.c.obj (symbol from plugin)
ADC_SoftwareStartInjectedConv                     CMakeFiles/SJFV2_0_bl.elf.dir/__/__/__/__/lib/main/STM32F4/Drivers/STM32F4xx_StdPeriph_Driver/src/stm32f4xx_adc.c.obj (symbol from plugin)
ADC_StructInit                                    CMakeFiles/SJFV2_0_bl.elf.dir/__/__/__/__/lib/main/STM32F4/Drivers/STM32F4xx_StdPeriph_Driver/src/stm32f4xx_adc.c.obj (symbol from plugin)
                                                  CMakeFiles/SJFV2_0_bl.elf.dir/__/__/drivers/adc_stm32f4xx.c.obj (symbol from plugin)
ADC_TempSensorVrefintCmd                          CMakeFiles/SJFV2_0_bl.elf.dir/__/__/__/__/lib/main/STM32F4/Drivers/STM32F4xx_StdPeriph_Driver/src/stm32f4xx_adc.c.obj (symbol from plugin)
ADC_VBATCmd                                       CMakeFiles/SJFV2_0_bl.elf.dir/__/__/__/__/lib/main/STM32F4/Drivers/STM32F4xx_StdPeriph_Driver/src/stm32f4xx_adc.c.obj (symbol from plugin)
AHBPrescTable                                     CMakeFiles/SJFV2_0_bl.elf.dir/__/system_stm32f4xx.c.obj (symbol from plugin)
APP_Rx_Buffer                                     CMakeFiles/SJFV2_0_bl.elf.dir/__/__/__/__/lib/main/STM32_USB_Device_Library/Class/cdc/src/usbd_cdc_core.c.obj (symbol from plugin)
                                                  CMakeFiles/SJFV2_0_bl.elf.dir/__/__/vcpf4/usbd_cdc_vcp.c.obj (symbol from plugin)
APP_Rx_length                                     CMakeFiles/SJFV2_0_bl.elf.dir/__/__/__/__/lib/main/STM32_USB_Device_Library/Class/cdc/src/usbd_cdc_core.c.obj (symbol from plugin)
APP_Rx_ptr_in                                     CMakeFiles/SJFV2_0_bl.elf.dir/__/__/__/__/lib/main/STM32_USB_Device_Library/Class/cdc/src/usbd_cdc_core.c.obj (symbol from plugin)
                                                  CMakeFiles/SJFV2_0_bl.elf.dir/__/__/vcpf4/usbd_cdc_vcp.c.obj (symbol from plugin)
APP_Rx_ptr_out                                    CMakeFiles/SJFV2_0_bl.elf.dir/__/__/__/__/lib/main/STM32_USB_Device_Library/Class/cdc/src/usbd_cdc_core.c.obj (symbol from plugin)
                                                  CMakeFiles/SJFV2_0_bl.elf.dir/__/__/vcpf4/usbd_cdc_vcp.c.obj (symbol from plugin)
BusFault_Handler                                  CMakeFiles/SJFV2_0_bl.elf.dir/__/__/startup/startup_stm32f40xx.s.obj
CAN1_RX0_IRQHandler                               CMakeFiles/SJFV2_0_bl.elf.dir/__/__/startup/startup_stm32f40xx.s.obj
CAN1_RX1_IRQHandler                               CMakeFiles/SJFV2_0_bl.elf.dir/__/__/startup/startup_stm32f40xx.s.obj
CAN1_SCE_IRQHandler                               CMakeFiles/SJFV2_0_bl.elf.dir/__/__/startup/startup_stm32f40xx.s.obj
CAN1_TX_IRQHandler                                CMakeFiles/SJFV2_0_bl.elf.dir/__/__/startup/startup_stm32f40xx.s.obj
CAN2_RX0_IRQHandler                               CMakeFiles/SJFV2_0_bl.elf.dir/__/__/startup/startup_stm32f40xx.s.obj
CAN2_RX1_IRQHandler                               CMakeFiles/SJFV2_0_bl.elf.dir/__/__/startup/startup_stm32f40xx.s.obj
CAN2_SCE_IRQHandler                               CMakeFiles/SJFV2_0_bl.elf.dir/__/__/startup/startup_stm32f40xx.s.obj
CAN2_TX_IRQHandler                                CMakeFiles/SJFV2_0_bl.elf.dir/__/__/startup/startup_stm32f40xx.s.obj
CDC_BaudRate                                      CMakeFiles/SJFV2_0_bl.elf.dir/__/__/vcpf4/usbd_cdc_vcp.c.obj (symbol from plugin)
                                                  CMakeFiles/SJFV2_0_bl.elf.dir/__/__/drivers/serial_usb_vcp.c.obj (symbol from plugin)
CDC_Receive_BytesAvailable                        CMakeFiles/SJFV2_0_bl.elf.dir/__/__/vcpf4/usbd_cdc_vcp.c.obj (symbol from plugin)
                                                  CMakeFiles/SJFV2_0_bl.elf.dir/__/__/drivers/serial_usb_vcp.c.obj (symbol from plugin)
CDC_Receive_DATA                                  CMakeFiles/SJFV2_0_bl.elf.dir/__/__/vcpf4/usbd_cdc_vcp.c.obj (symbol from plugin)
                                                  CMakeFiles/SJFV2_0_bl.elf.dir/__/__/drivers/serial_usb_vcp.c.obj (symbol from plugin)
CDC_Send_DATA                                     CMakeFiles/SJFV2_0_bl.elf.dir/__/__/vcpf4/usbd_cdc_vcp.c.obj (symbol from plugin)
                                                  CMakeFiles/SJFV2_0_bl.elf.dir/__/__/drivers/serial_usb_vcp.c.obj (symbol from plugin)
CDC_Send_FreeBytes                                CMakeFiles/SJFV2_0_bl.elf.dir/__/__/vcpf4/usbd_cdc_vcp.c.obj (symbol from plugin)
                                                  CMakeFiles/SJFV2_0_bl.elf.dir/__/__/drivers/serial_usb_vcp.c.obj (symbol from plugin)
CDC_SetBaudRateCb                                 CMakeFiles/SJFV2_0_bl.elf.dir/__/__/vcpf4/usbd_cdc_vcp.c.obj (symbol from plugin)
CDC_SetCtrlLineStateCb                            CMakeFiles/SJFV2_0_bl.elf.dir/__/__/vcpf4/usbd_cdc_vcp.c.obj (symbol from plugin)
CRYP_IRQHandler                                   CMakeFiles/SJFV2_0_bl.elf.dir/__/__/startup/startup_stm32f40xx.s.obj
CmdBuff                                           CMakeFiles/SJFV2_0_bl.elf.dir/__/__/__/__/lib/main/STM32_USB_Device_Library/Class/cdc/src/usbd_cdc_core.c.obj (symbol from plugin)
DAC_ClearFlag                                     CMakeFiles/SJFV2_0_bl.elf.dir/__/__/__/__/lib/main/STM32F4/Drivers/STM32F4xx_StdPeriph_Driver/src/stm32f4xx_dac.c.obj (symbol from plugin)
DAC_ClearITPendingBit                             CMakeFiles/SJFV2_0_bl.elf.dir/__/__/__/__/lib/main/STM32F4/Drivers/STM32F4xx_StdPeriph_Driver/src/stm32f4xx_dac.c.obj (symbol from plugin)
DAC_Cmd                                           CMakeFiles/SJFV2_0_bl.elf.dir/__/__/__/__/lib/main/STM32F4/Drivers/STM32F4xx_StdPeriph_Driver/src/stm32f4xx_dac.c.obj (symbol from plugin)
DAC_DMACmd                                        CMakeFiles/SJFV2_0_bl.elf.dir/__/__/__/__/lib/main/STM32F4/Drivers/STM32F4xx_StdPeriph_Driver/src/stm32f4xx_dac.c.obj (symbol from plugin)
DAC_DeInit                                        CMakeFiles/SJFV2_0_bl.elf.dir/__/__/__/__/lib/main/STM32F4/Drivers/STM32F4xx_StdPeriph_Driver/src/stm32f4xx_dac.c.obj (symbol from plugin)
DAC_DualSoftwareTriggerCmd                        CMakeFiles/SJFV2_0_bl.elf.dir/__/__/__/__/lib/main/STM32F4/Drivers/STM32F4xx_StdPeriph_Driver/src/stm32f4xx_dac.c.obj (symbol from plugin)
DAC_GetDataOutputValue                            CMakeFiles/SJFV2_0_bl.elf.dir/__/__/__/__/lib/main/STM32F4/Drivers/STM32F4xx_StdPeriph_Driver/src/stm32f4xx_dac.c.obj (symbol from plugin)
DAC_GetFlagStatus                                 CMakeFiles/SJFV2_0_bl.elf.dir/__/__/__/__/lib/main/STM32F4/Drivers/STM32F4xx_StdPeriph_Driver/src/stm32f4xx_dac.c.obj (symbol from plugin)
DAC_GetITStatus                                   CMakeFiles/SJFV2_0_bl.elf.dir/__/__/__/__/lib/main/STM32F4/Drivers/STM32F4xx_StdPeriph_Driver/src/stm32f4xx_dac.c.obj (symbol from plugin)
DAC_ITConfig                                      CMakeFiles/SJFV2_0_bl.elf.dir/__/__/__/__/lib/main/STM32F4/Drivers/STM32F4xx_StdPeriph_Driver/src/stm32f4xx_dac.c.obj (symbol from plugin)
DAC_Init                                          CMakeFiles/SJFV2_0_bl.elf.dir/__/__/__/__/lib/main/STM32F4/Drivers/STM32F4xx_StdPeriph_Driver/src/stm32f4xx_dac.c.obj (symbol from plugin)
DAC_SetChannel1Data                               CMakeFiles/SJFV2_0_bl.elf.dir/__/__/__/__/lib/main/STM32F4/Drivers/STM32F4xx_StdPeriph_Driver/src/stm32f4xx_dac.c.obj (symbol from plugin)
DAC_SetChannel2Data                               CMakeFiles/SJFV2_0_bl.elf.dir/__/__/__/__/lib/main/STM32F4/Drivers/STM32F4xx_StdPeriph_Driver/src/stm32f4xx_dac.c.obj (symbol from plugin)
DAC_SetDualChannelData                            CMakeFiles/SJFV2_0_bl.elf.dir/__/__/__/__/lib/main/STM32F4/Drivers/STM32F4xx_StdPeriph_Driver/src/stm32f4xx_dac.c.obj (symbol from plugin)
DAC_SoftwareTriggerCmd                            CMakeFiles/SJFV2_0_bl.elf.dir/__/__/__/__/lib/main/STM32F4/Drivers/STM32F4xx_StdPeriph_Driver/src/stm32f4xx_dac.c.obj (symbol from plugin)
DAC_StructInit                                    CMakeFiles/SJFV2_0_bl.elf.dir/__/__/__/__/lib/main/STM32F4/Drivers/STM32F4xx_StdPeriph_Driver/src/stm32f4xx_dac.c.obj (symbol from plugin)
DAC_WaveGenerationCmd                             CMakeFiles/SJFV2_0_bl.elf.dir/__/__/__/__/lib/main/STM32F4/Drivers/STM32F4xx_StdPeriph_Driver/src/stm32f4xx_dac.c.obj (symbol from plugin)
DCD_DevConnect                                    CMakeFiles/SJFV2_0_bl.elf.dir/__/__/__/__/lib/main/STM32_USB_OTG_Driver/src/usb_dcd.c.obj (symbol from plugin)
DCD_DevDisconnect                                 CMakeFiles/SJFV2_0_bl.elf.dir/__/__/__/__/lib/main/STM32_USB_OTG_Driver/src/usb_dcd.c.obj (symbol from plugin)
DCD_EP_Close                                      CMakeFiles/SJFV2_0_bl.elf.dir/__/__/__/__/lib/main/STM32_USB_OTG_Driver/src/usb_dcd.c.obj (symbol from plugin)
                                                  CMakeFiles/SJFV2_0_bl.elf.dir/__/__/__/__/lib/main/STM32_USB_Device_Library/Class/hid/src/usbd_hid_core.c.obj (symbol from plugin)
                                                  CMakeFiles/SJFV2_0_bl.elf.dir/__/__/__/__/lib/main/STM32_USB_Device_Library/Class/cdc/src/usbd_cdc_core.c.obj (symbol from plugin)
DCD_EP_ClrStall                                   CMakeFiles/SJFV2_0_bl.elf.dir/__/__/__/__/lib/main/STM32_USB_OTG_Driver/src/usb_dcd.c.obj (symbol from plugin)
                                                  CMakeFiles/SJFV2_0_bl.elf.dir/__/__/__/__/lib/main/STM32_USB_Device_Library/Core/src/usbd_req.c.obj (symbol from plugin)
DCD_EP_Flush                                      CMakeFiles/SJFV2_0_bl.elf.dir/__/__/__/__/lib/main/STM32_USB_OTG_Driver/src/usb_dcd.c.obj (symbol from plugin)
                                                  CMakeFiles/SJFV2_0_bl.elf.dir/__/__/__/__/lib/main/STM32_USB_Device_Library/Class/hid/src/usbd_hid_core.c.obj (symbol from plugin)
DCD_EP_Open                                       CMakeFiles/SJFV2_0_bl.elf.dir/__/__/__/__/lib/main/STM32_USB_OTG_Driver/src/usb_dcd.c.obj (symbol from plugin)
                                                  CMakeFiles/SJFV2_0_bl.elf.dir/__/__/__/__/lib/main/STM32_USB_Device_Library/Class/hid/src/usbd_hid_core.c.obj (symbol from plugin)
                                                  CMakeFiles/SJFV2_0_bl.elf.dir/__/__/__/__/lib/main/STM32_USB_Device_Library/Class/cdc/src/usbd_cdc_core.c.obj (symbol from plugin)
                                                  CMakeFiles/SJFV2_0_bl.elf.dir/__/__/__/__/lib/main/STM32_USB_Device_Library/Core/src/usbd_core.c.obj (symbol from plugin)
DCD_EP_PrepareRx                                  CMakeFiles/SJFV2_0_bl.elf.dir/__/__/__/__/lib/main/STM32_USB_OTG_Driver/src/usb_dcd.c.obj (symbol from plugin)
                                                  CMakeFiles/SJFV2_0_bl.elf.dir/__/__/__/__/lib/main/STM32_USB_Device_Library/Class/cdc/src/usbd_cdc_core.c.obj (symbol from plugin)
                                                  CMakeFiles/SJFV2_0_bl.elf.dir/__/__/__/__/lib/main/STM32_USB_Device_Library/Core/src/usbd_ioreq.c.obj (symbol from plugin)
                                                  CMakeFiles/SJFV2_0_bl.elf.dir/__/__/__/__/lib/main/STM32_USB_Device_Library/Core/src/usbd_core.c.obj (symbol from plugin)
DCD_EP_SetAddress                                 CMakeFiles/SJFV2_0_bl.elf.dir/__/__/__/__/lib/main/STM32_USB_OTG_Driver/src/usb_dcd.c.obj (symbol from plugin)
                                                  CMakeFiles/SJFV2_0_bl.elf.dir/__/__/__/__/lib/main/STM32_USB_Device_Library/Core/src/usbd_req.c.obj (symbol from plugin)
DCD_EP_Stall                                      CMakeFiles/SJFV2_0_bl.elf.dir/__/__/__/__/lib/main/STM32_USB_OTG_Driver/src/usb_dcd.c.obj (symbol from plugin)
                                                  CMakeFiles/SJFV2_0_bl.elf.dir/__/__/__/__/lib/main/STM32_USB_Device_Library/Core/src/usbd_req.c.obj (symbol from plugin)
                                                  CMakeFiles/SJFV2_0_bl.elf.dir/__/__/__/__/lib/main/STM32_USB_Device_Library/Core/src/usbd_core.c.obj (symbol from plugin)
DCD_EP_Tx                                         CMakeFiles/SJFV2_0_bl.elf.dir/__/__/__/__/lib/main/STM32_USB_OTG_Driver/src/usb_dcd.c.obj (symbol from plugin)
                                                  CMakeFiles/SJFV2_0_bl.elf.dir/__/__/__/__/lib/main/STM32_USB_Device_Library/Class/hid/src/usbd_hid_core.c.obj (symbol from plugin)
                                                  CMakeFiles/SJFV2_0_bl.elf.dir/__/__/__/__/lib/main/STM32_USB_Device_Library/Class/cdc/src/usbd_cdc_core.c.obj (symbol from plugin)
                                                  CMakeFiles/SJFV2_0_bl.elf.dir/__/__/__/__/lib/main/STM32_USB_Device_Library/Core/src/usbd_ioreq.c.obj (symbol from plugin)
DCD_GetEPStatus                                   CMakeFiles/SJFV2_0_bl.elf.dir/__/__/__/__/lib/main/STM32_USB_OTG_Driver/src/usb_dcd.c.obj (symbol from plugin)
DCD_Init                                          CMakeFiles/SJFV2_0_bl.elf.dir/__/__/__/__/lib/main/STM32_USB_OTG_Driver/src/usb_dcd.c.obj (symbol from plugin)
                                                  CMakeFiles/SJFV2_0_bl.elf.dir/__/__/__/__/lib/main/STM32_USB_Device_Library/Core/src/usbd_core.c.obj (symbol from plugin)
DCD_SetEPStatus                                   CMakeFiles/SJFV2_0_bl.elf.dir/__/__/__/__/lib/main/STM32_USB_OTG_Driver/src/usb_dcd.c.obj (symbol from plugin)
DCMI_CROPCmd                                      CMakeFiles/SJFV2_0_bl.elf.dir/__/__/__/__/lib/main/STM32F4/Drivers/STM32F4xx_StdPeriph_Driver/src/stm32f4xx_dcmi.c.obj (symbol from plugin)
DCMI_CROPConfig                                   CMakeFiles/SJFV2_0_bl.elf.dir/__/__/__/__/lib/main/STM32F4/Drivers/STM32F4xx_StdPeriph_Driver/src/stm32f4xx_dcmi.c.obj (symbol from plugin)
DCMI_CaptureCmd                                   CMakeFiles/SJFV2_0_bl.elf.dir/__/__/__/__/lib/main/STM32F4/Drivers/STM32F4xx_StdPeriph_Driver/src/stm32f4xx_dcmi.c.obj (symbol from plugin)
DCMI_ClearFlag                                    CMakeFiles/SJFV2_0_bl.elf.dir/__/__/__/__/lib/main/STM32F4/Drivers/STM32F4xx_StdPeriph_Driver/src/stm32f4xx_dcmi.c.obj (symbol from plugin)
DCMI_ClearITPendingBit                            CMakeFiles/SJFV2_0_bl.elf.dir/__/__/__/__/lib/main/STM32F4/Drivers/STM32F4xx_StdPeriph_Driver/src/stm32f4xx_dcmi.c.obj (symbol from plugin)
DCMI_Cmd                                          CMakeFiles/SJFV2_0_bl.elf.dir/__/__/__/__/lib/main/STM32F4/Drivers/STM32F4xx_StdPeriph_Driver/src/stm32f4xx_dcmi.c.obj (symbol from plugin)
DCMI_DeInit                                       CMakeFiles/SJFV2_0_bl.elf.dir/__/__/__/__/lib/main/STM32F4/Drivers/STM32F4xx_StdPeriph_Driver/src/stm32f4xx_dcmi.c.obj (symbol from plugin)
DCMI_GetFlagStatus                                CMakeFiles/SJFV2_0_bl.elf.dir/__/__/__/__/lib/main/STM32F4/Drivers/STM32F4xx_StdPeriph_Driver/src/stm32f4xx_dcmi.c.obj (symbol from plugin)
DCMI_GetITStatus                                  CMakeFiles/SJFV2_0_bl.elf.dir/__/__/__/__/lib/main/STM32F4/Drivers/STM32F4xx_StdPeriph_Driver/src/stm32f4xx_dcmi.c.obj (symbol from plugin)
DCMI_IRQHandler                                   CMakeFiles/SJFV2_0_bl.elf.dir/__/__/startup/startup_stm32f40xx.s.obj
DCMI_ITConfig                                     CMakeFiles/SJFV2_0_bl.elf.dir/__/__/__/__/lib/main/STM32F4/Drivers/STM32F4xx_StdPeriph_Driver/src/stm32f4xx_dcmi.c.obj (symbol from plugin)
DCMI_Init                                         CMakeFiles/SJFV2_0_bl.elf.dir/__/__/__/__/lib/main/STM32F4/Drivers/STM32F4xx_StdPeriph_Driver/src/stm32f4xx_dcmi.c.obj (symbol from plugin)
DCMI_JPEGCmd                                      CMakeFiles/SJFV2_0_bl.elf.dir/__/__/__/__/lib/main/STM32F4/Drivers/STM32F4xx_StdPeriph_Driver/src/stm32f4xx_dcmi.c.obj (symbol from plugin)
DCMI_ReadData                                     CMakeFiles/SJFV2_0_bl.elf.dir/__/__/__/__/lib/main/STM32F4/Drivers/STM32F4xx_StdPeriph_Driver/src/stm32f4xx_dcmi.c.obj (symbol from plugin)
DCMI_SetEmbeddedSynchroCodes                      CMakeFiles/SJFV2_0_bl.elf.dir/__/__/__/__/lib/main/STM32F4/Drivers/STM32F4xx_StdPeriph_Driver/src/stm32f4xx_dcmi.c.obj (symbol from plugin)
DCMI_StructInit                                   CMakeFiles/SJFV2_0_bl.elf.dir/__/__/__/__/lib/main/STM32F4/Drivers/STM32F4xx_StdPeriph_Driver/src/stm32f4xx_dcmi.c.obj (symbol from plugin)
DMA1_Stream0_IRQHandler                           /tmp/SJFV2_0_bl.elf.yTe7X3.ltrans0.ltrans.o
                                                  CMakeFiles/SJFV2_0_bl.elf.dir/__/__/drivers/dma_stm32f4xx.c.obj (symbol from plugin)
                                                  CMakeFiles/SJFV2_0_bl.elf.dir/__/__/startup/startup_stm32f40xx.s.obj
DMA1_Stream1_IRQHandler                           /tmp/SJFV2_0_bl.elf.yTe7X3.ltrans0.ltrans.o
                                                  CMakeFiles/SJFV2_0_bl.elf.dir/__/__/drivers/dma_stm32f4xx.c.obj (symbol from plugin)
                                                  CMakeFiles/SJFV2_0_bl.elf.dir/__/__/startup/startup_stm32f40xx.s.obj
DMA1_Stream2_IRQHandler                           /tmp/SJFV2_0_bl.elf.yTe7X3.ltrans0.ltrans.o
                                                  CMakeFiles/SJFV2_0_bl.elf.dir/__/__/drivers/dma_stm32f4xx.c.obj (symbol from plugin)
                                                  CMakeFiles/SJFV2_0_bl.elf.dir/__/__/startup/startup_stm32f40xx.s.obj
DMA1_Stream3_IRQHandler                           /tmp/SJFV2_0_bl.elf.yTe7X3.ltrans0.ltrans.o
                                                  CMakeFiles/SJFV2_0_bl.elf.dir/__/__/drivers/dma_stm32f4xx.c.obj (symbol from plugin)
                                                  CMakeFiles/SJFV2_0_bl.elf.dir/__/__/startup/startup_stm32f40xx.s.obj
DMA1_Stream4_IRQHandler                           /tmp/SJFV2_0_bl.elf.yTe7X3.ltrans0.ltrans.o
                                                  CMakeFiles/SJFV2_0_bl.elf.dir/__/__/drivers/dma_stm32f4xx.c.obj (symbol from plugin)
                                                  CMakeFiles/SJFV2_0_bl.elf.dir/__/__/startup/startup_stm32f40xx.s.obj
DMA1_Stream5_IRQHandler                           /tmp/SJFV2_0_bl.elf.yTe7X3.ltrans0.ltrans.o
                                                  CMakeFiles/SJFV2_0_bl.elf.dir/__/__/drivers/dma_stm32f4xx.c.obj (symbol from plugin)
                                                  CMakeFiles/SJFV2_0_bl.elf.dir/__/__/startup/startup_stm32f40xx.s.obj
DMA1_Stream6_IRQHandler                           /tmp/SJFV2_0_bl.elf.yTe7X3.ltrans0.ltrans.o
                                                  CMakeFiles/SJFV2_0_bl.elf.dir/__/__/drivers/dma_stm32f4xx.c.obj (symbol from plugin)
                                                  CMakeFiles/SJFV2_0_bl.elf.dir/__/__/startup/startup_stm32f40xx.s.obj
DMA1_Stream7_IRQHandler                           /tmp/SJFV2_0_bl.elf.yTe7X3.ltrans0.ltrans.o
                                                  CMakeFiles/SJFV2_0_bl.elf.dir/__/__/drivers/dma_stm32f4xx.c.obj (symbol from plugin)
                                                  CMakeFiles/SJFV2_0_bl.elf.dir/__/__/startup/startup_stm32f40xx.s.obj
DMA2D_AbortTransfer                               CMakeFiles/SJFV2_0_bl.elf.dir/__/__/__/__/lib/main/STM32F4/Drivers/STM32F4xx_StdPeriph_Driver/src/stm32f4xx_dma2d.c.obj (symbol from plugin)
DMA2D_BGConfig                                    CMakeFiles/SJFV2_0_bl.elf.dir/__/__/__/__/lib/main/STM32F4/Drivers/STM32F4xx_StdPeriph_Driver/src/stm32f4xx_dma2d.c.obj (symbol from plugin)
DMA2D_BGStart                                     CMakeFiles/SJFV2_0_bl.elf.dir/__/__/__/__/lib/main/STM32F4/Drivers/STM32F4xx_StdPeriph_Driver/src/stm32f4xx_dma2d.c.obj (symbol from plugin)
DMA2D_BG_StructInit                               CMakeFiles/SJFV2_0_bl.elf.dir/__/__/__/__/lib/main/STM32F4/Drivers/STM32F4xx_StdPeriph_Driver/src/stm32f4xx_dma2d.c.obj (symbol from plugin)
DMA2D_ClearFlag                                   CMakeFiles/SJFV2_0_bl.elf.dir/__/__/__/__/lib/main/STM32F4/Drivers/STM32F4xx_StdPeriph_Driver/src/stm32f4xx_dma2d.c.obj (symbol from plugin)
DMA2D_ClearITPendingBit                           CMakeFiles/SJFV2_0_bl.elf.dir/__/__/__/__/lib/main/STM32F4/Drivers/STM32F4xx_StdPeriph_Driver/src/stm32f4xx_dma2d.c.obj (symbol from plugin)
DMA2D_DeInit                                      CMakeFiles/SJFV2_0_bl.elf.dir/__/__/__/__/lib/main/STM32F4/Drivers/STM32F4xx_StdPeriph_Driver/src/stm32f4xx_dma2d.c.obj (symbol from plugin)
DMA2D_DeadTimeConfig                              CMakeFiles/SJFV2_0_bl.elf.dir/__/__/__/__/lib/main/STM32F4/Drivers/STM32F4xx_StdPeriph_Driver/src/stm32f4xx_dma2d.c.obj (symbol from plugin)
DMA2D_FGConfig                                    CMakeFiles/SJFV2_0_bl.elf.dir/__/__/__/__/lib/main/STM32F4/Drivers/STM32F4xx_StdPeriph_Driver/src/stm32f4xx_dma2d.c.obj (symbol from plugin)
DMA2D_FGStart                                     CMakeFiles/SJFV2_0_bl.elf.dir/__/__/__/__/lib/main/STM32F4/Drivers/STM32F4xx_StdPeriph_Driver/src/stm32f4xx_dma2d.c.obj (symbol from plugin)
DMA2D_FG_StructInit                               CMakeFiles/SJFV2_0_bl.elf.dir/__/__/__/__/lib/main/STM32F4/Drivers/STM32F4xx_StdPeriph_Driver/src/stm32f4xx_dma2d.c.obj (symbol from plugin)
DMA2D_GetFlagStatus                               CMakeFiles/SJFV2_0_bl.elf.dir/__/__/__/__/lib/main/STM32F4/Drivers/STM32F4xx_StdPeriph_Driver/src/stm32f4xx_dma2d.c.obj (symbol from plugin)
DMA2D_GetITStatus                                 CMakeFiles/SJFV2_0_bl.elf.dir/__/__/__/__/lib/main/STM32F4/Drivers/STM32F4xx_StdPeriph_Driver/src/stm32f4xx_dma2d.c.obj (symbol from plugin)
DMA2D_ITConfig                                    CMakeFiles/SJFV2_0_bl.elf.dir/__/__/__/__/lib/main/STM32F4/Drivers/STM32F4xx_StdPeriph_Driver/src/stm32f4xx_dma2d.c.obj (symbol from plugin)
DMA2D_Init                                        CMakeFiles/SJFV2_0_bl.elf.dir/__/__/__/__/lib/main/STM32F4/Drivers/STM32F4xx_StdPeriph_Driver/src/stm32f4xx_dma2d.c.obj (symbol from plugin)
DMA2D_LineWatermarkConfig                         CMakeFiles/SJFV2_0_bl.elf.dir/__/__/__/__/lib/main/STM32F4/Drivers/STM32F4xx_StdPeriph_Driver/src/stm32f4xx_dma2d.c.obj (symbol from plugin)
DMA2D_StartTransfer                               CMakeFiles/SJFV2_0_bl.elf.dir/__/__/__/__/lib/main/STM32F4/Drivers/STM32F4xx_StdPeriph_Driver/src/stm32f4xx_dma2d.c.obj (symbol from plugin)
DMA2D_StructInit                                  CMakeFiles/SJFV2_0_bl.elf.dir/__/__/__/__/lib/main/STM32F4/Drivers/STM32F4xx_StdPeriph_Driver/src/stm32f4xx_dma2d.c.obj (symbol from plugin)
DMA2D_Suspend                                     CMakeFiles/SJFV2_0_bl.elf.dir/__/__/__/__/lib/main/STM32F4/Drivers/STM32F4xx_StdPeriph_Driver/src/stm32f4xx_dma2d.c.obj (symbol from plugin)
DMA2_Stream0_IRQHandler                           /tmp/SJFV2_0_bl.elf.yTe7X3.ltrans0.ltrans.o
                                                  CMakeFiles/SJFV2_0_bl.elf.dir/__/__/drivers/dma_stm32f4xx.c.obj (symbol from plugin)
                                                  CMakeFiles/SJFV2_0_bl.elf.dir/__/__/startup/startup_stm32f40xx.s.obj
DMA2_Stream1_IRQHandler                           /tmp/SJFV2_0_bl.elf.yTe7X3.ltrans0.ltrans.o
                                                  CMakeFiles/SJFV2_0_bl.elf.dir/__/__/drivers/dma_stm32f4xx.c.obj (symbol from plugin)
                                                  CMakeFiles/SJFV2_0_bl.elf.dir/__/__/startup/startup_stm32f40xx.s.obj
DMA2_Stream2_IRQHandler                           /tmp/SJFV2_0_bl.elf.yTe7X3.ltrans0.ltrans.o
                                                  CMakeFiles/SJFV2_0_bl.elf.dir/__/__/drivers/dma_stm32f4xx.c.obj (symbol from plugin)
                                                  CMakeFiles/SJFV2_0_bl.elf.dir/__/__/startup/startup_stm32f40xx.s.obj
DMA2_Stream3_IRQHandler                           /tmp/SJFV2_0_bl.elf.yTe7X3.ltrans0.ltrans.o
                                                  CMakeFiles/SJFV2_0_bl.elf.dir/__/__/drivers/dma_stm32f4xx.c.obj (symbol from plugin)
                                                  CMakeFiles/SJFV2_0_bl.elf.dir/__/__/startup/startup_stm32f40xx.s.obj
DMA2_Stream4_IRQHandler                           /tmp/SJFV2_0_bl.elf.yTe7X3.ltrans0.ltrans.o
                                                  CMakeFiles/SJFV2_0_bl.elf.dir/__/__/drivers/dma_stm32f4xx.c.obj (symbol from plugin)
                                                  CMakeFiles/SJFV2_0_bl.elf.dir/__/__/startup/startup_stm32f40xx.s.obj
DMA2_Stream5_IRQHandler                           /tmp/SJFV2_0_bl.elf.yTe7X3.ltrans0.ltrans.o
                                                  CMakeFiles/SJFV2_0_bl.elf.dir/__/__/drivers/dma_stm32f4xx.c.obj (symbol from plugin)
                                                  CMakeFiles/SJFV2_0_bl.elf.dir/__/__/startup/startup_stm32f40xx.s.obj
DMA2_Stream6_IRQHandler                           /tmp/SJFV2_0_bl.elf.yTe7X3.ltrans0.ltrans.o
                                                  CMakeFiles/SJFV2_0_bl.elf.dir/__/__/drivers/dma_stm32f4xx.c.obj (symbol from plugin)
                                                  CMakeFiles/SJFV2_0_bl.elf.dir/__/__/startup/startup_stm32f40xx.s.obj
DMA2_Stream7_IRQHandler                           /tmp/SJFV2_0_bl.elf.yTe7X3.ltrans0.ltrans.o
                                                  CMakeFiles/SJFV2_0_bl.elf.dir/__/__/drivers/dma_stm32f4xx.c.obj (symbol from plugin)
                                                  CMakeFiles/SJFV2_0_bl.elf.dir/__/__/startup/startup_stm32f40xx.s.obj
DMA_ClearFlag                                     CMakeFiles/SJFV2_0_bl.elf.dir/__/__/__/__/lib/main/STM32F4/Drivers/STM32F4xx_StdPeriph_Driver/src/stm32f4xx_dma.c.obj (symbol from plugin)
DMA_ClearITPendingBit                             CMakeFiles/SJFV2_0_bl.elf.dir/__/__/__/__/lib/main/STM32F4/Drivers/STM32F4xx_StdPeriph_Driver/src/stm32f4xx_dma.c.obj (symbol from plugin)
DMA_Cmd                                           CMakeFiles/SJFV2_0_bl.elf.dir/__/__/__/__/lib/main/STM32F4/Drivers/STM32F4xx_StdPeriph_Driver/src/stm32f4xx_dma.c.obj (symbol from plugin)
                                                  CMakeFiles/SJFV2_0_bl.elf.dir/__/__/drivers/timer_impl_stdperiph.c.obj (symbol from plugin)
                                                  CMakeFiles/SJFV2_0_bl.elf.dir/__/__/drivers/adc_stm32f4xx.c.obj (symbol from plugin)
DMA_DeInit                                        CMakeFiles/SJFV2_0_bl.elf.dir/__/__/__/__/lib/main/STM32F4/Drivers/STM32F4xx_StdPeriph_Driver/src/stm32f4xx_dma.c.obj (symbol from plugin)
                                                  CMakeFiles/SJFV2_0_bl.elf.dir/__/__/drivers/timer_impl_stdperiph.c.obj (symbol from plugin)
                                                  CMakeFiles/SJFV2_0_bl.elf.dir/__/__/drivers/adc_stm32f4xx.c.obj (symbol from plugin)
DMA_DoubleBufferModeCmd                           CMakeFiles/SJFV2_0_bl.elf.dir/__/__/__/__/lib/main/STM32F4/Drivers/STM32F4xx_StdPeriph_Driver/src/stm32f4xx_dma.c.obj (symbol from plugin)
DMA_DoubleBufferModeConfig                        CMakeFiles/SJFV2_0_bl.elf.dir/__/__/__/__/lib/main/STM32F4/Drivers/STM32F4xx_StdPeriph_Driver/src/stm32f4xx_dma.c.obj (symbol from plugin)
DMA_FlowControllerConfig                          CMakeFiles/SJFV2_0_bl.elf.dir/__/__/__/__/lib/main/STM32F4/Drivers/STM32F4xx_StdPeriph_Driver/src/stm32f4xx_dma.c.obj (symbol from plugin)
DMA_GetCmdStatus                                  CMakeFiles/SJFV2_0_bl.elf.dir/__/__/__/__/lib/main/STM32F4/Drivers/STM32F4xx_StdPeriph_Driver/src/stm32f4xx_dma.c.obj (symbol from plugin)
DMA_GetCurrDataCounter                            CMakeFiles/SJFV2_0_bl.elf.dir/__/__/__/__/lib/main/STM32F4/Drivers/STM32F4xx_StdPeriph_Driver/src/stm32f4xx_dma.c.obj (symbol from plugin)
DMA_GetCurrentMemoryTarget                        CMakeFiles/SJFV2_0_bl.elf.dir/__/__/__/__/lib/main/STM32F4/Drivers/STM32F4xx_StdPeriph_Driver/src/stm32f4xx_dma.c.obj (symbol from plugin)
DMA_GetFIFOStatus                                 CMakeFiles/SJFV2_0_bl.elf.dir/__/__/__/__/lib/main/STM32F4/Drivers/STM32F4xx_StdPeriph_Driver/src/stm32f4xx_dma.c.obj (symbol from plugin)
DMA_GetFlagStatus                                 CMakeFiles/SJFV2_0_bl.elf.dir/__/__/__/__/lib/main/STM32F4/Drivers/STM32F4xx_StdPeriph_Driver/src/stm32f4xx_dma.c.obj (symbol from plugin)
DMA_GetITStatus                                   CMakeFiles/SJFV2_0_bl.elf.dir/__/__/__/__/lib/main/STM32F4/Drivers/STM32F4xx_StdPeriph_Driver/src/stm32f4xx_dma.c.obj (symbol from plugin)
DMA_ITConfig                                      CMakeFiles/SJFV2_0_bl.elf.dir/__/__/__/__/lib/main/STM32F4/Drivers/STM32F4xx_StdPeriph_Driver/src/stm32f4xx_dma.c.obj (symbol from plugin)
                                                  CMakeFiles/SJFV2_0_bl.elf.dir/__/__/drivers/timer_impl_stdperiph.c.obj (symbol from plugin)
DMA_Init                                          CMakeFiles/SJFV2_0_bl.elf.dir/__/__/__/__/lib/main/STM32F4/Drivers/STM32F4xx_StdPeriph_Driver/src/stm32f4xx_dma.c.obj (symbol from plugin)
                                                  CMakeFiles/SJFV2_0_bl.elf.dir/__/__/drivers/timer_impl_stdperiph.c.obj (symbol from plugin)
                                                  CMakeFiles/SJFV2_0_bl.elf.dir/__/__/drivers/adc_stm32f4xx.c.obj (symbol from plugin)
DMA_MemoryTargetConfig                            CMakeFiles/SJFV2_0_bl.elf.dir/__/__/__/__/lib/main/STM32F4/Drivers/STM32F4xx_StdPeriph_Driver/src/stm32f4xx_dma.c.obj (symbol from plugin)